Archive member included to satisfy reference by file (symbol)

/usr/lib/gcc/arm-none-eabi/10.3.1/../../../arm-none-eabi/lib/thumb/v7e-m+fp/hard/libc_nano.a(lib_a-aeabi_memclr.o)
                              ./Core/Src/main.o (__aeabi_memclr4)
/usr/lib/gcc/arm-none-eabi/10.3.1/../../../arm-none-eabi/lib/thumb/v7e-m+fp/hard/libc_nano.a(lib_a-aeabi_memset-soft.o)
                              /usr/lib/gcc/arm-none-eabi/10.3.1/../../../arm-none-eabi/lib/thumb/v7e-m+fp/hard/libc_nano.a(lib_a-aeabi_memclr.o) (__aeabi_memset)
/usr/lib/gcc/arm-none-eabi/10.3.1/../../../arm-none-eabi/lib/thumb/v7e-m+fp/hard/libc_nano.a(lib_a-atexit.o)
                              /usr/lib/gcc/arm-none-eabi/10.3.1/../../../arm-none-eabi/lib/thumb/v7e-m+fp/hard/crt0.o (atexit)
/usr/lib/gcc/arm-none-eabi/10.3.1/../../../arm-none-eabi/lib/thumb/v7e-m+fp/hard/libc_nano.a(lib_a-errno.o)
                              ./Core/Src/syscalls.o (__errno)
/usr/lib/gcc/arm-none-eabi/10.3.1/../../../arm-none-eabi/lib/thumb/v7e-m+fp/hard/libc_nano.a(lib_a-exit.o)
                              /usr/lib/gcc/arm-none-eabi/10.3.1/../../../arm-none-eabi/lib/thumb/v7e-m+fp/hard/crt0.o (exit)
/usr/lib/gcc/arm-none-eabi/10.3.1/../../../arm-none-eabi/lib/thumb/v7e-m+fp/hard/libc_nano.a(lib_a-findfp.o)
                              ./Middlewares/Third_Party/FreeRTOS/Source/tasks.o (__sf_fake_stderr)
/usr/lib/gcc/arm-none-eabi/10.3.1/../../../arm-none-eabi/lib/thumb/v7e-m+fp/hard/libc_nano.a(lib_a-fini.o)
                              /usr/lib/gcc/arm-none-eabi/10.3.1/../../../arm-none-eabi/lib/thumb/v7e-m+fp/hard/crt0.o (__libc_fini_array)
/usr/lib/gcc/arm-none-eabi/10.3.1/../../../arm-none-eabi/lib/thumb/v7e-m+fp/hard/libc_nano.a(lib_a-fwalk.o)
                              /usr/lib/gcc/arm-none-eabi/10.3.1/../../../arm-none-eabi/lib/thumb/v7e-m+fp/hard/libc_nano.a(lib_a-findfp.o) (_fwalk)
/usr/lib/gcc/arm-none-eabi/10.3.1/../../../arm-none-eabi/lib/thumb/v7e-m+fp/hard/libc_nano.a(lib_a-impure.o)
                              /usr/lib/gcc/arm-none-eabi/10.3.1/../../../arm-none-eabi/lib/thumb/v7e-m+fp/hard/libc_nano.a(lib_a-exit.o) (_global_impure_ptr)
/usr/lib/gcc/arm-none-eabi/10.3.1/../../../arm-none-eabi/lib/thumb/v7e-m+fp/hard/libc_nano.a(lib_a-init.o)
                              /usr/lib/gcc/arm-none-eabi/10.3.1/../../../arm-none-eabi/lib/thumb/v7e-m+fp/hard/crt0.o (__libc_init_array)
/usr/lib/gcc/arm-none-eabi/10.3.1/../../../arm-none-eabi/lib/thumb/v7e-m+fp/hard/libc_nano.a(lib_a-malloc.o)
                              ./Middlewares/ST/STM32_USB_Host_Library/Class/CDC/Src/usbh_cdc.o (malloc)
/usr/lib/gcc/arm-none-eabi/10.3.1/../../../arm-none-eabi/lib/thumb/v7e-m+fp/hard/libc_nano.a(lib_a-memcpy.o)
                              ./Middlewares/Third_Party/FreeRTOS/Source/CMSIS_RTOS_V2/cmsis_os2.o (memcpy)
/usr/lib/gcc/arm-none-eabi/10.3.1/../../../arm-none-eabi/lib/thumb/v7e-m+fp/hard/libc_nano.a(lib_a-memset.o)
                              /usr/lib/gcc/arm-none-eabi/10.3.1/../../../arm-none-eabi/lib/thumb/v7e-m+fp/hard/crt0.o (memset)
/usr/lib/gcc/arm-none-eabi/10.3.1/../../../arm-none-eabi/lib/thumb/v7e-m+fp/hard/libc_nano.a(lib_a-nano-freer.o)
                              /usr/lib/gcc/arm-none-eabi/10.3.1/../../../arm-none-eabi/lib/thumb/v7e-m+fp/hard/libc_nano.a(lib_a-malloc.o) (_free_r)
/usr/lib/gcc/arm-none-eabi/10.3.1/../../../arm-none-eabi/lib/thumb/v7e-m+fp/hard/libc_nano.a(lib_a-nano-mallocr.o)
                              /usr/lib/gcc/arm-none-eabi/10.3.1/../../../arm-none-eabi/lib/thumb/v7e-m+fp/hard/libc_nano.a(lib_a-findfp.o) (_malloc_r)
/usr/lib/gcc/arm-none-eabi/10.3.1/../../../arm-none-eabi/lib/thumb/v7e-m+fp/hard/libc_nano.a(lib_a-printf.o)
                              ./Core/Src/main.o (printf)
/usr/lib/gcc/arm-none-eabi/10.3.1/../../../arm-none-eabi/lib/thumb/v7e-m+fp/hard/libc_nano.a(lib_a-reent.o)
                              ./Middlewares/Third_Party/FreeRTOS/Source/tasks.o (_reclaim_reent)
/usr/lib/gcc/arm-none-eabi/10.3.1/../../../arm-none-eabi/lib/thumb/v7e-m+fp/hard/libc_nano.a(lib_a-sbrkr.o)
                              /usr/lib/gcc/arm-none-eabi/10.3.1/../../../arm-none-eabi/lib/thumb/v7e-m+fp/hard/libc_nano.a(lib_a-nano-mallocr.o) (_sbrk_r)
/usr/lib/gcc/arm-none-eabi/10.3.1/../../../arm-none-eabi/lib/thumb/v7e-m+fp/hard/libc_nano.a(lib_a-stdio.o)
                              /usr/lib/gcc/arm-none-eabi/10.3.1/../../../arm-none-eabi/lib/thumb/v7e-m+fp/hard/libc_nano.a(lib_a-findfp.o) (__sread)
/usr/lib/gcc/arm-none-eabi/10.3.1/../../../arm-none-eabi/lib/thumb/v7e-m+fp/hard/libc_nano.a(lib_a-writer.o)
                              /usr/lib/gcc/arm-none-eabi/10.3.1/../../../arm-none-eabi/lib/thumb/v7e-m+fp/hard/libc_nano.a(lib_a-stdio.o) (_write_r)
/usr/lib/gcc/arm-none-eabi/10.3.1/../../../arm-none-eabi/lib/thumb/v7e-m+fp/hard/libc_nano.a(lib_a-__atexit.o)
                              /usr/lib/gcc/arm-none-eabi/10.3.1/../../../arm-none-eabi/lib/thumb/v7e-m+fp/hard/libc_nano.a(lib_a-atexit.o) (__register_exitproc)
[...]
Memory Configuration

Name             Origin             Length             Attributes
CCMRAM           0x0000000010000000 0x0000000000010000 xrw
RAM              0x0000000020000000 0x0000000000020000 xrw
FLASH            0x0000000008000000 0x0000000000100000 xr
*default*        0x0000000000000000 0xffffffffffffffff

Linker script and memory map

LOAD /usr/lib/gcc/arm-none-eabi/10.3.1/thumb/v7e-m+fp/hard/crti.o
LOAD /usr/lib/gcc/arm-none-eabi/10.3.1/thumb/v7e-m+fp/hard/crtbegin.o
LOAD /usr/lib/gcc/arm-none-eabi/10.3.1/../../../arm-none-eabi/lib/thumb/v7e-m+fp/hard/crt0.o
LOAD ./Core/Src/cfi.o
LOAD ./Core/Src/freertos.o
LOAD ./Core/Src/main.o
LOAD ./Core/Src/stm32f4xx_hal_msp.o
LOAD ./Core/Src/stm32f4xx_hal_timebase_tim.o
LOAD ./Core/Src/stm32f4xx_it.o
LOAD ./Core/Src/syscalls.o
LOAD ./Core/Src/sysmem.o
LOAD ./Core/Src/system_stm32f4xx.o
LOAD ./Core/Startup/startup_stm32f407vgtx.o
LOAD ./Drivers/STM32F4xx_HAL_Driver/Src/stm32f4xx_hal.o
LOAD ./Drivers/STM32F4xx_HAL_Driver/Src/stm32f4xx_hal_cortex.o
LOAD ./Drivers/STM32F4xx_HAL_Driver/Src/stm32f4xx_hal_dma.o
LOAD ./Drivers/STM32F4xx_HAL_Driver/Src/stm32f4xx_hal_dma_ex.o
LOAD ./Drivers/STM32F4xx_HAL_Driver/Src/stm32f4xx_hal_exti.o
LOAD ./Drivers/STM32F4xx_HAL_Driver/Src/stm32f4xx_hal_flash.o
LOAD ./Drivers/STM32F4xx_HAL_Driver/Src/stm32f4xx_hal_flash_ex.o
LOAD ./Drivers/STM32F4xx_HAL_Driver/Src/stm32f4xx_hal_flash_ramfunc.o
LOAD ./Drivers/STM32F4xx_HAL_Driver/Src/stm32f4xx_hal_gpio.o
LOAD ./Drivers/STM32F4xx_HAL_Driver/Src/stm32f4xx_hal_hcd.o
LOAD ./Drivers/STM32F4xx_HAL_Driver/Src/stm32f4xx_hal_i2c.o
LOAD ./Drivers/STM32F4xx_HAL_Driver/Src/stm32f4xx_hal_i2c_ex.o
LOAD ./Drivers/STM32F4xx_HAL_Driver/Src/stm32f4xx_hal_i2s.o
LOAD ./Drivers/STM32F4xx_HAL_Driver/Src/stm32f4xx_hal_i2s_ex.o
LOAD ./Drivers/STM32F4xx_HAL_Driver/Src/stm32f4xx_hal_pwr.o
LOAD ./Drivers/STM32F4xx_HAL_Driver/Src/stm32f4xx_hal_pwr_ex.o
LOAD ./Drivers/STM32F4xx_HAL_Driver/Src/stm32f4xx_hal_rcc.o
LOAD ./Drivers/STM32F4xx_HAL_Driver/Src/stm32f4xx_hal_rcc_ex.o
LOAD ./Drivers/STM32F4xx_HAL_Driver/Src/stm32f4xx_hal_spi.o
LOAD ./Drivers/STM32F4xx_HAL_Driver/Src/stm32f4xx_hal_tim.o
LOAD ./Drivers/STM32F4xx_HAL_Driver/Src/stm32f4xx_hal_tim_ex.o
LOAD ./Drivers/STM32F4xx_HAL_Driver/Src/stm32f4xx_hal_uart.o
LOAD ./Drivers/STM32F4xx_HAL_Driver/Src/stm32f4xx_ll_usb.o
LOAD ./Middlewares/ST/STM32_USB_Host_Library/Class/CDC/Src/usbh_cdc.o
LOAD ./Middlewares/ST/STM32_USB_Host_Library/Core/Src/usbh_core.o
LOAD ./Middlewares/ST/STM32_USB_Host_Library/Core/Src/usbh_ctlreq.o
LOAD ./Middlewares/ST/STM32_USB_Host_Library/Core/Src/usbh_ioreq.o
LOAD ./Middlewares/ST/STM32_USB_Host_Library/Core/Src/usbh_pipes.o
LOAD ./Middlewares/Third_Party/FreeRTOS/Source/CMSIS_RTOS_V2/cmsis_os2.o
LOAD ./Middlewares/Third_Party/FreeRTOS/Source/croutine.o
LOAD ./Middlewares/Third_Party/FreeRTOS/Source/event_groups.o
LOAD ./Middlewares/Third_Party/FreeRTOS/Source/list.o
LOAD ./Middlewares/Third_Party/FreeRTOS/Source/queue.o
LOAD ./Middlewares/Third_Party/FreeRTOS/Source/stream_buffer.o
LOAD ./Middlewares/Third_Party/FreeRTOS/Source/tasks.o
LOAD ./Middlewares/Third_Party/FreeRTOS/Source/timers.o
LOAD ./Middlewares/Third_Party/FreeRTOS/Source/portable/GCC/ARM_CM4F/port.o
LOAD ./Middlewares/Third_Party/FreeRTOS/Source/portable/MemMang/heap_4.o
LOAD ./USB_HOST/App/usb_host.o
LOAD ./USB_HOST/Target/usbh_conf.o
LOAD ./USB_HOST/Target/usbh_platform.o
START GROUP
LOAD /usr/lib/gcc/arm-none-eabi/10.3.1/../../../arm-none-eabi/lib/thumb/v7e-m+fp/hard/libc_nano.a
LOAD /usr/lib/gcc/arm-none-eabi/10.3.1/../../../arm-none-eabi/lib/thumb/v7e-m+fp/hard/libm.a
END GROUP
START GROUP
LOAD /usr/lib/gcc/arm-none-eabi/10.3.1/thumb/v7e-m+fp/hard/libgcc.a
LOAD /usr/lib/gcc/arm-none-eabi/10.3.1/../../../arm-none-eabi/lib/thumb/v7e-m+fp/hard/libc_nano.a
END GROUP
START GROUP
LOAD /usr/lib/gcc/arm-none-eabi/10.3.1/thumb/v7e-m+fp/hard/libgcc.a
LOAD /usr/lib/gcc/arm-none-eabi/10.3.1/../../../arm-none-eabi/lib/thumb/v7e-m+fp/hard/libc_nano.a
LOAD /usr/lib/gcc/arm-none-eabi/10.3.1/../../../arm-none-eabi/lib/thumb/v7e-m+fp/hard/libnosys.a
END GROUP
START GROUP
LOAD /usr/lib/gcc/arm-none-eabi/10.3.1/thumb/v7e-m+fp/hard/libgcc.a
LOAD /usr/lib/gcc/arm-none-eabi/10.3.1/../../../arm-none-eabi/lib/thumb/v7e-m+fp/hard/libc_nano.a
LOAD /usr/lib/gcc/arm-none-eabi/10.3.1/../../../arm-none-eabi/lib/thumb/v7e-m+fp/hard/libnosys.a
END GROUP
LOAD /usr/lib/gcc/arm-none-eabi/10.3.1/thumb/v7e-m+fp/hard/crtend.o
LOAD /usr/lib/gcc/arm-none-eabi/10.3.1/thumb/v7e-m+fp/hard/crtn.o
                0x0000000020020000                _estack = (ORIGIN (RAM) + LENGTH (RAM))
                0x0000000000004000                _Min_Heap_Size = 0x4000
                0x0000000000000400                _Min_Stack_Size = 0x400

.isr_vector     0x0000000008000000      0x188
                0x0000000008000000                . = ALIGN (0x4)
 *(.isr_vector)
 .isr_vector    0x0000000008000000      0x188 ./Core/Startup/startup_stm32f407vgtx.o
                0x0000000008000000                g_pfnVectors
                0x0000000008000188                . = ALIGN (0x4)

.text           0x0000000008000190     0xb584
                0x0000000008000190                . = ALIGN (0x4)
 *(.text)
 .text          0x0000000008000190       0x88 /usr/lib/gcc/arm-none-eabi/10.3.1/thumb/v7e-m+fp/hard/crtbegin.o
 .text          0x0000000008000218      0x120 ./Core/Src/cfi.o
                0x0000000008000218                forward
                0x0000000008000248                backward
                0x0000000008000298                getidx
 .text          0x0000000008000338      0x680 ./Core/Src/main.o
                0x0000000008000338                __io_putchar
                0x0000000008000358                main
                0x00000000080003f4                SystemClock_Config
                0x00000000080007c8                StartTask02
                0x0000000008000808                StartTask01
                0x0000000008000850                Error_Handler
                0x0000000008000858                c
                0x00000000080008a8                b
                0x00000000080008f8                a
                0x000000000800093c                HAL_TIM_PeriodElapsedCallback
                0x0000000008000960                MasterForward
                0x0000000008000992                MasterBackward
 .text          0x00000000080009b8      0x420 ./Core/Src/stm32f4xx_hal_msp.o
                0x00000000080009b8                HAL_MspInit
                0x0000000008000a14                HAL_I2C_MspInit
                0x0000000008000aa8                HAL_I2C_MspDeInit
                0x0000000008000af4                HAL_I2S_MspInit
                0x0000000008000bf4                HAL_I2S_MspDeInit
                0x0000000008000c40                HAL_SPI_MspInit
                0x0000000008000cd0                HAL_SPI_MspDeInit
                0x0000000008000d0c                HAL_UART_MspInit
                0x0000000008000d9c                HAL_UART_MspDeInit
 .text          0x0000000008000dd8      0x110 ./Core/Src/stm32f4xx_hal_timebase_tim.o
                0x0000000008000dd8                HAL_InitTick
                0x0000000008000ec0                HAL_SuspendTick
                0x0000000008000ed4                HAL_ResumeTick
 .text          0x0000000008000ee8       0x40 ./Core/Src/stm32f4xx_it.o
                0x0000000008000ee8                NMI_Handler
                0x0000000008000eec                HardFault_Handler
                0x0000000008000ef0                MemManage_Handler
                0x0000000008000ef4                BusFault_Handler
                0x0000000008000ef8                UsageFault_Handler
                0x0000000008000efc                DebugMon_Handler
                0x0000000008000f00                TIM6_DAC_IRQHandler
                0x0000000008000f14                OTG_FS_IRQHandler
 .text          0x0000000008000f28      0x194 ./Core/Src/syscalls.o
                0x0000000008000f28                initialise_monitor_handles
                0x0000000008000f2c                _getpid
                0x0000000008000f30                _kill
                0x0000000008000f4c                _exit
                0x0000000008000f64                _read
                0x0000000008000f9c                _write
                0x0000000008000fd4                _close
                0x0000000008000fe0                _fstat
                0x0000000008000ff4                _isatty
                0x0000000008001000                _lseek
                0x0000000008001010                _open
                0x0000000008001020                _wait
                0x0000000008001038                _unlink
                0x0000000008001050                _times
                0x000000000800105c                _stat
                0x0000000008001070                _link
                0x000000000800108c                _fork
                0x00000000080010a0                _execve
 .text          0x00000000080010bc       0x88 ./Core/Src/sysmem.o
                0x00000000080010bc                _sbrk
 .text          0x0000000008001144      0x140 ./Core/Src/system_stm32f4xx.o
                0x0000000008001144                SystemInit
                0x0000000008001158                SystemCoreClockUpdate
 .text          0x0000000008001284        0x8 /usr/lib/gcc/arm-none-eabi/10.3.1/../../../arm-none-eabi/lib/thumb/v7e-m+fp/hard/libc_nano.a(lib_a-aeabi_memclr.o)
                0x0000000008001284                __aeabi_memclr8
                0x0000000008001284                __aeabi_memclr
                0x0000000008001284                __aeabi_memclr4
 .text          0x000000000800128c       0x9a /usr/lib/gcc/arm-none-eabi/10.3.1/../../../arm-none-eabi/lib/thumb/v7e-m+fp/hard/libc_nano.a(lib_a-aeabi_memset-soft.o)
                0x000000000800128c                __aeabi_memset
                0x000000000800128c                __aeabi_memset8
                0x000000000800128c                __aeabi_memset4
 *fill*         0x0000000008001326        0x2 
 .text          0x0000000008001328        0xc /usr/lib/gcc/arm-none-eabi/10.3.1/../../../arm-none-eabi/lib/thumb/v7e-m+fp/hard/libc_nano.a(lib_a-errno.o)
                0x0000000008001328                __errno
 .text          0x0000000008001334      0x238 /usr/lib/gcc/arm-none-eabi/10.3.1/../../../arm-none-eabi/lib/thumb/v7e-m+fp/hard/libc_nano.a(lib_a-findfp.o)
                0x0000000008001338                _cleanup_r
                0x0000000008001348                __sfmoreglue
                0x0000000008001378                __sfp
                0x0000000008001518                _cleanup
                0x000000000800152c                __sinit
                0x0000000008001534                __sfp_lock_acquire
                0x0000000008001538                __sfp_lock_release
                0x000000000800153c                __sinit_lock_acquire
                0x0000000008001540                __sinit_lock_release
                0x0000000008001544                __fp_lock_all
                0x0000000008001558                __fp_unlock_all
 .text          0x000000000800156c       0x88 /usr/lib/gcc/arm-none-eabi/10.3.1/../../../arm-none-eabi/lib/thumb/v7e-m+fp/hard/libc_nano.a(lib_a-fwalk.o)
                0x000000000800156c                _fwalk
                0x00000000080015ac                _fwalk_reent
 .text          0x00000000080015f4       0x48 /usr/lib/gcc/arm-none-eabi/10.3.1/../../../arm-none-eabi/lib/thumb/v7e-m+fp/hard/libc_nano.a(lib_a-init.o)
                0x00000000080015f4                __libc_init_array
 .text          0x000000000800163c      0x134 /usr/lib/gcc/arm-none-eabi/10.3.1/../../../arm-none-eabi/lib/thumb/v7e-m+fp/hard/libc_nano.a(lib_a-memcpy.o)
                0x000000000800163c                memcpy
 .text          0x0000000008001770       0xa4 /usr/lib/gcc/arm-none-eabi/10.3.1/../../../arm-none-eabi/lib/thumb/v7e-m+fp/hard/libc_nano.a(lib_a-memset.o)
                0x0000000008001770                memset
 .text          0x0000000008001814       0xc4 /usr/lib/gcc/arm-none-eabi/10.3.1/../../../arm-none-eabi/lib/thumb/v7e-m+fp/hard/libc_nano.a(lib_a-nano-freer.o)
                0x0000000008001814                _free_r
 .text          0x00000000080018d8       0xb4 /usr/lib/gcc/arm-none-eabi/10.3.1/../../../arm-none-eabi/lib/thumb/v7e-m+fp/hard/libc_nano.a(lib_a-nano-mallocr.o)
                0x00000000080018d8                _malloc_r
 .text          0x000000000800198c       0x60 /usr/lib/gcc/arm-none-eabi/10.3.1/../../../arm-none-eabi/lib/thumb/v7e-m+fp/hard/libc_nano.a(lib_a-printf.o)
                0x000000000800198c                _printf_r
                0x000000000800198c                _iprintf_r
                0x00000000080019b8                printf
                0x00000000080019b8                iprintf
 .text          0x00000000080019ec      0x114 /usr/lib/gcc/arm-none-eabi/10.3.1/../../../arm-none-eabi/lib/thumb/v7e-m+fp/hard/libc_nano.a(lib_a-reent.o)
                0x00000000080019ec                cleanup_glue
                0x0000000008001a34                _reclaim_reent
 .text          0x0000000008001b00       0x24 /usr/lib/gcc/arm-none-eabi/10.3.1/../../../arm-none-eabi/lib/thumb/v7e-m+fp/hard/libc_nano.a(lib_a-sbrkr.o)
                0x0000000008001b00                _sbrk_r
 .text          0x0000000008001b24       0x90 /usr/lib/gcc/arm-none-eabi/10.3.1/../../../arm-none-eabi/lib/thumb/v7e-m+fp/hard/libc_nano.a(lib_a-stdio.o)
                0x0000000008001b24                __sread
                0x0000000008001b48                __seofread
                0x0000000008001b4c                __swrite
                0x0000000008001b8c                __sseek
                0x0000000008001bac                __sclose
 .text          0x0000000008001bb4       0x2c /usr/lib/gcc/arm-none-eabi/10.3.1/../../../arm-none-eabi/lib/thumb/v7e-m+fp/hard/libc_nano.a(lib_a-writer.o)
                0x0000000008001bb4                _write_r
 .text          0x0000000008001be0       0x24 /usr/lib/gcc/arm-none-eabi/10.3.1/../../../arm-none-eabi/lib/thumb/v7e-m+fp/hard/libc_nano.a(lib_a-closer.o)
                0x0000000008001be0                _close_r
 .text          0x0000000008001c04      0x1e8 /usr/lib/gcc/arm-none-eabi/10.3.1/../../../arm-none-eabi/lib/thumb/v7e-m+fp/hard/libc_nano.a(lib_a-fflush.o)
                0x0000000008001c04                __sflush_r
                0x0000000008001d18                _fflush_r
                0x0000000008001d6c                fflush
 .text          0x0000000008001dec       0x2c /usr/lib/gcc/arm-none-eabi/10.3.1/../../../arm-none-eabi/lib/thumb/v7e-m+fp/hard/libc_nano.a(lib_a-lseekr.o)
                0x0000000008001dec                _lseek_r
 .text          0x0000000008001e18        0x8 /usr/lib/gcc/arm-none-eabi/10.3.1/../../../arm-none-eabi/lib/thumb/v7e-m+fp/hard/libc_nano.a(lib_a-mlock.o)
                0x0000000008001e18                __malloc_lock
                0x0000000008001e1c                __malloc_unlock
 .text          0x0000000008001e20      0x328 /usr/lib/gcc/arm-none-eabi/10.3.1/../../../arm-none-eabi/lib/thumb/v7e-m+fp/hard/libc_nano.a(lib_a-nano-vfprintf.o)
                0x0000000008001e5c                __sfputs_r
                0x0000000008001e8c                __sprint_r
                0x0000000008001ea8                _vfiprintf_r
                0x0000000008001ea8                _vfprintf_r
                0x000000000800212c                vfiprintf
                0x000000000800212c                vfprintf
 .text          0x0000000008002148      0x3dc /usr/lib/gcc/arm-none-eabi/10.3.1/../../../arm-none-eabi/lib/thumb/v7e-m+fp/hard/libc_nano.a(lib_a-nano-vfprintf_i.o)
                0x0000000008002148                _printf_common
                0x0000000008002274                _printf_i
 .text          0x0000000008002524       0x2c /usr/lib/gcc/arm-none-eabi/10.3.1/../../../arm-none-eabi/lib/thumb/v7e-m+fp/hard/libc_nano.a(lib_a-readr.o)
                0x0000000008002524                _read_r
 .text          0x0000000008002550       0xc8 /usr/lib/gcc/arm-none-eabi/10.3.1/../../../arm-none-eabi/lib/thumb/v7e-m+fp/hard/libc_nano.a(lib_a-wbuf.o)
                0x0000000008002550                __swbuf_r
                0x0000000008002600                __swbuf
 .text          0x0000000008002618      0x104 /usr/lib/gcc/arm-none-eabi/10.3.1/../../../arm-none-eabi/lib/thumb/v7e-m+fp/hard/libc_nano.a(lib_a-wsetup.o)
                0x0000000008002618                __swsetup_r
 .text          0x000000000800271c      0x2f0 /usr/lib/gcc/arm-none-eabi/10.3.1/../../../arm-none-eabi/lib/thumb/v7e-m+fp/hard/libc_nano.a(lib_a-fvwrite.o)
                0x000000000800271c                __sfvwrite_r
 .text          0x0000000008002a0c      0x11c /usr/lib/gcc/arm-none-eabi/10.3.1/../../../arm-none-eabi/lib/thumb/v7e-m+fp/hard/libc_nano.a(lib_a-makebuf.o)
                0x0000000008002a0c                __smakebuf_r
                0x0000000008002acc                __swhatbuf_r
 *fill*         0x0000000008002b28        0x8 
 .text          0x0000000008002b30       0xa0 /usr/lib/gcc/arm-none-eabi/10.3.1/../../../arm-none-eabi/lib/thumb/v7e-m+fp/hard/libc_nano.a(lib_a-memchr.o)
                0x0000000008002b30                memchr
 .text          0x0000000008002bd0       0xf8 /usr/lib/gcc/arm-none-eabi/10.3.1/../../../arm-none-eabi/lib/thumb/v7e-m+fp/hard/libc_nano.a(lib_a-memmove.o)
                0x0000000008002bd0                memmove
 .text          0x0000000008002cc8       0x50 /usr/lib/gcc/arm-none-eabi/10.3.1/../../../arm-none-eabi/lib/thumb/v7e-m+fp/hard/libc_nano.a(lib_a-nano-reallocr.o)
                0x0000000008002cc8                _realloc_r
 .text          0x0000000008002d18       0x2c /usr/lib/gcc/arm-none-eabi/10.3.1/../../../arm-none-eabi/lib/thumb/v7e-m+fp/hard/libc_nano.a(lib_a-fstatr.o)
                0x0000000008002d18                _fstat_r
 .text          0x0000000008002d44       0x24 /usr/lib/gcc/arm-none-eabi/10.3.1/../../../arm-none-eabi/lib/thumb/v7e-m+fp/hard/libc_nano.a(lib_a-isattyr.o)
                0x0000000008002d44                _isatty_r
 .text          0x0000000008002d68       0x14 /usr/lib/gcc/arm-none-eabi/10.3.1/../../../arm-none-eabi/lib/thumb/v7e-m+fp/hard/libc_nano.a(lib_a-nano-msizer.o)
                0x0000000008002d68                _malloc_usable_size_r
 .text          0x0000000008002d7c       0x30 /usr/lib/gcc/arm-none-eabi/10.3.1/thumb/v7e-m+fp/hard/libgcc.a(_aeabi_uldivmod.o)
                0x0000000008002d7c                __aeabi_uldivmod
 .text          0x0000000008002dac      0x2d0 /usr/lib/gcc/arm-none-eabi/10.3.1/thumb/v7e-m+fp/hard/libgcc.a(_udivmoddi4.o)
                0x0000000008002dac                __udivmoddi4
 .text          0x000000000800307c      0x9d8 /usr/lib/gcc/arm-none-eabi/10.3.1/thumb/v7e-m+fp/hard/libgcc.a(unwind-arm.o)
                0x0000000008003324                _Unwind_GetCFA
                0x0000000008003328                __gnu_Unwind_RaiseException
                0x0000000008003390                __gnu_Unwind_ForcedUnwind
                0x00000000080033a0                __gnu_Unwind_Resume
                0x00000000080033e4                __gnu_Unwind_Resume_or_Rethrow
                0x00000000080033f4                _Unwind_Complete
                0x00000000080033f8                _Unwind_DeleteException
                0x0000000008003404                _Unwind_VRS_Get
                0x0000000008003450                _Unwind_VRS_Set
                0x0000000008003498                __gnu_Unwind_Backtrace
                0x00000000080037c4                __aeabi_unwind_cpp_pr0
                0x00000000080037c8                __aeabi_unwind_cpp_pr1
                0x00000000080037cc                __aeabi_unwind_cpp_pr2
                0x00000000080037d0                _Unwind_VRS_Pop
 .text          0x0000000008003a54      0x1ac /usr/lib/gcc/arm-none-eabi/10.3.1/thumb/v7e-m+fp/hard/libgcc.a(libunwind.o)
                0x0000000008003a54                __restore_core_regs
                0x0000000008003a54                restore_core_regs
                0x0000000008003a6c                __gnu_Unwind_Restore_VFP
                0x0000000008003a74                __gnu_Unwind_Save_VFP
                0x0000000008003a7c                __gnu_Unwind_Restore_VFP_D
                0x0000000008003a84                __gnu_Unwind_Save_VFP_D
                0x0000000008003a8c                __gnu_Unwind_Restore_VFP_D_16_to_31
                0x0000000008003a94                __gnu_Unwind_Save_VFP_D_16_to_31
                0x0000000008003a9c                __gnu_Unwind_Restore_WMMXD
                0x0000000008003ae0                __gnu_Unwind_Save_WMMXD
                0x0000000008003b24                __gnu_Unwind_Restore_WMMXC
                0x0000000008003b38                __gnu_Unwind_Save_WMMXC
                0x0000000008003b4c                ___Unwind_RaiseException
                0x0000000008003b4c                _Unwind_RaiseException
                0x0000000008003b70                ___Unwind_Resume
                0x0000000008003b70                _Unwind_Resume
                0x0000000008003b94                _Unwind_Resume_or_Rethrow
                0x0000000008003b94                ___Unwind_Resume_or_Rethrow
                0x0000000008003bb8                ___Unwind_ForcedUnwind
                0x0000000008003bb8                _Unwind_ForcedUnwind
                0x0000000008003bdc                _Unwind_Backtrace
                0x0000000008003bdc                ___Unwind_Backtrace
 .text          0x0000000008003c00      0x350 /usr/lib/gcc/arm-none-eabi/10.3.1/thumb/v7e-m+fp/hard/libgcc.a(pr-support.o)
                0x0000000008003c58                __gnu_unwind_execute
                0x0000000008003f04                __gnu_unwind_frame
                0x0000000008003f30                _Unwind_GetRegionStart
                0x0000000008003f3c                _Unwind_GetLanguageSpecificData
 .text          0x0000000008003f50        0x4 /usr/lib/gcc/arm-none-eabi/10.3.1/thumb/v7e-m+fp/hard/libgcc.a(_dvmd_tls.o)
                0x0000000008003f50                __aeabi_ldiv0
                0x0000000008003f50                __aeabi_idiv0
 .text          0x0000000008003f54       0x10 /usr/lib/gcc/arm-none-eabi/10.3.1/../../../arm-none-eabi/lib/thumb/v7e-m+fp/hard/libc_nano.a(lib_a-abort.o)
                0x0000000008003f54                abort
 .text          0x0000000008003f64      0x268 /usr/lib/gcc/arm-none-eabi/10.3.1/../../../arm-none-eabi/lib/thumb/v7e-m+fp/hard/libc_nano.a(lib_a-signal.o)
                0x0000000008003f64                _init_signal_r
                0x0000000008003f90                _signal_r
                0x0000000008003fd8                _raise_r
                0x000000000800402c                __sigtramp_r
                0x000000000800408c                raise
                0x00000000080040e4                signal
                0x0000000008004134                _init_signal
                0x0000000008004168                __sigtramp
 .text          0x00000000080041cc       0x30 /usr/lib/gcc/arm-none-eabi/10.3.1/../../../arm-none-eabi/lib/thumb/v7e-m+fp/hard/libc_nano.a(lib_a-signalr.o)
                0x00000000080041cc                _kill_r
                0x00000000080041f8                _getpid_r
 *(.text*)
 .text.Reset_Handler
                0x00000000080041fc       0x50 ./Core/Startup/startup_stm32f407vgtx.o
                0x00000000080041fc                Reset_Handler
 .text.Default_Handler
                0x000000000800424c        0x2 ./Core/Startup/startup_stm32f407vgtx.o
                0x000000000800424c                RTC_Alarm_IRQHandler
                0x000000000800424c                HASH_RNG_IRQHandler
                0x000000000800424c                EXTI2_IRQHandler
                0x000000000800424c                TIM8_CC_IRQHandler
                0x000000000800424c                TIM1_CC_IRQHandler
                0x000000000800424c                DMA2_Stream5_IRQHandler
                0x000000000800424c                DMA1_Stream5_IRQHandler
                0x000000000800424c                PVD_IRQHandler
                0x000000000800424c                SDIO_IRQHandler
                0x000000000800424c                TAMP_STAMP_IRQHandler
                0x000000000800424c                CAN2_RX1_IRQHandler
                0x000000000800424c                EXTI3_IRQHandler
                0x000000000800424c                TIM8_TRG_COM_TIM14_IRQHandler
                0x000000000800424c                TIM1_UP_TIM10_IRQHandler
                0x000000000800424c                TIM8_UP_TIM13_IRQHandler
                0x000000000800424c                I2C3_ER_IRQHandler
                0x000000000800424c                EXTI0_IRQHandler
                0x000000000800424c                I2C2_EV_IRQHandler
                0x000000000800424c                DMA1_Stream2_IRQHandler
                0x000000000800424c                CAN1_RX0_IRQHandler
                0x000000000800424c                FPU_IRQHandler
                0x000000000800424c                OTG_HS_WKUP_IRQHandler
                0x000000000800424c                CAN2_SCE_IRQHandler
                0x000000000800424c                DMA2_Stream2_IRQHandler
                0x000000000800424c                SPI1_IRQHandler
                0x000000000800424c                TIM1_BRK_TIM9_IRQHandler
                0x000000000800424c                DCMI_IRQHandler
                0x000000000800424c                CAN2_RX0_IRQHandler
                0x000000000800424c                DMA2_Stream3_IRQHandler
                0x000000000800424c                USART6_IRQHandler
                0x000000000800424c                USART3_IRQHandler
                0x000000000800424c                CAN1_RX1_IRQHandler
                0x000000000800424c                UART5_IRQHandler
                0x000000000800424c                DMA2_Stream0_IRQHandler
                0x000000000800424c                TIM4_IRQHandler
                0x000000000800424c                I2C1_EV_IRQHandler
                0x000000000800424c                DMA1_Stream6_IRQHandler
                0x000000000800424c                DMA1_Stream1_IRQHandler
                0x000000000800424c                UART4_IRQHandler
                0x000000000800424c                TIM3_IRQHandler
                0x000000000800424c                RCC_IRQHandler
                0x000000000800424c                TIM8_BRK_TIM12_IRQHandler
                0x000000000800424c                Default_Handler
                0x000000000800424c                EXTI15_10_IRQHandler
                0x000000000800424c                ADC_IRQHandler
                0x000000000800424c                DMA1_Stream7_IRQHandler
                0x000000000800424c                TIM7_IRQHandler
                0x000000000800424c                CAN2_TX_IRQHandler
                0x000000000800424c                TIM5_IRQHandler
                0x000000000800424c                DMA2_Stream7_IRQHandler
                0x000000000800424c                I2C3_EV_IRQHandler
                0x000000000800424c                EXTI9_5_IRQHandler
                0x000000000800424c                RTC_WKUP_IRQHandler
                0x000000000800424c                ETH_WKUP_IRQHandler
                0x000000000800424c                SPI2_IRQHandler
                0x000000000800424c                OTG_HS_EP1_IN_IRQHandler
                0x000000000800424c                DMA1_Stream0_IRQHandler
                0x000000000800424c                CAN1_TX_IRQHandler
                0x000000000800424c                EXTI4_IRQHandler
                0x000000000800424c                FSMC_IRQHandler
                0x000000000800424c                ETH_IRQHandler
                0x000000000800424c                OTG_HS_EP1_OUT_IRQHandler
                0x000000000800424c                WWDG_IRQHandler
                0x000000000800424c                TIM2_IRQHandler
                0x000000000800424c                OTG_FS_WKUP_IRQHandler
                0x000000000800424c                TIM1_TRG_COM_TIM11_IRQHandler
                0x000000000800424c                OTG_HS_IRQHandler
                0x000000000800424c                EXTI1_IRQHandler
                0x000000000800424c                USART2_IRQHandler
                0x000000000800424c                I2C2_ER_IRQHandler
                0x000000000800424c                DMA2_Stream1_IRQHandler
                0x000000000800424c                CAN1_SCE_IRQHandler
                0x000000000800424c                FLASH_IRQHandler
                0x000000000800424c                DMA2_Stream4_IRQHandler
                0x000000000800424c                USART1_IRQHandler
                0x000000000800424c                SPI3_IRQHandler
                0x000000000800424c                DMA1_Stream4_IRQHandler
                0x000000000800424c                I2C1_ER_IRQHandler
                0x000000000800424c                DMA2_Stream6_IRQHandler
                0x000000000800424c                DMA1_Stream3_IRQHandler
 *fill*         0x000000000800424e        0x2 
 .text.HAL_Init
                0x0000000008004250       0x44 ./Drivers/STM32F4xx_HAL_Driver/Src/stm32f4xx_hal.o
                0x0000000008004250                HAL_Init
 .text.HAL_IncTick
                0x0000000008004294       0x28 ./Drivers/STM32F4xx_HAL_Driver/Src/stm32f4xx_hal.o
                0x0000000008004294                HAL_IncTick
 .text.HAL_GetTick
                0x00000000080042bc       0x18 ./Drivers/STM32F4xx_HAL_Driver/Src/stm32f4xx_hal.o
                0x00000000080042bc                HAL_GetTick
 .text.__NVIC_SetPriorityGrouping
                0x00000000080042d4       0x48 ./Drivers/STM32F4xx_HAL_Driver/Src/stm32f4xx_hal_cortex.o
 .text.__NVIC_GetPriorityGrouping
                0x000000000800431c       0x1c ./Drivers/STM32F4xx_HAL_Driver/Src/stm32f4xx_hal_cortex.o
 .text.__NVIC_EnableIRQ
                0x0000000008004338       0x3c ./Drivers/STM32F4xx_HAL_Driver/Src/stm32f4xx_hal_cortex.o
 .text.__NVIC_SetPriority
                0x0000000008004374       0x54 ./Drivers/STM32F4xx_HAL_Driver/Src/stm32f4xx_hal_cortex.o
 .text.NVIC_EncodePriority
                0x00000000080043c8       0x66 ./Drivers/STM32F4xx_HAL_Driver/Src/stm32f4xx_hal_cortex.o
 .text.HAL_NVIC_SetPriorityGrouping
                0x000000000800442e       0x16 ./Drivers/STM32F4xx_HAL_Driver/Src/stm32f4xx_hal_cortex.o
                0x000000000800442e                HAL_NVIC_SetPriorityGrouping
 .text.HAL_NVIC_SetPriority
                0x0000000008004444       0x38 ./Drivers/STM32F4xx_HAL_Driver/Src/stm32f4xx_hal_cortex.o
                0x0000000008004444                HAL_NVIC_SetPriority
 .text.HAL_NVIC_EnableIRQ
                0x000000000800447c       0x1c ./Drivers/STM32F4xx_HAL_Driver/Src/stm32f4xx_hal_cortex.o
                0x000000000800447c                HAL_NVIC_EnableIRQ
 .text.HAL_GPIO_Init
                0x0000000008004498      0x338 ./Drivers/STM32F4xx_HAL_Driver/Src/stm32f4xx_hal_gpio.o
                0x0000000008004498                HAL_GPIO_Init
 .text.HAL_GPIO_DeInit
                0x00000000080047d0      0x1f8 ./Drivers/STM32F4xx_HAL_Driver/Src/stm32f4xx_hal_gpio.o
                0x00000000080047d0                HAL_GPIO_DeInit
 .text.HAL_GPIO_WritePin
                0x00000000080049c8       0x32 ./Drivers/STM32F4xx_HAL_Driver/Src/stm32f4xx_hal_gpio.o
                0x00000000080049c8                HAL_GPIO_WritePin
 .text.HAL_HCD_IRQHandler
                0x00000000080049fa      0x216 ./Drivers/STM32F4xx_HAL_Driver/Src/stm32f4xx_hal_hcd.o
                0x00000000080049fa                HAL_HCD_IRQHandler
 .text.HAL_HCD_Stop
                0x0000000008004c10       0x3a ./Drivers/STM32F4xx_HAL_Driver/Src/stm32f4xx_hal_hcd.o
                0x0000000008004c10                HAL_HCD_Stop
 .text.HCD_HC_IN_IRQHandler
                0x0000000008004c4a      0x6aa ./Drivers/STM32F4xx_HAL_Driver/Src/stm32f4xx_hal_hcd.o
 .text.HCD_HC_OUT_IRQHandler
                0x00000000080052f4      0x6d2 ./Drivers/STM32F4xx_HAL_Driver/Src/stm32f4xx_hal_hcd.o
 .text.HCD_RXQLVL_IRQHandler
                0x00000000080059c6      0x1a4 ./Drivers/STM32F4xx_HAL_Driver/Src/stm32f4xx_hal_hcd.o
 .text.HCD_Port_IRQHandler
                0x0000000008005b6a       0xe6 ./Drivers/STM32F4xx_HAL_Driver/Src/stm32f4xx_hal_hcd.o
 .text.HAL_I2C_Init
                0x0000000008005c50      0x288 ./Drivers/STM32F4xx_HAL_Driver/Src/stm32f4xx_hal_i2c.o
                0x0000000008005c50                HAL_I2C_Init
 .text.HAL_I2S_Init
                0x0000000008005ed8      0x280 ./Drivers/STM32F4xx_HAL_Driver/Src/stm32f4xx_hal_i2s.o
                0x0000000008005ed8                HAL_I2S_Init
 .text.HAL_I2S_TxCpltCallback
                0x0000000008006158       0x14 ./Drivers/STM32F4xx_HAL_Driver/Src/stm32f4xx_hal_i2s.o
                0x0000000008006158                HAL_I2S_TxCpltCallback
 .text.HAL_I2S_RxCpltCallback
                0x000000000800616c       0x14 ./Drivers/STM32F4xx_HAL_Driver/Src/stm32f4xx_hal_i2s.o
                0x000000000800616c                HAL_I2S_RxCpltCallback
 .text.HAL_I2S_ErrorCallback
                0x0000000008006180       0x14 ./Drivers/STM32F4xx_HAL_Driver/Src/stm32f4xx_hal_i2s.o
                0x0000000008006180                HAL_I2S_ErrorCallback
 .text.I2S_Transmit_IT
                0x0000000008006194       0x5c ./Drivers/STM32F4xx_HAL_Driver/Src/stm32f4xx_hal_i2s.o
 .text.I2S_Receive_IT
                0x00000000080061f0       0x5e ./Drivers/STM32F4xx_HAL_Driver/Src/stm32f4xx_hal_i2s.o
 .text.I2S_IRQHandler
                0x000000000800624e      0x114 ./Drivers/STM32F4xx_HAL_Driver/Src/stm32f4xx_hal_i2s.o
 *fill*         0x0000000008006362        0x2 
 .text.HAL_I2SEx_FullDuplex_IRQHandler
                0x0000000008006364      0x2a8 ./Drivers/STM32F4xx_HAL_Driver/Src/stm32f4xx_hal_i2s_ex.o
                0x0000000008006364                HAL_I2SEx_FullDuplex_IRQHandler
 .text.HAL_I2SEx_TxRxCpltCallback
                0x000000000800660c       0x14 ./Drivers/STM32F4xx_HAL_Driver/Src/stm32f4xx_hal_i2s_ex.o
                0x000000000800660c                HAL_I2SEx_TxRxCpltCallback
 .text.I2SEx_TxISR_I2S
                0x0000000008006620       0x62 ./Drivers/STM32F4xx_HAL_Driver/Src/stm32f4xx_hal_i2s_ex.o
 *fill*         0x0000000008006682        0x2 
 .text.I2SEx_TxISR_I2SExt
                0x0000000008006684       0x98 ./Drivers/STM32F4xx_HAL_Driver/Src/stm32f4xx_hal_i2s_ex.o
 .text.I2SEx_RxISR_I2S
                0x000000000800671c       0x64 ./Drivers/STM32F4xx_HAL_Driver/Src/stm32f4xx_hal_i2s_ex.o
 .text.I2SEx_RxISR_I2SExt
                0x0000000008006780       0x98 ./Drivers/STM32F4xx_HAL_Driver/Src/stm32f4xx_hal_i2s_ex.o
 .text.HAL_RCC_OscConfig
                0x0000000008006818      0x4f0 ./Drivers/STM32F4xx_HAL_Driver/Src/stm32f4xx_hal_rcc.o
                0x0000000008006818                HAL_RCC_OscConfig
 .text.HAL_RCC_ClockConfig
                0x0000000008006d08      0x1cc ./Drivers/STM32F4xx_HAL_Driver/Src/stm32f4xx_hal_rcc.o
                0x0000000008006d08                HAL_RCC_ClockConfig
 .text.HAL_RCC_GetSysClockFreq
                0x0000000008006ed4      0x20c ./Drivers/STM32F4xx_HAL_Driver/Src/stm32f4xx_hal_rcc.o
                0x0000000008006ed4                HAL_RCC_GetSysClockFreq
 .text.HAL_RCC_GetHCLKFreq
                0x00000000080070e0       0x18 ./Drivers/STM32F4xx_HAL_Driver/Src/stm32f4xx_hal_rcc.o
                0x00000000080070e0                HAL_RCC_GetHCLKFreq
 .text.HAL_RCC_GetPCLK1Freq
                0x00000000080070f8       0x28 ./Drivers/STM32F4xx_HAL_Driver/Src/stm32f4xx_hal_rcc.o
                0x00000000080070f8                HAL_RCC_GetPCLK1Freq
 .text.HAL_RCC_GetPCLK2Freq
                0x0000000008007120       0x28 ./Drivers/STM32F4xx_HAL_Driver/Src/stm32f4xx_hal_rcc.o
                0x0000000008007120                HAL_RCC_GetPCLK2Freq
 .text.HAL_RCC_GetClockConfig
                0x0000000008007148       0x64 ./Drivers/STM32F4xx_HAL_Driver/Src/stm32f4xx_hal_rcc.o
                0x0000000008007148                HAL_RCC_GetClockConfig
 .text.HAL_RCCEx_PeriphCLKConfig
                0x00000000080071ac      0x1c4 ./Drivers/STM32F4xx_HAL_Driver/Src/stm32f4xx_hal_rcc_ex.o
                0x00000000080071ac                HAL_RCCEx_PeriphCLKConfig
 .text.HAL_RCCEx_GetPeriphCLKFreq
                0x0000000008007370       0xbc ./Drivers/STM32F4xx_HAL_Driver/Src/stm32f4xx_hal_rcc_ex.o
                0x0000000008007370                HAL_RCCEx_GetPeriphCLKFreq
 .text.HAL_SPI_Init
                0x000000000800742c      0x112 ./Drivers/STM32F4xx_HAL_Driver/Src/stm32f4xx_hal_spi.o
                0x000000000800742c                HAL_SPI_Init
 .text.HAL_TIM_Base_Init
                0x000000000800753e       0x9e ./Drivers/STM32F4xx_HAL_Driver/Src/stm32f4xx_hal_tim.o
                0x000000000800753e                HAL_TIM_Base_Init
 .text.HAL_TIM_Base_MspInit
                0x00000000080075dc       0x14 ./Drivers/STM32F4xx_HAL_Driver/Src/stm32f4xx_hal_tim.o
                0x00000000080075dc                HAL_TIM_Base_MspInit
 .text.HAL_TIM_Base_Start_IT
                0x00000000080075f0       0xe0 ./Drivers/STM32F4xx_HAL_Driver/Src/stm32f4xx_hal_tim.o
                0x00000000080075f0                HAL_TIM_Base_Start_IT
 .text.HAL_TIM_IRQHandler
                0x00000000080076d0      0x210 ./Drivers/STM32F4xx_HAL_Driver/Src/stm32f4xx_hal_tim.o
                0x00000000080076d0                HAL_TIM_IRQHandler
 .text.HAL_TIM_OC_DelayElapsedCallback
                0x00000000080078e0       0x14 ./Drivers/STM32F4xx_HAL_Driver/Src/stm32f4xx_hal_tim.o
                0x00000000080078e0                HAL_TIM_OC_DelayElapsedCallback
 .text.HAL_TIM_IC_CaptureCallback
                0x00000000080078f4       0x14 ./Drivers/STM32F4xx_HAL_Driver/Src/stm32f4xx_hal_tim.o
                0x00000000080078f4                HAL_TIM_IC_CaptureCallback
 .text.HAL_TIM_PWM_PulseFinishedCallback
                0x0000000008007908       0x14 ./Drivers/STM32F4xx_HAL_Driver/Src/stm32f4xx_hal_tim.o
                0x0000000008007908                HAL_TIM_PWM_PulseFinishedCallback
 .text.HAL_TIM_TriggerCallback
                0x000000000800791c       0x14 ./Drivers/STM32F4xx_HAL_Driver/Src/stm32f4xx_hal_tim.o
                0x000000000800791c                HAL_TIM_TriggerCallback
 .text.TIM_Base_SetConfig
                0x0000000008007930      0x140 ./Drivers/STM32F4xx_HAL_Driver/Src/stm32f4xx_hal_tim.o
                0x0000000008007930                TIM_Base_SetConfig
 .text.HAL_TIMEx_CommutCallback
                0x0000000008007a70       0x14 ./Drivers/STM32F4xx_HAL_Driver/Src/stm32f4xx_hal_tim_ex.o
                0x0000000008007a70                HAL_TIMEx_CommutCallback
 .text.HAL_TIMEx_BreakCallback
                0x0000000008007a84       0x14 ./Drivers/STM32F4xx_HAL_Driver/Src/stm32f4xx_hal_tim_ex.o
                0x0000000008007a84                HAL_TIMEx_BreakCallback
 .text.HAL_UART_Init
                0x0000000008007a98       0x9a ./Drivers/STM32F4xx_HAL_Driver/Src/stm32f4xx_hal_uart.o
                0x0000000008007a98                HAL_UART_Init
 .text.HAL_UART_Transmit
                0x0000000008007b32      0x124 ./Drivers/STM32F4xx_HAL_Driver/Src/stm32f4xx_hal_uart.o
                0x0000000008007b32                HAL_UART_Transmit
 .text.UART_WaitOnFlagUntilTimeout
                0x0000000008007c56       0xdc ./Drivers/STM32F4xx_HAL_Driver/Src/stm32f4xx_hal_uart.o
 *fill*         0x0000000008007d32        0x2 
 .text.UART_SetConfig
                0x0000000008007d34      0x4e8 ./Drivers/STM32F4xx_HAL_Driver/Src/stm32f4xx_hal_uart.o
 .text.USB_EnableGlobalInt
                0x000000000800821c       0x22 ./Drivers/STM32F4xx_HAL_Driver/Src/stm32f4xx_ll_usb.o
                0x000000000800821c                USB_EnableGlobalInt
 .text.USB_DisableGlobalInt
                0x000000000800823e       0x22 ./Drivers/STM32F4xx_HAL_Driver/Src/stm32f4xx_ll_usb.o
                0x000000000800823e                USB_DisableGlobalInt
 .text.USB_FlushTxFifo
                0x0000000008008260       0x68 ./Drivers/STM32F4xx_HAL_Driver/Src/stm32f4xx_ll_usb.o
                0x0000000008008260                USB_FlushTxFifo
 .text.USB_FlushRxFifo
                0x00000000080082c8       0x60 ./Drivers/STM32F4xx_HAL_Driver/Src/stm32f4xx_ll_usb.o
                0x00000000080082c8                USB_FlushRxFifo
 .text.USB_ReadPacket
                0x0000000008008328       0xb0 ./Drivers/STM32F4xx_HAL_Driver/Src/stm32f4xx_ll_usb.o
                0x0000000008008328                USB_ReadPacket
 .text.USB_ReadInterrupts
                0x00000000080083d8       0x26 ./Drivers/STM32F4xx_HAL_Driver/Src/stm32f4xx_ll_usb.o
                0x00000000080083d8                USB_ReadInterrupts
 .text.USB_GetMode
                0x00000000080083fe       0x1c ./Drivers/STM32F4xx_HAL_Driver/Src/stm32f4xx_ll_usb.o
                0x00000000080083fe                USB_GetMode
 .text.USB_InitFSLSPClkSel
                0x000000000800841a       0x74 ./Drivers/STM32F4xx_HAL_Driver/Src/stm32f4xx_ll_usb.o
                0x000000000800841a                USB_InitFSLSPClkSel
 .text.USB_HC_ReadInterrupt
                0x000000000800848e       0x22 ./Drivers/STM32F4xx_HAL_Driver/Src/stm32f4xx_ll_usb.o
                0x000000000800848e                USB_HC_ReadInterrupt
 .text.USB_HC_Halt
                0x00000000080084b0      0x1f8 ./Drivers/STM32F4xx_HAL_Driver/Src/stm32f4xx_ll_usb.o
                0x00000000080084b0                USB_HC_Halt
 .text.USB_StopHost
                0x00000000080086a8      0x124 ./Drivers/STM32F4xx_HAL_Driver/Src/stm32f4xx_ll_usb.o
                0x00000000080086a8                USB_StopHost
 .text.USBH_LL_IncTimer
                0x00000000080087cc       0x24 ./Middlewares/ST/STM32_USB_Host_Library/Core/Src/usbh_core.o
                0x00000000080087cc                USBH_LL_IncTimer
 .text.USBH_HandleSof
                0x00000000080087f0       0x30 ./Middlewares/ST/STM32_USB_Host_Library/Core/Src/usbh_core.o
 .text.USBH_LL_PortEnabled
                0x0000000008008820       0x34 ./Middlewares/ST/STM32_USB_Host_Library/Core/Src/usbh_core.o
                0x0000000008008820                USBH_LL_PortEnabled
 .text.USBH_LL_PortDisabled
                0x0000000008008854       0x1c ./Middlewares/ST/STM32_USB_Host_Library/Core/Src/usbh_core.o
                0x0000000008008854                USBH_LL_PortDisabled
 .text.USBH_LL_Connect
                0x0000000008008870       0x46 ./Middlewares/ST/STM32_USB_Host_Library/Core/Src/usbh_core.o
                0x0000000008008870                USBH_LL_Connect
 .text.USBH_LL_Disconnect
                0x00000000080088b6       0x64 ./Middlewares/ST/STM32_USB_Host_Library/Core/Src/usbh_core.o
                0x00000000080088b6                USBH_LL_Disconnect
 .text.USBH_LL_NotifyURBChange
                0x000000000800891a       0x2e ./Middlewares/ST/STM32_USB_Host_Library/Core/Src/usbh_core.o
                0x000000000800891a                USBH_LL_NotifyURBChange
 .text.USBH_FreePipe
                0x0000000008008948       0x3c ./Middlewares/ST/STM32_USB_Host_Library/Core/Src/usbh_pipes.o
                0x0000000008008948                USBH_FreePipe
 .text.__NVIC_SetPriority
                0x0000000008008984       0x54 ./Middlewares/Third_Party/FreeRTOS/Source/CMSIS_RTOS_V2/cmsis_os2.o
 .text.SysTick_Handler
                0x00000000080089d8       0x20 ./Middlewares/Third_Party/FreeRTOS/Source/CMSIS_RTOS_V2/cmsis_os2.o
                0x00000000080089d8                SysTick_Handler
 .text.SVC_Setup
                0x00000000080089f8       0x12 ./Middlewares/Third_Party/FreeRTOS/Source/CMSIS_RTOS_V2/cmsis_os2.o
 *fill*         0x0000000008008a0a        0x2 
 .text.osKernelInitialize
                0x0000000008008a0c       0x48 ./Middlewares/Third_Party/FreeRTOS/Source/CMSIS_RTOS_V2/cmsis_os2.o
                0x0000000008008a0c                osKernelInitialize
 .text.osKernelStart
                0x0000000008008a54       0x4c ./Middlewares/Third_Party/FreeRTOS/Source/CMSIS_RTOS_V2/cmsis_os2.o
                0x0000000008008a54                osKernelStart
 .text.osThreadNew
                0x0000000008008aa0      0x124 ./Middlewares/Third_Party/FreeRTOS/Source/CMSIS_RTOS_V2/cmsis_os2.o
                0x0000000008008aa0                osThreadNew
 .text.osDelay  0x0000000008008bc4       0x36 ./Middlewares/Third_Party/FreeRTOS/Source/CMSIS_RTOS_V2/cmsis_os2.o
                0x0000000008008bc4                osDelay
 *fill*         0x0000000008008bfa        0x2 
 .text.osMessageQueuePut
                0x0000000008008bfc       0xc0 ./Middlewares/Third_Party/FreeRTOS/Source/CMSIS_RTOS_V2/cmsis_os2.o
                0x0000000008008bfc                osMessageQueuePut
 .text.vApplicationGetIdleTaskMemory
                0x0000000008008cbc       0x34 ./Middlewares/Third_Party/FreeRTOS/Source/CMSIS_RTOS_V2/cmsis_os2.o
                0x0000000008008cbc                vApplicationGetIdleTaskMemory
 .text.vApplicationGetTimerTaskMemory
                0x0000000008008cf0       0x34 ./Middlewares/Third_Party/FreeRTOS/Source/CMSIS_RTOS_V2/cmsis_os2.o
                0x0000000008008cf0                vApplicationGetTimerTaskMemory
 .text.vListInitialise
                0x0000000008008d24       0x40 ./Middlewares/Third_Party/FreeRTOS/Source/list.o
                0x0000000008008d24                vListInitialise
 .text.vListInitialiseItem
                0x0000000008008d64       0x1a ./Middlewares/Third_Party/FreeRTOS/Source/list.o
                0x0000000008008d64                vListInitialiseItem
 .text.vListInsertEnd
                0x0000000008008d7e       0x48 ./Middlewares/Third_Party/FreeRTOS/Source/list.o
                0x0000000008008d7e                vListInsertEnd
 .text.vListInsert
                0x0000000008008dc6       0x72 ./Middlewares/Third_Party/FreeRTOS/Source/list.o
                0x0000000008008dc6                vListInsert
 .text.uxListRemove
                0x0000000008008e38       0x54 ./Middlewares/Third_Party/FreeRTOS/Source/list.o
                0x0000000008008e38                uxListRemove
 .text.xQueueGenericReset
                0x0000000008008e8c       0xd0 ./Middlewares/Third_Party/FreeRTOS/Source/queue.o
                0x0000000008008e8c                xQueueGenericReset
 .text.xQueueGenericCreateStatic
                0x0000000008008f5c       0xf0 ./Middlewares/Third_Party/FreeRTOS/Source/queue.o
                0x0000000008008f5c                xQueueGenericCreateStatic
 .text.prvInitialiseNewQueue
                0x000000000800904c       0x46 ./Middlewares/Third_Party/FreeRTOS/Source/queue.o
 *fill*         0x0000000008009092        0x2 
 .text.xQueueGenericSend
                0x0000000008009094      0x1fc ./Middlewares/Third_Party/FreeRTOS/Source/queue.o
                0x0000000008009094                xQueueGenericSend
 .text.xQueueGenericSendFromISR
                0x0000000008009290      0x136 ./Middlewares/Third_Party/FreeRTOS/Source/queue.o
                0x0000000008009290                xQueueGenericSendFromISR
 *fill*         0x00000000080093c6        0x2 
 .text.xQueueReceive
                0x00000000080093c8      0x1c0 ./Middlewares/Third_Party/FreeRTOS/Source/queue.o
                0x00000000080093c8                xQueueReceive
 .text.prvCopyDataToQueue
                0x0000000008009588       0xd4 ./Middlewares/Third_Party/FreeRTOS/Source/queue.o
 .text.prvCopyDataFromQueue
                0x000000000800965c       0x4c ./Middlewares/Third_Party/FreeRTOS/Source/queue.o
 .text.prvUnlockQueue
                0x00000000080096a8       0xa4 ./Middlewares/Third_Party/FreeRTOS/Source/queue.o
 .text.prvIsQueueEmpty
                0x000000000800974c       0x2c ./Middlewares/Third_Party/FreeRTOS/Source/queue.o
 .text.prvIsQueueFull
                0x0000000008009778       0x30 ./Middlewares/Third_Party/FreeRTOS/Source/queue.o
 .text.vQueueAddToRegistry
                0x00000000080097a8       0x54 ./Middlewares/Third_Party/FreeRTOS/Source/queue.o
                0x00000000080097a8                vQueueAddToRegistry
 .text.vQueueWaitForMessageRestricted
                0x00000000080097fc       0x68 ./Middlewares/Third_Party/FreeRTOS/Source/queue.o
                0x00000000080097fc                vQueueWaitForMessageRestricted
 .text.xTaskCreateStatic
                0x0000000008009864       0xba ./Middlewares/Third_Party/FreeRTOS/Source/tasks.o
                0x0000000008009864                xTaskCreateStatic
 .text.xTaskCreate
                0x000000000800991e       0x8a ./Middlewares/Third_Party/FreeRTOS/Source/tasks.o
                0x000000000800991e                xTaskCreate
 .text.prvInitialiseNewTask
                0x00000000080099a8      0x14c ./Middlewares/Third_Party/FreeRTOS/Source/tasks.o
 .text.prvAddNewTaskToReadyList
                0x0000000008009af4       0xe0 ./Middlewares/Third_Party/FreeRTOS/Source/tasks.o
 .text.vTaskDelay
                0x0000000008009bd4       0x68 ./Middlewares/Third_Party/FreeRTOS/Source/tasks.o
                0x0000000008009bd4                vTaskDelay
 .text.vTaskStartScheduler
                0x0000000008009c3c       0xe0 ./Middlewares/Third_Party/FreeRTOS/Source/tasks.o
                0x0000000008009c3c                vTaskStartScheduler
 .text.vTaskSuspendAll
                0x0000000008009d1c       0x1c ./Middlewares/Third_Party/FreeRTOS/Source/tasks.o
                0x0000000008009d1c                vTaskSuspendAll
 .text.xTaskResumeAll
                0x0000000008009d38      0x13c ./Middlewares/Third_Party/FreeRTOS/Source/tasks.o
                0x0000000008009d38                xTaskResumeAll
 .text.xTaskGetTickCount
                0x0000000008009e74       0x20 ./Middlewares/Third_Party/FreeRTOS/Source/tasks.o
                0x0000000008009e74                xTaskGetTickCount
 .text.xTaskIncrementTick
                0x0000000008009e94      0x174 ./Middlewares/Third_Party/FreeRTOS/Source/tasks.o
                0x0000000008009e94                xTaskIncrementTick
 .text.vTaskSwitchContext
                0x000000000800a008       0xc8 ./Middlewares/Third_Party/FreeRTOS/Source/tasks.o
                0x000000000800a008                vTaskSwitchContext
 .text.vTaskPlaceOnEventList
                0x000000000800a0d0       0x48 ./Middlewares/Third_Party/FreeRTOS/Source/tasks.o
                0x000000000800a0d0                vTaskPlaceOnEventList
 .text.vTaskPlaceOnEventListRestricted
                0x000000000800a118       0x58 ./Middlewares/Third_Party/FreeRTOS/Source/tasks.o
                0x000000000800a118                vTaskPlaceOnEventListRestricted
 .text.xTaskRemoveFromEventList
                0x000000000800a170       0xc8 ./Middlewares/Third_Party/FreeRTOS/Source/tasks.o
                0x000000000800a170                xTaskRemoveFromEventList
 .text.vTaskInternalSetTimeOutState
                0x000000000800a238       0x2c ./Middlewares/Third_Party/FreeRTOS/Source/tasks.o
                0x000000000800a238                vTaskInternalSetTimeOutState
 .text.xTaskCheckForTimeOut
                0x000000000800a264       0xc4 ./Middlewares/Third_Party/FreeRTOS/Source/tasks.o
                0x000000000800a264                xTaskCheckForTimeOut
 .text.vTaskMissedYield
                0x000000000800a328       0x18 ./Middlewares/Third_Party/FreeRTOS/Source/tasks.o
                0x000000000800a328                vTaskMissedYield
 .text.prvIdleTask
                0x000000000800a340       0x30 ./Middlewares/Third_Party/FreeRTOS/Source/tasks.o
 .text.prvInitialiseTaskLists
                0x000000000800a370       0x80 ./Middlewares/Third_Party/FreeRTOS/Source/tasks.o
 .text.prvCheckTasksWaitingTermination
                0x000000000800a3f0       0x5c ./Middlewares/Third_Party/FreeRTOS/Source/tasks.o
 .text.prvDeleteTCB
                0x000000000800a44c       0x68 ./Middlewares/Third_Party/FreeRTOS/Source/tasks.o
 .text.prvResetNextTaskUnblockTime
                0x000000000800a4b4       0x40 ./Middlewares/Third_Party/FreeRTOS/Source/tasks.o
 .text.xTaskGetSchedulerState
                0x000000000800a4f4       0x3c ./Middlewares/Third_Party/FreeRTOS/Source/tasks.o
                0x000000000800a4f4                xTaskGetSchedulerState
 .text.xTaskPriorityDisinherit
                0x000000000800a530       0xdc ./Middlewares/Third_Party/FreeRTOS/Source/tasks.o
                0x000000000800a530                xTaskPriorityDisinherit
 .text.prvAddCurrentTaskToDelayedList
                0x000000000800a60c       0xa8 ./Middlewares/Third_Party/FreeRTOS/Source/tasks.o
 .text.xTimerCreateTimerTask
                0x000000000800a6b4       0x90 ./Middlewares/Third_Party/FreeRTOS/Source/timers.o
                0x000000000800a6b4                xTimerCreateTimerTask
 .text.xTimerGenericCommand
                0x000000000800a744       0x9c ./Middlewares/Third_Party/FreeRTOS/Source/timers.o
                0x000000000800a744                xTimerGenericCommand
 .text.prvProcessExpiredTimer
                0x000000000800a7e0       0x98 ./Middlewares/Third_Party/FreeRTOS/Source/timers.o
 .text.prvTimerTask
                0x000000000800a878       0x24 ./Middlewares/Third_Party/FreeRTOS/Source/timers.o
 .text.prvProcessTimerOrBlockTask
                0x000000000800a89c       0x9c ./Middlewares/Third_Party/FreeRTOS/Source/timers.o
 .text.prvGetNextExpireTime
                0x000000000800a938       0x48 ./Middlewares/Third_Party/FreeRTOS/Source/timers.o
 .text.prvSampleTimeNow
                0x000000000800a980       0x40 ./Middlewares/Third_Party/FreeRTOS/Source/timers.o
 .text.prvInsertTimerInActiveList
                0x000000000800a9c0       0x84 ./Middlewares/Third_Party/FreeRTOS/Source/timers.o
 .text.prvProcessReceivedCommands
                0x000000000800aa44      0x1c4 ./Middlewares/Third_Party/FreeRTOS/Source/timers.o
 .text.prvSwitchTimerLists
                0x000000000800ac08       0xc8 ./Middlewares/Third_Party/FreeRTOS/Source/timers.o
 .text.prvCheckForValidListAndQueue
                0x000000000800acd0       0x80 ./Middlewares/Third_Party/FreeRTOS/Source/timers.o
 .text.pxPortInitialiseStack
                0x000000000800ad50       0x68 ./Middlewares/Third_Party/FreeRTOS/Source/portable/GCC/ARM_CM4F/port.o
                0x000000000800ad50                pxPortInitialiseStack
 .text.prvTaskExitError
                0x000000000800adb8       0x58 ./Middlewares/Third_Party/FreeRTOS/Source/portable/GCC/ARM_CM4F/port.o
 .text.SVC_Handler
                0x000000000800ae10       0x28 ./Middlewares/Third_Party/FreeRTOS/Source/portable/GCC/ARM_CM4F/port.o
                0x000000000800ae10                SVC_Handler
 .text.prvPortStartFirstTask
                0x000000000800ae38       0x28 ./Middlewares/Third_Party/FreeRTOS/Source/portable/GCC/ARM_CM4F/port.o
 .text.xPortStartScheduler
                0x000000000800ae60      0x144 ./Middlewares/Third_Party/FreeRTOS/Source/portable/GCC/ARM_CM4F/port.o
                0x000000000800ae60                xPortStartScheduler
 .text.vPortEnterCritical
                0x000000000800afa4       0x60 ./Middlewares/Third_Party/FreeRTOS/Source/portable/GCC/ARM_CM4F/port.o
                0x000000000800afa4                vPortEnterCritical
 .text.vPortExitCritical
                0x000000000800b004       0x54 ./Middlewares/Third_Party/FreeRTOS/Source/portable/GCC/ARM_CM4F/port.o
                0x000000000800b004                vPortExitCritical
 *fill*         0x000000000800b058        0x8 
 .text.PendSV_Handler
                0x000000000800b060       0x68 ./Middlewares/Third_Party/FreeRTOS/Source/portable/GCC/ARM_CM4F/port.o
                0x000000000800b060                PendSV_Handler
 .text.xPortSysTickHandler
                0x000000000800b0c8       0x44 ./Middlewares/Third_Party/FreeRTOS/Source/portable/GCC/ARM_CM4F/port.o
                0x000000000800b0c8                xPortSysTickHandler
 .text.vPortSetupTimerInterrupt
                0x000000000800b10c       0x48 ./Middlewares/Third_Party/FreeRTOS/Source/portable/GCC/ARM_CM4F/port.o
                0x000000000800b10c                vPortSetupTimerInterrupt
 .text.vPortEnableVFP
                0x000000000800b154       0x14 ./Middlewares/Third_Party/FreeRTOS/Source/portable/GCC/ARM_CM4F/port.o
 .text.vPortValidateInterruptPriority
                0x000000000800b168       0x80 ./Middlewares/Third_Party/FreeRTOS/Source/portable/GCC/ARM_CM4F/port.o
                0x000000000800b168                vPortValidateInterruptPriority
 .text.pvPortMalloc
                0x000000000800b1e8      0x198 ./Middlewares/Third_Party/FreeRTOS/Source/portable/MemMang/heap_4.o
                0x000000000800b1e8                pvPortMalloc
 .text.vPortFree
                0x000000000800b380       0xc4 ./Middlewares/Third_Party/FreeRTOS/Source/portable/MemMang/heap_4.o
                0x000000000800b380                vPortFree
 .text.prvHeapInit
                0x000000000800b444       0xc4 ./Middlewares/Third_Party/FreeRTOS/Source/portable/MemMang/heap_4.o
 .text.prvInsertBlockIntoFreeList
                0x000000000800b508       0xb4 ./Middlewares/Third_Party/FreeRTOS/Source/portable/MemMang/heap_4.o
 .text.HAL_HCD_SOF_Callback
                0x000000000800b5bc       0x1c ./USB_HOST/Target/usbh_conf.o
                0x000000000800b5bc                HAL_HCD_SOF_Callback
 .text.HAL_HCD_Connect_Callback
                0x000000000800b5d8       0x1c ./USB_HOST/Target/usbh_conf.o
                0x000000000800b5d8                HAL_HCD_Connect_Callback
 .text.HAL_HCD_Disconnect_Callback
                0x000000000800b5f4       0x1c ./USB_HOST/Target/usbh_conf.o
                0x000000000800b5f4                HAL_HCD_Disconnect_Callback
 .text.HAL_HCD_HC_NotifyURBChange_Callback
                0x000000000800b610       0x24 ./USB_HOST/Target/usbh_conf.o
                0x000000000800b610                HAL_HCD_HC_NotifyURBChange_Callback
 .text.HAL_HCD_PortEnabled_Callback
                0x000000000800b634       0x1c ./USB_HOST/Target/usbh_conf.o
                0x000000000800b634                HAL_HCD_PortEnabled_Callback
 .text.HAL_HCD_PortDisabled_Callback
                0x000000000800b650       0x1c ./USB_HOST/Target/usbh_conf.o
                0x000000000800b650                HAL_HCD_PortDisabled_Callback
 .text.USBH_LL_Stop
                0x000000000800b66c       0x36 ./USB_HOST/Target/usbh_conf.o
                0x000000000800b66c                USBH_LL_Stop
 *fill*         0x000000000800b6a2        0x2 
 .text.USBH_Get_USB_Status
                0x000000000800b6a4       0x58 ./USB_HOST/Target/usbh_conf.o
                0x000000000800b6a4                USBH_Get_USB_Status
 *(.glue_7)
 .glue_7        0x000000000800b6fc        0x0 linker stubs
 *(.glue_7t)
 .glue_7t       0x000000000800b6fc        0x0 linker stubs
 *(.eh_frame)
 .eh_frame      0x000000000800b6fc        0x0 /usr/lib/gcc/arm-none-eabi/10.3.1/thumb/v7e-m+fp/hard/crtbegin.o
 *(.init)
 .init          0x000000000800b6fc        0x4 /usr/lib/gcc/arm-none-eabi/10.3.1/thumb/v7e-m+fp/hard/crti.o
                0x000000000800b6fc                _init
 .init          0x000000000800b700        0x8 /usr/lib/gcc/arm-none-eabi/10.3.1/thumb/v7e-m+fp/hard/crtn.o
 *(.fini)
 .fini          0x000000000800b708        0x4 /usr/lib/gcc/arm-none-eabi/10.3.1/thumb/v7e-m+fp/hard/crti.o
                0x000000000800b708                _fini
 .fini          0x000000000800b70c        0x8 /usr/lib/gcc/arm-none-eabi/10.3.1/thumb/v7e-m+fp/hard/crtn.o
                0x000000000800b714                . = ALIGN (0x4)
                0x000000000800b714                _etext = .

.vfp11_veneer   0x000000000800b714        0x0
 .vfp11_veneer  0x000000000800b714        0x0 linker stubs

.v4_bx          0x000000000800b714        0x0
 .v4_bx         0x000000000800b714        0x0 linker stubs

.iplt           0x000000000800b714        0x0
 .iplt          0x000000000800b714        0x0 /usr/lib/gcc/arm-none-eabi/10.3.1/thumb/v7e-m+fp/hard/crtbegin.o

.rodata         0x000000000800b714      0x14c
                0x000000000800b714                . = ALIGN (0x4)
 *(.rodata)
 .rodata        0x000000000800b714       0x48 ./Core/Src/main.o
                0x000000000800b714                myTask01_attributes
                0x000000000800b738                myTask02_attributes
 .rodata        0x000000000800b75c       0x18 ./Core/Src/system_stm32f4xx.o
                0x000000000800b75c                AHBPrescTable
                0x000000000800b76c                APBPrescTable
 .rodata        0x000000000800b774        0x5 ./Middlewares/Third_Party/FreeRTOS/Source/tasks.o
 *fill*         0x000000000800b779        0x3 
 .rodata        0x000000000800b77c        0xd ./Middlewares/Third_Party/FreeRTOS/Source/timers.o
 *fill*         0x000000000800b789        0x3 
 .rodata        0x000000000800b78c       0x60 /usr/lib/gcc/arm-none-eabi/10.3.1/../../../arm-none-eabi/lib/thumb/v7e-m+fp/hard/libc_nano.a(lib_a-findfp.o)
                0x000000000800b78c                __sf_fake_stderr
                0x000000000800b7ac                __sf_fake_stdout
                0x000000000800b7cc                __sf_fake_stdin
 .rodata        0x000000000800b7ec        0x4 /usr/lib/gcc/arm-none-eabi/10.3.1/../../../arm-none-eabi/lib/thumb/v7e-m+fp/hard/libc_nano.a(lib_a-impure.o)
                0x000000000800b7ec                _global_impure_ptr
 *(.rodata*)
 .rodata.str1.1
                0x000000000800b7f0       0x31 ./Core/Src/main.o
                                         0x3c (size before relaxing)
 *fill*         0x000000000800b821        0x3 
 .rodata.str1.4
                0x000000000800b824       0x13 /usr/lib/gcc/arm-none-eabi/10.3.1/../../../arm-none-eabi/lib/thumb/v7e-m+fp/hard/libc_nano.a(lib_a-nano-vfprintf.o)
 *fill*         0x000000000800b837        0x1 
 .rodata.str1.4
                0x000000000800b838       0x25 /usr/lib/gcc/arm-none-eabi/10.3.1/../../../arm-none-eabi/lib/thumb/v7e-m+fp/hard/libc_nano.a(lib_a-nano-vfprintf_i.o)
                0x000000000800b860                . = ALIGN (0x4)
 *fill*         0x000000000800b85d        0x3 

.ARM.extab      0x000000000800b860       0x18
                0x000000000800b860                . = ALIGN (0x4)
 *(.ARM.extab* .gnu.linkonce.armextab.*)
 .ARM.extab     0x000000000800b860       0x18 /usr/lib/gcc/arm-none-eabi/10.3.1/thumb/v7e-m+fp/hard/libgcc.a(pr-support.o)
                0x000000000800b878                . = ALIGN (0x4)

.ARM            0x000000000800b878       0xc8
                0x000000000800b878                . = ALIGN (0x4)
                0x000000000800b878                __exidx_start = .
 *(.ARM.exidx*)
 .ARM.exidx     0x000000000800b878        0x8 ./Core/Src/cfi.o
                                         0x18 (size before relaxing)
 .ARM.exidx     0x000000000800b880        0x8 ./Core/Src/main.o
                                         0x88 (size before relaxing)
 .ARM.exidx     0x000000000800b888        0x8 ./Core/Src/stm32f4xx_hal_msp.o
                                         0x48 (size before relaxing)
 .ARM.exidx     0x000000000800b890        0x0 ./Core/Src/stm32f4xx_hal_timebase_tim.o
                                         0x18 (size before relaxing)
 .ARM.exidx     0x000000000800b890        0x0 ./Core/Src/stm32f4xx_it.o
                                         0x40 (size before relaxing)
 .ARM.exidx     0x000000000800b890        0x0 ./Core/Src/syscalls.o
                                         0x90 (size before relaxing)
 .ARM.exidx     0x000000000800b890        0x0 ./Core/Src/sysmem.o
                                          0x8 (size before relaxing)
 .ARM.exidx     0x000000000800b890        0x0 ./Core/Src/system_stm32f4xx.o
                                         0x10 (size before relaxing)
 .ARM.exidx     0x000000000800b890        0x0 /usr/lib/gcc/arm-none-eabi/10.3.1/thumb/v7e-m+fp/hard/libgcc.a(_udivmoddi4.o)
                                          0x8 (size before relaxing)
 .ARM.exidx     0x000000000800b890       0x78 /usr/lib/gcc/arm-none-eabi/10.3.1/thumb/v7e-m+fp/hard/libgcc.a(unwind-arm.o)
                                         0xd8 (size before relaxing)
 .ARM.exidx     0x000000000800b908       0x38 /usr/lib/gcc/arm-none-eabi/10.3.1/thumb/v7e-m+fp/hard/libgcc.a(pr-support.o)
                0x000000000800b940                __exidx_end = .
                0x000000000800b940                . = ALIGN (0x4)

.rel.dyn        0x000000000800b940        0x0
 .rel.iplt      0x000000000800b940        0x0 /usr/lib/gcc/arm-none-eabi/10.3.1/thumb/v7e-m+fp/hard/crtbegin.o

.preinit_array  0x000000000800b940        0x0
                0x000000000800b940                . = ALIGN (0x4)
                0x000000000800b940                PROVIDE (__preinit_array_start = .)
 *(.preinit_array*)
                0x000000000800b940                PROVIDE (__preinit_array_end = .)
                0x000000000800b940                . = ALIGN (0x4)

.init_array     0x000000000800b940        0x4
                0x000000000800b940                . = ALIGN (0x4)
                0x000000000800b940                PROVIDE (__init_array_start = .)
 *(SORT_BY_NAME(.init_array.*))
 *(.init_array*)
 .init_array    0x000000000800b940        0x4 /usr/lib/gcc/arm-none-eabi/10.3.1/thumb/v7e-m+fp/hard/crtbegin.o
                0x000000000800b944                PROVIDE (__init_array_end = .)
                0x000000000800b944                . = ALIGN (0x4)

.fini_array     0x000000000800b944        0x4
                0x000000000800b944                . = ALIGN (0x4)
                0x000000000800b944                PROVIDE (__fini_array_start = .)
 *(SORT_BY_NAME(.fini_array.*))
 *(.fini_array*)
 .fini_array    0x000000000800b944        0x4 /usr/lib/gcc/arm-none-eabi/10.3.1/thumb/v7e-m+fp/hard/crtbegin.o
                0x000000000800b948                PROVIDE (__fini_array_end = .)
                0x000000000800b948                . = ALIGN (0x4)
                0x000000000800b948                _sidata = LOADADDR (.data)

.data           0x0000000020000000       0x74 load address 0x000000000800b948
                0x0000000020000000                . = ALIGN (0x4)
                0x0000000020000000                _sdata = .
 *(.data)
 .data          0x0000000020000000        0x4 ./Core/Src/system_stm32f4xx.o
                0x0000000020000000                SystemCoreClock
 .data          0x0000000020000004       0x64 /usr/lib/gcc/arm-none-eabi/10.3.1/../../../arm-none-eabi/lib/thumb/v7e-m+fp/hard/libc_nano.a(lib_a-impure.o)
                0x0000000020000004                _impure_ptr
 *(.data*)
 .data.uwTickPrio
                0x0000000020000068        0x4 ./Drivers/STM32F4xx_HAL_Driver/Src/stm32f4xx_hal.o
                0x0000000020000068                uwTickPrio
 .data.uwTickFreq
                0x000000002000006c        0x1 ./Drivers/STM32F4xx_HAL_Driver/Src/stm32f4xx_hal.o
                0x000000002000006c                uwTickFreq
 *fill*         0x000000002000006d        0x3 
 .data.uxCriticalNesting
                0x0000000020000070        0x4 ./Middlewares/Third_Party/FreeRTOS/Source/portable/GCC/ARM_CM4F/port.o
 *(.RamFunc)
 *(.RamFunc*)
                0x0000000020000074                . = ALIGN (0x4)
                0x0000000020000074                _edata = .
                0x000000000800b9bc                _siccmram = LOADADDR (.ccmram)

.tm_clone_table
                0x0000000020000074        0x0 load address 0x000000000800b9bc
 .tm_clone_table
                0x0000000020000074        0x0 /usr/lib/gcc/arm-none-eabi/10.3.1/thumb/v7e-m+fp/hard/crtbegin.o
 .tm_clone_table
                0x0000000020000074        0x0 /usr/lib/gcc/arm-none-eabi/10.3.1/thumb/v7e-m+fp/hard/crtend.o

.igot.plt       0x0000000020000074        0x0 load address 0x000000000800b9bc
 .igot.plt      0x0000000020000074        0x0 /usr/lib/gcc/arm-none-eabi/10.3.1/thumb/v7e-m+fp/hard/crtbegin.o

.ccmram         0x0000000010000000        0x0 load address 0x000000000800b9bc
                0x0000000010000000                . = ALIGN (0x4)
                0x0000000010000000                _sccmram = .
 *(.ccmram)
 *(.ccmram*)
                0x0000000010000000                . = ALIGN (0x4)
                0x0000000010000000                _eccmram = .
                0x0000000010000000                . = ALIGN (0x4)

.bss            0x0000000020000074     0x4f04
                0x0000000020000074                _sbss = .
                0x0000000020000074                __bss_start__ = _sbss
 *(.bss)
 .bss           0x0000000020000074       0x1c /usr/lib/gcc/arm-none-eabi/10.3.1/thumb/v7e-m+fp/hard/crtbegin.o
 .bss           0x0000000020000090      0x158 ./Core/Src/main.o
                0x0000000020000090                huart2
                0x00000000200000dc                myTask02Handle
                0x00000000200000e0                myTask01Handle
                0x00000000200000e4                hi2c1
                0x0000000020000140                hi2s3
                0x000000002000018c                hspi1
 .bss           0x00000000200001e8       0x68 ./Core/Src/stm32f4xx_hal_timebase_tim.o
                0x00000000200001e8                htim6
 .bss           0x0000000020000250        0x4 ./Core/Src/sysmem.o
 .bss           0x0000000020000254        0x8 /usr/lib/gcc/arm-none-eabi/10.3.1/../../../arm-none-eabi/lib/thumb/v7e-m+fp/hard/libc_nano.a(lib_a-nano-mallocr.o)
                0x0000000020000254                __malloc_free_list
                0x0000000020000258                __malloc_sbrk_start
 .bss           0x000000002000025c        0x4 /usr/lib/gcc/arm-none-eabi/10.3.1/../../../arm-none-eabi/lib/thumb/v7e-m+fp/hard/libc_nano.a(lib_a-reent.o)
                0x000000002000025c                errno
 *(.bss*)
 .bss.uwTick    0x0000000020000260        0x4 ./Drivers/STM32F4xx_HAL_Driver/Src/stm32f4xx_hal.o
                0x0000000020000260                uwTick
 .bss.KernelState
                0x0000000020000264        0x4 ./Middlewares/Third_Party/FreeRTOS/Source/CMSIS_RTOS_V2/cmsis_os2.o
 .bss.Idle_TCB.3
                0x0000000020000268       0xbc ./Middlewares/Third_Party/FreeRTOS/Source/CMSIS_RTOS_V2/cmsis_os2.o
 .bss.Idle_Stack.2
                0x0000000020000324      0x200 ./Middlewares/Third_Party/FreeRTOS/Source/CMSIS_RTOS_V2/cmsis_os2.o
 .bss.Timer_TCB.1
                0x0000000020000524       0xbc ./Middlewares/Third_Party/FreeRTOS/Source/CMSIS_RTOS_V2/cmsis_os2.o
 .bss.Timer_Stack.0
                0x00000000200005e0      0x400 ./Middlewares/Third_Party/FreeRTOS/Source/CMSIS_RTOS_V2/cmsis_os2.o
 .bss.xQueueRegistry
                0x00000000200009e0       0x40 ./Middlewares/Third_Party/FreeRTOS/Source/queue.o
                0x00000000200009e0                xQueueRegistry
 .bss.pxCurrentTCB
                0x0000000020000a20        0x4 ./Middlewares/Third_Party/FreeRTOS/Source/tasks.o
                0x0000000020000a20                pxCurrentTCB
 .bss.pxReadyTasksLists
                0x0000000020000a24      0x460 ./Middlewares/Third_Party/FreeRTOS/Source/tasks.o
 .bss.xDelayedTaskList1
                0x0000000020000e84       0x14 ./Middlewares/Third_Party/FreeRTOS/Source/tasks.o
 .bss.xDelayedTaskList2
                0x0000000020000e98       0x14 ./Middlewares/Third_Party/FreeRTOS/Source/tasks.o
 .bss.pxDelayedTaskList
                0x0000000020000eac        0x4 ./Middlewares/Third_Party/FreeRTOS/Source/tasks.o
 .bss.pxOverflowDelayedTaskList
                0x0000000020000eb0        0x4 ./Middlewares/Third_Party/FreeRTOS/Source/tasks.o
 .bss.xPendingReadyList
                0x0000000020000eb4       0x14 ./Middlewares/Third_Party/FreeRTOS/Source/tasks.o
 .bss.xTasksWaitingTermination
                0x0000000020000ec8       0x14 ./Middlewares/Third_Party/FreeRTOS/Source/tasks.o
 .bss.uxDeletedTasksWaitingCleanUp
                0x0000000020000edc        0x4 ./Middlewares/Third_Party/FreeRTOS/Source/tasks.o
 .bss.xSuspendedTaskList
                0x0000000020000ee0       0x14 ./Middlewares/Third_Party/FreeRTOS/Source/tasks.o
 .bss.uxCurrentNumberOfTasks
                0x0000000020000ef4        0x4 ./Middlewares/Third_Party/FreeRTOS/Source/tasks.o
 .bss.xTickCount
                0x0000000020000ef8        0x4 ./Middlewares/Third_Party/FreeRTOS/Source/tasks.o
 .bss.uxTopReadyPriority
                0x0000000020000efc        0x4 ./Middlewares/Third_Party/FreeRTOS/Source/tasks.o
 .bss.xSchedulerRunning
                0x0000000020000f00        0x4 ./Middlewares/Third_Party/FreeRTOS/Source/tasks.o
 .bss.xPendedTicks
                0x0000000020000f04        0x4 ./Middlewares/Third_Party/FreeRTOS/Source/tasks.o
 .bss.xYieldPending
                0x0000000020000f08        0x4 ./Middlewares/Third_Party/FreeRTOS/Source/tasks.o
 .bss.xNumOfOverflows
                0x0000000020000f0c        0x4 ./Middlewares/Third_Party/FreeRTOS/Source/tasks.o
 .bss.uxTaskNumber
                0x0000000020000f10        0x4 ./Middlewares/Third_Party/FreeRTOS/Source/tasks.o
 .bss.xNextTaskUnblockTime
                0x0000000020000f14        0x4 ./Middlewares/Third_Party/FreeRTOS/Source/tasks.o
 .bss.xIdleTaskHandle
                0x0000000020000f18        0x4 ./Middlewares/Third_Party/FreeRTOS/Source/tasks.o
 .bss.uxSchedulerSuspended
                0x0000000020000f1c        0x4 ./Middlewares/Third_Party/FreeRTOS/Source/tasks.o
 .bss.xActiveTimerList1
                0x0000000020000f20       0x14 ./Middlewares/Third_Party/FreeRTOS/Source/timers.o
 .bss.xActiveTimerList2
                0x0000000020000f34       0x14 ./Middlewares/Third_Party/FreeRTOS/Source/timers.o
 .bss.pxCurrentTimerList
                0x0000000020000f48        0x4 ./Middlewares/Third_Party/FreeRTOS/Source/timers.o
 .bss.pxOverflowTimerList
                0x0000000020000f4c        0x4 ./Middlewares/Third_Party/FreeRTOS/Source/timers.o
 .bss.xTimerQueue
                0x0000000020000f50        0x4 ./Middlewares/Third_Party/FreeRTOS/Source/timers.o
 .bss.xTimerTaskHandle
                0x0000000020000f54        0x4 ./Middlewares/Third_Party/FreeRTOS/Source/timers.o
 .bss.xLastTime.2
                0x0000000020000f58        0x4 ./Middlewares/Third_Party/FreeRTOS/Source/timers.o
 .bss.ucStaticTimerQueueStorage.1
                0x0000000020000f5c       0xa0 ./Middlewares/Third_Party/FreeRTOS/Source/timers.o
 .bss.xStaticTimerQueue.0
                0x0000000020000ffc       0x50 ./Middlewares/Third_Party/FreeRTOS/Source/timers.o
 .bss.ucMaxSysCallPriority
                0x000000002000104c        0x1 ./Middlewares/Third_Party/FreeRTOS/Source/portable/GCC/ARM_CM4F/port.o
 *fill*         0x000000002000104d        0x3 
 .bss.ulMaxPRIGROUPValue
                0x0000000020001050        0x4 ./Middlewares/Third_Party/FreeRTOS/Source/portable/GCC/ARM_CM4F/port.o
 .bss.ucHeap    0x0000000020001054     0x3c00 ./Middlewares/Third_Party/FreeRTOS/Source/portable/MemMang/heap_4.o
 .bss.xStart    0x0000000020004c54        0x8 ./Middlewares/Third_Party/FreeRTOS/Source/portable/MemMang/heap_4.o
 .bss.pxEnd     0x0000000020004c5c        0x4 ./Middlewares/Third_Party/FreeRTOS/Source/portable/MemMang/heap_4.o
 .bss.xFreeBytesRemaining
                0x0000000020004c60        0x4 ./Middlewares/Third_Party/FreeRTOS/Source/portable/MemMang/heap_4.o
 .bss.xMinimumEverFreeBytesRemaining
                0x0000000020004c64        0x4 ./Middlewares/Third_Party/FreeRTOS/Source/portable/MemMang/heap_4.o
 .bss.xNumberOfSuccessfulAllocations
                0x0000000020004c68        0x4 ./Middlewares/Third_Party/FreeRTOS/Source/portable/MemMang/heap_4.o
 .bss.xNumberOfSuccessfulFrees
                0x0000000020004c6c        0x4 ./Middlewares/Third_Party/FreeRTOS/Source/portable/MemMang/heap_4.o
 .bss.xBlockAllocatedBit
                0x0000000020004c70        0x4 ./Middlewares/Third_Party/FreeRTOS/Source/portable/MemMang/heap_4.o
 .bss.hhcd_USB_OTG_FS
                0x0000000020004c74      0x304 ./USB_HOST/Target/usbh_conf.o
                0x0000000020004c74                hhcd_USB_OTG_FS
 *(COMMON)
                0x0000000020004f78                . = ALIGN (0x4)
                0x0000000020004f78                _ebss = .
                0x0000000020004f78                __bss_end__ = _ebss

._user_heap_stack
                0x0000000020004f78     0x4400
                0x0000000020004f78                . = ALIGN (0x8)
                [!provide]                        PROVIDE (end = .)
                0x0000000020004f78                PROVIDE (_end = .)
                0x0000000020008f78                . = (. + _Min_Heap_Size)
 *fill*         0x0000000020004f78     0x4000 
                0x0000000020009378                . = (. + _Min_Stack_Size)
 *fill*         0x0000000020008f78      0x400 
                0x0000000020009378                . = ALIGN (0x8)

/DISCARD/
 libc.a(*)
 libm.a(*)
 libgcc.a(*)

.ARM.attributes
                0x0000000000000000       0x34
 *(.ARM.attributes)
 .ARM.attributes
                0x0000000000000000       0x1e /usr/lib/gcc/arm-none-eabi/10.3.1/thumb/v7e-m+fp/hard/crti.o
 .ARM.attributes
                0x000000000000001e       0x34 /usr/lib/gcc/arm-none-eabi/10.3.1/thumb/v7e-m+fp/hard/crtbegin.o
 .ARM.attributes
                0x0000000000000052       0x3c ./Core/Src/cfi.o
 .ARM.attributes
                0x000000000000008e       0x3c ./Core/Src/main.o
 .ARM.attributes
                0x00000000000000ca       0x3e ./Core/Src/stm32f4xx_hal_msp.o
 .ARM.attributes
                0x0000000000000108       0x3c ./Core/Src/stm32f4xx_hal_timebase_tim.o
 .ARM.attributes
                0x0000000000000144       0x3c ./Core/Src/stm32f4xx_it.o
 .ARM.attributes
                0x0000000000000180       0x3c ./Core/Src/syscalls.o
 .ARM.attributes
                0x00000000000001bc       0x3c ./Core/Src/sysmem.o
 .ARM.attributes
                0x00000000000001f8       0x3c ./Core/Src/system_stm32f4xx.o
 .ARM.attributes
                0x0000000000000234       0x21 ./Core/Startup/startup_stm32f407vgtx.o
 .ARM.attributes
                0x0000000000000255       0x34 ./Drivers/STM32F4xx_HAL_Driver/Src/stm32f4xx_hal.o
 .ARM.attributes
                0x0000000000000289       0x34 ./Drivers/STM32F4xx_HAL_Driver/Src/stm32f4xx_hal_cortex.o
 .ARM.attributes
                0x00000000000002bd       0x34 ./Drivers/STM32F4xx_HAL_Driver/Src/stm32f4xx_hal_gpio.o
 .ARM.attributes
                0x00000000000002f1       0x34 ./Drivers/STM32F4xx_HAL_Driver/Src/stm32f4xx_hal_hcd.o
 .ARM.attributes
                0x0000000000000325       0x34 ./Drivers/STM32F4xx_HAL_Driver/Src/stm32f4xx_hal_i2c.o
 .ARM.attributes
                0x0000000000000359       0x34 ./Drivers/STM32F4xx_HAL_Driver/Src/stm32f4xx_hal_i2s.o
 .ARM.attributes
                0x000000000000038d       0x34 ./Drivers/STM32F4xx_HAL_Driver/Src/stm32f4xx_hal_i2s_ex.o
 .ARM.attributes
                0x00000000000003c1       0x34 ./Drivers/STM32F4xx_HAL_Driver/Src/stm32f4xx_hal_rcc.o
 .ARM.attributes
                0x00000000000003f5       0x34 ./Drivers/STM32F4xx_HAL_Driver/Src/stm32f4xx_hal_rcc_ex.o
 .ARM.attributes
                0x0000000000000429       0x34 ./Drivers/STM32F4xx_HAL_Driver/Src/stm32f4xx_hal_spi.o
 .ARM.attributes
                0x000000000000045d       0x34 ./Drivers/STM32F4xx_HAL_Driver/Src/stm32f4xx_hal_tim.o
 .ARM.attributes
                0x0000000000000491       0x34 ./Drivers/STM32F4xx_HAL_Driver/Src/stm32f4xx_hal_tim_ex.o
 .ARM.attributes
                0x00000000000004c5       0x34 ./Drivers/STM32F4xx_HAL_Driver/Src/stm32f4xx_hal_uart.o
 .ARM.attributes
                0x00000000000004f9       0x34 ./Drivers/STM32F4xx_HAL_Driver/Src/stm32f4xx_ll_usb.o
 .ARM.attributes
                0x000000000000052d       0x34 ./Middlewares/ST/STM32_USB_Host_Library/Core/Src/usbh_core.o
 .ARM.attributes
                0x0000000000000561       0x34 ./Middlewares/ST/STM32_USB_Host_Library/Core/Src/usbh_pipes.o
 .ARM.attributes
                0x0000000000000595       0x34 ./Middlewares/Third_Party/FreeRTOS/Source/CMSIS_RTOS_V2/cmsis_os2.o
 .ARM.attributes
                0x00000000000005c9       0x34 ./Middlewares/Third_Party/FreeRTOS/Source/list.o
 .ARM.attributes
                0x00000000000005fd       0x34 ./Middlewares/Third_Party/FreeRTOS/Source/queue.o
 .ARM.attributes
                0x0000000000000631       0x34 ./Middlewares/Third_Party/FreeRTOS/Source/tasks.o
 .ARM.attributes
                0x0000000000000665       0x34 ./Middlewares/Third_Party/FreeRTOS/Source/timers.o
 .ARM.attributes
                0x0000000000000699       0x34 ./Middlewares/Third_Party/FreeRTOS/Source/portable/GCC/ARM_CM4F/port.o
 .ARM.attributes
                0x00000000000006cd       0x34 ./Middlewares/Third_Party/FreeRTOS/Source/portable/MemMang/heap_4.o
 .ARM.attributes
                0x0000000000000701       0x34 ./USB_HOST/Target/usbh_conf.o
 .ARM.attributes
                0x0000000000000735       0x34 /usr/lib/gcc/arm-none-eabi/10.3.1/../../../arm-none-eabi/lib/thumb/v7e-m+fp/hard/libc_nano.a(lib_a-aeabi_memclr.o)
 .ARM.attributes
                0x0000000000000769       0x1c /usr/lib/gcc/arm-none-eabi/10.3.1/../../../arm-none-eabi/lib/thumb/v7e-m+fp/hard/libc_nano.a(lib_a-aeabi_memset-soft.o)
 .ARM.attributes
                0x0000000000000785       0x34 /usr/lib/gcc/arm-none-eabi/10.3.1/../../../arm-none-eabi/lib/thumb/v7e-m+fp/hard/libc_nano.a(lib_a-errno.o)
 .ARM.attributes
                0x00000000000007b9       0x34 /usr/lib/gcc/arm-none-eabi/10.3.1/../../../arm-none-eabi/lib/thumb/v7e-m+fp/hard/libc_nano.a(lib_a-findfp.o)
 .ARM.attributes
                0x00000000000007ed       0x34 /usr/lib/gcc/arm-none-eabi/10.3.1/../../../arm-none-eabi/lib/thumb/v7e-m+fp/hard/libc_nano.a(lib_a-fwalk.o)
 .ARM.attributes
                0x0000000000000821       0x32 /usr/lib/gcc/arm-none-eabi/10.3.1/../../../arm-none-eabi/lib/thumb/v7e-m+fp/hard/libc_nano.a(lib_a-impure.o)
 .ARM.attributes
                0x0000000000000853       0x34 /usr/lib/gcc/arm-none-eabi/10.3.1/../../../arm-none-eabi/lib/thumb/v7e-m+fp/hard/libc_nano.a(lib_a-init.o)
 .ARM.attributes
                0x0000000000000887       0x1c /usr/lib/gcc/arm-none-eabi/10.3.1/../../../arm-none-eabi/lib/thumb/v7e-m+fp/hard/libc_nano.a(lib_a-memcpy.o)
 .ARM.attributes
                0x00000000000008a3       0x34 /usr/lib/gcc/arm-none-eabi/10.3.1/../../../arm-none-eabi/lib/thumb/v7e-m+fp/hard/libc_nano.a(lib_a-memset.o)
 .ARM.attributes
                0x00000000000008d7       0x34 /usr/lib/gcc/arm-none-eabi/10.3.1/../../../arm-none-eabi/lib/thumb/v7e-m+fp/hard/libc_nano.a(lib_a-nano-freer.o)
 .ARM.attributes
                0x000000000000090b       0x34 /usr/lib/gcc/arm-none-eabi/10.3.1/../../../arm-none-eabi/lib/thumb/v7e-m+fp/hard/libc_nano.a(lib_a-nano-mallocr.o)
 .ARM.attributes
                0x000000000000093f       0x34 /usr/lib/gcc/arm-none-eabi/10.3.1/../../../arm-none-eabi/lib/thumb/v7e-m+fp/hard/libc_nano.a(lib_a-printf.o)
 .ARM.attributes
                0x0000000000000973       0x34 /usr/lib/gcc/arm-none-eabi/10.3.1/../../../arm-none-eabi/lib/thumb/v7e-m+fp/hard/libc_nano.a(lib_a-reent.o)
 .ARM.attributes
                0x00000000000009a7       0x34 /usr/lib/gcc/arm-none-eabi/10.3.1/../../../arm-none-eabi/lib/thumb/v7e-m+fp/hard/libc_nano.a(lib_a-sbrkr.o)
 .ARM.attributes
                0x00000000000009db       0x34 /usr/lib/gcc/arm-none-eabi/10.3.1/../../../arm-none-eabi/lib/thumb/v7e-m+fp/hard/libc_nano.a(lib_a-stdio.o)
 .ARM.attributes
                0x0000000000000a0f       0x34 /usr/lib/gcc/arm-none-eabi/10.3.1/../../../arm-none-eabi/lib/thumb/v7e-m+fp/hard/libc_nano.a(lib_a-writer.o)
 .ARM.attributes
                0x0000000000000a43       0x34 /usr/lib/gcc/arm-none-eabi/10.3.1/../../../arm-none-eabi/lib/thumb/v7e-m+fp/hard/libc_nano.a(lib_a-closer.o)
 .ARM.attributes
                0x0000000000000a77       0x34 /usr/lib/gcc/arm-none-eabi/10.3.1/../../../arm-none-eabi/lib/thumb/v7e-m+fp/hard/libc_nano.a(lib_a-fflush.o)
 .ARM.attributes
                0x0000000000000aab       0x34 /usr/lib/gcc/arm-none-eabi/10.3.1/../../../arm-none-eabi/lib/thumb/v7e-m+fp/hard/libc_nano.a(lib_a-lseekr.o)
 .ARM.attributes
                0x0000000000000adf       0x34 /usr/lib/gcc/arm-none-eabi/10.3.1/../../../arm-none-eabi/lib/thumb/v7e-m+fp/hard/libc_nano.a(lib_a-mlock.o)
 .ARM.attributes
                0x0000000000000b13       0x34 /usr/lib/gcc/arm-none-eabi/10.3.1/../../../arm-none-eabi/lib/thumb/v7e-m+fp/hard/libc_nano.a(lib_a-nano-vfprintf.o)
 .ARM.attributes
                0x0000000000000b47       0x34 /usr/lib/gcc/arm-none-eabi/10.3.1/../../../arm-none-eabi/lib/thumb/v7e-m+fp/hard/libc_nano.a(lib_a-nano-vfprintf_i.o)
 .ARM.attributes
                0x0000000000000b7b       0x34 /usr/lib/gcc/arm-none-eabi/10.3.1/../../../arm-none-eabi/lib/thumb/v7e-m+fp/hard/libc_nano.a(lib_a-readr.o)
 .ARM.attributes
                0x0000000000000baf       0x34 /usr/lib/gcc/arm-none-eabi/10.3.1/../../../arm-none-eabi/lib/thumb/v7e-m+fp/hard/libc_nano.a(lib_a-wbuf.o)
 .ARM.attributes
                0x0000000000000be3       0x34 /usr/lib/gcc/arm-none-eabi/10.3.1/../../../arm-none-eabi/lib/thumb/v7e-m+fp/hard/libc_nano.a(lib_a-wsetup.o)
 .ARM.attributes
                0x0000000000000c17       0x34 /usr/lib/gcc/arm-none-eabi/10.3.1/../../../arm-none-eabi/lib/thumb/v7e-m+fp/hard/libc_nano.a(lib_a-fvwrite.o)
 .ARM.attributes
                0x0000000000000c4b       0x34 /usr/lib/gcc/arm-none-eabi/10.3.1/../../../arm-none-eabi/lib/thumb/v7e-m+fp/hard/libc_nano.a(lib_a-makebuf.o)
 .ARM.attributes
                0x0000000000000c7f       0x1c /usr/lib/gcc/arm-none-eabi/10.3.1/../../../arm-none-eabi/lib/thumb/v7e-m+fp/hard/libc_nano.a(lib_a-memchr.o)
 .ARM.attributes
                0x0000000000000c9b       0x34 /usr/lib/gcc/arm-none-eabi/10.3.1/../../../arm-none-eabi/lib/thumb/v7e-m+fp/hard/libc_nano.a(lib_a-memmove.o)
 .ARM.attributes
                0x0000000000000ccf       0x34 /usr/lib/gcc/arm-none-eabi/10.3.1/../../../arm-none-eabi/lib/thumb/v7e-m+fp/hard/libc_nano.a(lib_a-nano-reallocr.o)
 .ARM.attributes
                0x0000000000000d03       0x34 /usr/lib/gcc/arm-none-eabi/10.3.1/../../../arm-none-eabi/lib/thumb/v7e-m+fp/hard/libc_nano.a(lib_a-fstatr.o)
 .ARM.attributes
                0x0000000000000d37       0x34 /usr/lib/gcc/arm-none-eabi/10.3.1/../../../arm-none-eabi/lib/thumb/v7e-m+fp/hard/libc_nano.a(lib_a-isattyr.o)
 .ARM.attributes
                0x0000000000000d6b       0x34 /usr/lib/gcc/arm-none-eabi/10.3.1/../../../arm-none-eabi/lib/thumb/v7e-m+fp/hard/libc_nano.a(lib_a-nano-msizer.o)
 .ARM.attributes
                0x0000000000000d9f       0x1e /usr/lib/gcc/arm-none-eabi/10.3.1/thumb/v7e-m+fp/hard/libgcc.a(_aeabi_uldivmod.o)
 .ARM.attributes
                0x0000000000000dbd       0x34 /usr/lib/gcc/arm-none-eabi/10.3.1/thumb/v7e-m+fp/hard/libgcc.a(_udivmoddi4.o)
 .ARM.attributes
                0x0000000000000df1       0x34 /usr/lib/gcc/arm-none-eabi/10.3.1/thumb/v7e-m+fp/hard/libgcc.a(unwind-arm.o)
 .ARM.attributes
                0x0000000000000e25       0x1e /usr/lib/gcc/arm-none-eabi/10.3.1/thumb/v7e-m+fp/hard/libgcc.a(libunwind.o)
 .ARM.attributes
                0x0000000000000e43       0x34 /usr/lib/gcc/arm-none-eabi/10.3.1/thumb/v7e-m+fp/hard/libgcc.a(pr-support.o)
 .ARM.attributes
                0x0000000000000e77       0x1e /usr/lib/gcc/arm-none-eabi/10.3.1/thumb/v7e-m+fp/hard/libgcc.a(_dvmd_tls.o)
 .ARM.attributes
                0x0000000000000e95       0x34 /usr/lib/gcc/arm-none-eabi/10.3.1/../../../arm-none-eabi/lib/thumb/v7e-m+fp/hard/libc_nano.a(lib_a-abort.o)
 .ARM.attributes
                0x0000000000000ec9       0x34 /usr/lib/gcc/arm-none-eabi/10.3.1/../../../arm-none-eabi/lib/thumb/v7e-m+fp/hard/libc_nano.a(lib_a-signal.o)
 .ARM.attributes
                0x0000000000000efd       0x34 /usr/lib/gcc/arm-none-eabi/10.3.1/../../../arm-none-eabi/lib/thumb/v7e-m+fp/hard/libc_nano.a(lib_a-signalr.o)
 .ARM.attributes
                0x0000000000000f31       0x32 /usr/lib/gcc/arm-none-eabi/10.3.1/thumb/v7e-m+fp/hard/crtend.o
 .ARM.attributes
                0x0000000000000f63       0x1e /usr/lib/gcc/arm-none-eabi/10.3.1/thumb/v7e-m+fp/hard/crtn.o
OUTPUT(freertos.elf elf32-littlearm)
LOAD linker stubs
LOAD /usr/lib/gcc/arm-none-eabi/10.3.1/../../../arm-none-eabi/lib/thumb/v7e-m+fp/hard/libc.a
LOAD /usr/lib/gcc/arm-none-eabi/10.3.1/../../../arm-none-eabi/lib/thumb/v7e-m+fp/hard/libm.a
LOAD /usr/lib/gcc/arm-none-eabi/10.3.1/thumb/v7e-m+fp/hard/libgcc.a

.comment        0x0000000000000000       0x9e
 .comment       0x0000000000000000       0x33 /usr/lib/gcc/arm-none-eabi/10.3.1/thumb/v7e-m+fp/hard/crtbegin.o
                                         0x34 (size before relaxing)
 .comment       0x0000000000000033       0x6b ./Core/Src/cfi.o
                                         0x6c (size before relaxing)
 .comment       0x000000000000009e       0x6c ./Core/Src/main.o
 .comment       0x000000000000009e       0x6c ./Core/Src/stm32f4xx_hal_msp.o
 .comment       0x000000000000009e       0x6c ./Core/Src/stm32f4xx_hal_timebase_tim.o
 .comment       0x000000000000009e       0x6c ./Core/Src/stm32f4xx_it.o
 .comment       0x000000000000009e       0x6c ./Core/Src/syscalls.o
 .comment       0x000000000000009e       0x6c ./Core/Src/sysmem.o
 .comment       0x000000000000009e       0x6c ./Core/Src/system_stm32f4xx.o
 .comment       0x000000000000009e       0x34 ./Drivers/STM32F4xx_HAL_Driver/Src/stm32f4xx_hal.o
 .comment       0x000000000000009e       0x34 ./Drivers/STM32F4xx_HAL_Driver/Src/stm32f4xx_hal_cortex.o
 .comment       0x000000000000009e       0x34 ./Drivers/STM32F4xx_HAL_Driver/Src/stm32f4xx_hal_gpio.o
 .comment       0x000000000000009e       0x34 ./Drivers/STM32F4xx_HAL_Driver/Src/stm32f4xx_hal_hcd.o
 .comment       0x000000000000009e       0x34 ./Drivers/STM32F4xx_HAL_Driver/Src/stm32f4xx_hal_i2c.o
 .comment       0x000000000000009e       0x34 ./Drivers/STM32F4xx_HAL_Driver/Src/stm32f4xx_hal_i2s.o
 .comment       0x000000000000009e       0x34 ./Drivers/STM32F4xx_HAL_Driver/Src/stm32f4xx_hal_i2s_ex.o
 .comment       0x000000000000009e       0x34 ./Drivers/STM32F4xx_HAL_Driver/Src/stm32f4xx_hal_rcc.o
 .comment       0x000000000000009e       0x34 ./Drivers/STM32F4xx_HAL_Driver/Src/stm32f4xx_hal_rcc_ex.o
 .comment       0x000000000000009e       0x34 ./Drivers/STM32F4xx_HAL_Driver/Src/stm32f4xx_hal_spi.o
 .comment       0x000000000000009e       0x34 ./Drivers/STM32F4xx_HAL_Driver/Src/stm32f4xx_hal_tim.o
 .comment       0x000000000000009e       0x34 ./Drivers/STM32F4xx_HAL_Driver/Src/stm32f4xx_hal_tim_ex.o
 .comment       0x000000000000009e       0x34 ./Drivers/STM32F4xx_HAL_Driver/Src/stm32f4xx_hal_uart.o
 .comment       0x000000000000009e       0x34 ./Drivers/STM32F4xx_HAL_Driver/Src/stm32f4xx_ll_usb.o
 .comment       0x000000000000009e       0x34 ./Middlewares/ST/STM32_USB_Host_Library/Core/Src/usbh_core.o
 .comment       0x000000000000009e       0x34 ./Middlewares/ST/STM32_USB_Host_Library/Core/Src/usbh_pipes.o
 .comment       0x000000000000009e       0x34 ./Middlewares/Third_Party/FreeRTOS/Source/CMSIS_RTOS_V2/cmsis_os2.o
 .comment       0x000000000000009e       0x34 ./Middlewares/Third_Party/FreeRTOS/Source/list.o
 .comment       0x000000000000009e       0x34 ./Middlewares/Third_Party/FreeRTOS/Source/queue.o
 .comment       0x000000000000009e       0x34 ./Middlewares/Third_Party/FreeRTOS/Source/tasks.o
 .comment       0x000000000000009e       0x34 ./Middlewares/Third_Party/FreeRTOS/Source/timers.o
 .comment       0x000000000000009e       0x34 ./Middlewares/Third_Party/FreeRTOS/Source/portable/GCC/ARM_CM4F/port.o
 .comment       0x000000000000009e       0x34 ./Middlewares/Third_Party/FreeRTOS/Source/portable/MemMang/heap_4.o
 .comment       0x000000000000009e       0x34 ./USB_HOST/Target/usbh_conf.o
 .comment       0x000000000000009e       0x34 /usr/lib/gcc/arm-none-eabi/10.3.1/../../../arm-none-eabi/lib/thumb/v7e-m+fp/hard/libc_nano.a(lib_a-aeabi_memclr.o)
 .comment       0x000000000000009e       0x34 /usr/lib/gcc/arm-none-eabi/10.3.1/../../../arm-none-eabi/lib/thumb/v7e-m+fp/hard/libc_nano.a(lib_a-errno.o)
 .comment       0x000000000000009e       0x34 /usr/lib/gcc/arm-none-eabi/10.3.1/../../../arm-none-eabi/lib/thumb/v7e-m+fp/hard/libc_nano.a(lib_a-findfp.o)
 .comment       0x000000000000009e       0x34 /usr/lib/gcc/arm-none-eabi/10.3.1/../../../arm-none-eabi/lib/thumb/v7e-m+fp/hard/libc_nano.a(lib_a-fwalk.o)
 .comment       0x000000000000009e       0x34 /usr/lib/gcc/arm-none-eabi/10.3.1/../../../arm-none-eabi/lib/thumb/v7e-m+fp/hard/libc_nano.a(lib_a-impure.o)
 .comment       0x000000000000009e       0x34 /usr/lib/gcc/arm-none-eabi/10.3.1/../../../arm-none-eabi/lib/thumb/v7e-m+fp/hard/libc_nano.a(lib_a-init.o)
 .comment       0x000000000000009e       0x34 /usr/lib/gcc/arm-none-eabi/10.3.1/../../../arm-none-eabi/lib/thumb/v7e-m+fp/hard/libc_nano.a(lib_a-memset.o)
 .comment       0x000000000000009e       0x34 /usr/lib/gcc/arm-none-eabi/10.3.1/../../../arm-none-eabi/lib/thumb/v7e-m+fp/hard/libc_nano.a(lib_a-nano-freer.o)
 .comment       0x000000000000009e       0x34 /usr/lib/gcc/arm-none-eabi/10.3.1/../../../arm-none-eabi/lib/thumb/v7e-m+fp/hard/libc_nano.a(lib_a-nano-mallocr.o)
 .comment       0x000000000000009e       0x34 /usr/lib/gcc/arm-none-eabi/10.3.1/../../../arm-none-eabi/lib/thumb/v7e-m+fp/hard/libc_nano.a(lib_a-printf.o)
 .comment       0x000000000000009e       0x34 /usr/lib/gcc/arm-none-eabi/10.3.1/../../../arm-none-eabi/lib/thumb/v7e-m+fp/hard/libc_nano.a(lib_a-reent.o)
 .comment       0x000000000000009e       0x34 /usr/lib/gcc/arm-none-eabi/10.3.1/../../../arm-none-eabi/lib/thumb/v7e-m+fp/hard/libc_nano.a(lib_a-sbrkr.o)
 .comment       0x000000000000009e       0x34 /usr/lib/gcc/arm-none-eabi/10.3.1/../../../arm-none-eabi/lib/thumb/v7e-m+fp/hard/libc_nano.a(lib_a-stdio.o)
 .comment       0x000000000000009e       0x34 /usr/lib/gcc/arm-none-eabi/10.3.1/../../../arm-none-eabi/lib/thumb/v7e-m+fp/hard/libc_nano.a(lib_a-writer.o)
 .comment       0x000000000000009e       0x34 /usr/lib/gcc/arm-none-eabi/10.3.1/../../../arm-none-eabi/lib/thumb/v7e-m+fp/hard/libc_nano.a(lib_a-closer.o)
 .comment       0x000000000000009e       0x34 /usr/lib/gcc/arm-none-eabi/10.3.1/../../../arm-none-eabi/lib/thumb/v7e-m+fp/hard/libc_nano.a(lib_a-fflush.o)