Archive member included to satisfy reference by file (symbol)

/usr/lib/gcc/arm-none-eabi/10.3.1/../../../arm-none-eabi/lib/thumb/v7e-m+fp/hard/libc_nano.a(lib_a-aeabi_memclr.o)
                              ./Core/Src/main.o (__aeabi_memclr4)
/usr/lib/gcc/arm-none-eabi/10.3.1/../../../arm-none-eabi/lib/thumb/v7e-m+fp/hard/libc_nano.a(lib_a-aeabi_memcpy.o)
                              ./Core/Src/main.o (__aeabi_memcpy4)
/usr/lib/gcc/arm-none-eabi/10.3.1/../../../arm-none-eabi/lib/thumb/v7e-m+fp/hard/libc_nano.a(lib_a-aeabi_memset-soft.o)
                              /usr/lib/gcc/arm-none-eabi/10.3.1/../../../arm-none-eabi/lib/thumb/v7e-m+fp/hard/libc_nano.a(lib_a-aeabi_memclr.o) (__aeabi_memset)
/usr/lib/gcc/arm-none-eabi/10.3.1/../../../arm-none-eabi/lib/thumb/v7e-m+fp/hard/libc_nano.a(lib_a-atexit.o)
                              /usr/lib/gcc/arm-none-eabi/10.3.1/../../../arm-none-eabi/lib/thumb/v7e-m+fp/hard/crt0.o (atexit)
/usr/lib/gcc/arm-none-eabi/10.3.1/../../../arm-none-eabi/lib/thumb/v7e-m+fp/hard/libc_nano.a(lib_a-errno.o)
                              ./Core/Src/syscalls.o (__errno)
/usr/lib/gcc/arm-none-eabi/10.3.1/../../../arm-none-eabi/lib/thumb/v7e-m+fp/hard/libc_nano.a(lib_a-exit.o)
                              /usr/lib/gcc/arm-none-eabi/10.3.1/../../../arm-none-eabi/lib/thumb/v7e-m+fp/hard/crt0.o (exit)
/usr/lib/gcc/arm-none-eabi/10.3.1/../../../arm-none-eabi/lib/thumb/v7e-m+fp/hard/libc_nano.a(lib_a-fini.o)
                              /usr/lib/gcc/arm-none-eabi/10.3.1/../../../arm-none-eabi/lib/thumb/v7e-m+fp/hard/crt0.o (__libc_fini_array)
/usr/lib/gcc/arm-none-eabi/10.3.1/../../../arm-none-eabi/lib/thumb/v7e-m+fp/hard/libc_nano.a(lib_a-impure.o)
                              /usr/lib/gcc/arm-none-eabi/10.3.1/../../../arm-none-eabi/lib/thumb/v7e-m+fp/hard/libc_nano.a(lib_a-exit.o) (_global_impure_ptr)
/usr/lib/gcc/arm-none-eabi/10.3.1/../../../arm-none-eabi/lib/thumb/v7e-m+fp/hard/libc_nano.a(lib_a-init.o)
                              /usr/lib/gcc/arm-none-eabi/10.3.1/../../../arm-none-eabi/lib/thumb/v7e-m+fp/hard/crt0.o (__libc_init_array)
/usr/lib/gcc/arm-none-eabi/10.3.1/../../../arm-none-eabi/lib/thumb/v7e-m+fp/hard/libc_nano.a(lib_a-malloc.o)
                              ./Middlewares/ST/STM32_USB_Host_Library/Class/CDC/Src/usbh_cdc.o (malloc)
/usr/lib/gcc/arm-none-eabi/10.3.1/../../../arm-none-eabi/lib/thumb/v7e-m+fp/hard/libc_nano.a(lib_a-memcpy.o)
                              /usr/lib/gcc/arm-none-eabi/10.3.1/../../../arm-none-eabi/lib/thumb/v7e-m+fp/hard/libc_nano.a(lib_a-aeabi_memcpy.o) (memcpy)
/usr/lib/gcc/arm-none-eabi/10.3.1/../../../arm-none-eabi/lib/thumb/v7e-m+fp/hard/libc_nano.a(lib_a-memset.o)
                              /usr/lib/gcc/arm-none-eabi/10.3.1/../../../arm-none-eabi/lib/thumb/v7e-m+fp/hard/crt0.o (memset)
/usr/lib/gcc/arm-none-eabi/10.3.1/../../../arm-none-eabi/lib/thumb/v7e-m+fp/hard/libc_nano.a(lib_a-nano-freer.o)
                              /usr/lib/gcc/arm-none-eabi/10.3.1/../../../arm-none-eabi/lib/thumb/v7e-m+fp/hard/libc_nano.a(lib_a-malloc.o) (_free_r)
/usr/lib/gcc/arm-none-eabi/10.3.1/../../../arm-none-eabi/lib/thumb/v7e-m+fp/hard/libc_nano.a(lib_a-nano-mallocr.o)
                              /usr/lib/gcc/arm-none-eabi/10.3.1/../../../arm-none-eabi/lib/thumb/v7e-m+fp/hard/libc_nano.a(lib_a-malloc.o) (_malloc_r)
/usr/lib/gcc/arm-none-eabi/10.3.1/../../../arm-none-eabi/lib/thumb/v7e-m+fp/hard/libc_nano.a(lib_a-printf.o)
                              ./Core/Src/main.o (printf)
/usr/lib/gcc/arm-none-eabi/10.3.1/../../../arm-none-eabi/lib/thumb/v7e-m+fp/hard/libc_nano.a(lib_a-sbrkr.o)
                              /usr/lib/gcc/arm-none-eabi/10.3.1/../../../arm-none-eabi/lib/thumb/v7e-m+fp/hard/libc_nano.a(lib_a-nano-mallocr.o) (_sbrk_r)
/usr/lib/gcc/arm-none-eabi/10.3.1/../../../arm-none-eabi/lib/thumb/v7e-m+fp/hard/libc_nano.a(lib_a-__atexit.o)
                              /usr/lib/gcc/arm-none-eabi/10.3.1/../../../arm-none-eabi/lib/thumb/v7e-m+fp/hard/libc_nano.a(lib_a-atexit.o) (__register_exitproc)
/usr/lib/gcc/arm-none-eabi/10.3.1/../../../arm-none-eabi/lib/thumb/v7e-m+fp/hard/libc_nano.a(lib_a-__call_atexit.o)
                              /usr/lib/gcc/arm-none-eabi/10.3.1/../../../arm-none-eabi/lib/thumb/v7e-m+fp/hard/libc_nano.a(lib_a-__atexit.o) (__call_exitprocs)
/usr/lib/gcc/arm-none-eabi/10.3.1/../../../arm-none-eabi/lib/thumb/v7e-m+fp/hard/libc_nano.a(lib_a-findfp.o)
                              /usr/lib/gcc/arm-none-eabi/10.3.1/../../../arm-none-eabi/lib/thumb/v7e-m+fp/hard/libc_nano.a(lib_a-printf.o) (__sinit)
/usr/lib/gcc/arm-none-eabi/10.3.1/../../../arm-none-eabi/lib/thumb/v7e-m+fp/hard/libc_nano.a(lib_a-fwalk.o)
                              /usr/lib/gcc/arm-none-eabi/10.3.1/../../../arm-none-eabi/lib/thumb/v7e-m+fp/hard/libc_nano.a(lib_a-findfp.o) (_fwalk)
/usr/lib/gcc/arm-none-eabi/10.3.1/../../../arm-none-eabi/lib/thumb/v7e-m+fp/hard/libc_nano.a(lib_a-mlock.o)
[...]
Memory Configuration

Name             Origin             Length             Attributes
CCMRAM           0x0000000010000000 0x0000000000010000 xrw
RAM              0x0000000020000000 0x0000000000020000 xrw
FLASH            0x0000000008000000 0x0000000000100000 xr
*default*        0x0000000000000000 0xffffffffffffffff

Linker script and memory map

LOAD /usr/lib/gcc/arm-none-eabi/10.3.1/thumb/v7e-m+fp/hard/crti.o
LOAD /usr/lib/gcc/arm-none-eabi/10.3.1/thumb/v7e-m+fp/hard/crtbegin.o
LOAD /usr/lib/gcc/arm-none-eabi/10.3.1/../../../arm-none-eabi/lib/thumb/v7e-m+fp/hard/crt0.o
LOAD ./Core/Src/main.o
LOAD ./Core/Src/stm32f4xx_hal_msp.o
LOAD ./Core/Src/stm32f4xx_it.o
LOAD ./Core/Src/syscalls.o
LOAD ./Core/Src/sysmem.o
LOAD ./Core/Src/system_stm32f4xx.o
LOAD ./Core/Startup/startup_stm32f407vgtx.o
LOAD ./Drivers/STM32F4xx_HAL_Driver/Src/stm32f4xx_hal.o
LOAD ./Drivers/STM32F4xx_HAL_Driver/Src/stm32f4xx_hal_cortex.o
LOAD ./Drivers/STM32F4xx_HAL_Driver/Src/stm32f4xx_hal_dma.o
LOAD ./Drivers/STM32F4xx_HAL_Driver/Src/stm32f4xx_hal_dma_ex.o
LOAD ./Drivers/STM32F4xx_HAL_Driver/Src/stm32f4xx_hal_exti.o
LOAD ./Drivers/STM32F4xx_HAL_Driver/Src/stm32f4xx_hal_flash.o
LOAD ./Drivers/STM32F4xx_HAL_Driver/Src/stm32f4xx_hal_flash_ex.o
LOAD ./Drivers/STM32F4xx_HAL_Driver/Src/stm32f4xx_hal_flash_ramfunc.o
LOAD ./Drivers/STM32F4xx_HAL_Driver/Src/stm32f4xx_hal_gpio.o
LOAD ./Drivers/STM32F4xx_HAL_Driver/Src/stm32f4xx_hal_hcd.o
LOAD ./Drivers/STM32F4xx_HAL_Driver/Src/stm32f4xx_hal_i2c.o
LOAD ./Drivers/STM32F4xx_HAL_Driver/Src/stm32f4xx_hal_i2c_ex.o
LOAD ./Drivers/STM32F4xx_HAL_Driver/Src/stm32f4xx_hal_i2s.o
LOAD ./Drivers/STM32F4xx_HAL_Driver/Src/stm32f4xx_hal_i2s_ex.o
LOAD ./Drivers/STM32F4xx_HAL_Driver/Src/stm32f4xx_hal_pwr.o
LOAD ./Drivers/STM32F4xx_HAL_Driver/Src/stm32f4xx_hal_pwr_ex.o
LOAD ./Drivers/STM32F4xx_HAL_Driver/Src/stm32f4xx_hal_rcc.o
LOAD ./Drivers/STM32F4xx_HAL_Driver/Src/stm32f4xx_hal_rcc_ex.o
LOAD ./Drivers/STM32F4xx_HAL_Driver/Src/stm32f4xx_hal_spi.o
LOAD ./Drivers/STM32F4xx_HAL_Driver/Src/stm32f4xx_hal_tim.o
LOAD ./Drivers/STM32F4xx_HAL_Driver/Src/stm32f4xx_hal_tim_ex.o
LOAD ./Drivers/STM32F4xx_HAL_Driver/Src/stm32f4xx_hal_uart.o
LOAD ./Drivers/STM32F4xx_HAL_Driver/Src/stm32f4xx_ll_usb.o
LOAD ./Middlewares/ST/STM32_USB_Host_Library/Class/CDC/Src/usbh_cdc.o
LOAD ./Middlewares/ST/STM32_USB_Host_Library/Core/Src/usbh_core.o
LOAD ./Middlewares/ST/STM32_USB_Host_Library/Core/Src/usbh_ctlreq.o
LOAD ./Middlewares/ST/STM32_USB_Host_Library/Core/Src/usbh_ioreq.o
LOAD ./Middlewares/ST/STM32_USB_Host_Library/Core/Src/usbh_pipes.o
LOAD ./USB_HOST/App/usb_host.o
LOAD ./USB_HOST/Target/usbh_conf.o
LOAD ./USB_HOST/Target/usbh_platform.o
START GROUP
LOAD /usr/lib/gcc/arm-none-eabi/10.3.1/../../../arm-none-eabi/lib/thumb/v7e-m+fp/hard/libc_nano.a
LOAD /usr/lib/gcc/arm-none-eabi/10.3.1/../../../arm-none-eabi/lib/thumb/v7e-m+fp/hard/libm.a
END GROUP
START GROUP
LOAD /usr/lib/gcc/arm-none-eabi/10.3.1/thumb/v7e-m+fp/hard/libgcc.a
LOAD /usr/lib/gcc/arm-none-eabi/10.3.1/../../../arm-none-eabi/lib/thumb/v7e-m+fp/hard/libc_nano.a
END GROUP
START GROUP
LOAD /usr/lib/gcc/arm-none-eabi/10.3.1/thumb/v7e-m+fp/hard/libgcc.a
LOAD /usr/lib/gcc/arm-none-eabi/10.3.1/../../../arm-none-eabi/lib/thumb/v7e-m+fp/hard/libc_nano.a
LOAD /usr/lib/gcc/arm-none-eabi/10.3.1/../../../arm-none-eabi/lib/thumb/v7e-m+fp/hard/libnosys.a
END GROUP
START GROUP
LOAD /usr/lib/gcc/arm-none-eabi/10.3.1/thumb/v7e-m+fp/hard/libgcc.a
LOAD /usr/lib/gcc/arm-none-eabi/10.3.1/../../../arm-none-eabi/lib/thumb/v7e-m+fp/hard/libc_nano.a
LOAD /usr/lib/gcc/arm-none-eabi/10.3.1/../../../arm-none-eabi/lib/thumb/v7e-m+fp/hard/libnosys.a
END GROUP
LOAD /usr/lib/gcc/arm-none-eabi/10.3.1/thumb/v7e-m+fp/hard/crtend.o
LOAD /usr/lib/gcc/arm-none-eabi/10.3.1/thumb/v7e-m+fp/hard/crtn.o
                0x0000000020020000                _estack = (ORIGIN (RAM) + LENGTH (RAM))
                0x0000000000000200                _Min_Heap_Size = 0x200
                0x0000000000000400                _Min_Stack_Size = 0x400

.isr_vector     0x0000000008000000      0x188
                0x0000000008000000                . = ALIGN (0x4)
 *(.isr_vector)
 .isr_vector    0x0000000008000000      0x188 ./Core/Startup/startup_stm32f407vgtx.o
                0x0000000008000000                g_pfnVectors
                0x0000000008000188                . = ALIGN (0x4)

.text           0x0000000008000190     0xb4b0
                0x0000000008000190                . = ALIGN (0x4)
 *(.text)
 .text          0x0000000008000190       0x88 /usr/lib/gcc/arm-none-eabi/10.3.1/thumb/v7e-m+fp/hard/crtbegin.o
 .text          0x0000000008000218      0x6fc ./Core/Src/main.o
                0x0000000008000218                benchmark
                0x000000000800023c                BubbleSort
                0x00000000080002d8                initialise_benchmark
                0x000000000800031c                verify_benchmark
                0x0000000008000380                __io_putchar
                0x00000000080003a0                main
                0x000000000800048c                SystemClock_Config
                0x00000000080008c0                Error_Handler
                0x00000000080008c6                MasterForward
                0x00000000080008ec                MasterBackward
 .text          0x0000000008000914      0x418 ./Core/Src/stm32f4xx_hal_msp.o
                0x0000000008000914                HAL_MspInit
                0x0000000008000968                HAL_I2C_MspInit
                0x00000000080009fc                HAL_I2C_MspDeInit
                0x0000000008000a48                HAL_I2S_MspInit
                0x0000000008000b48                HAL_I2S_MspDeInit
                0x0000000008000b94                HAL_SPI_MspInit
                0x0000000008000c24                HAL_SPI_MspDeInit
                0x0000000008000c60                HAL_UART_MspInit
                0x0000000008000cf0                HAL_UART_MspDeInit
 .text          0x0000000008000d2c       0x40 ./Core/Src/stm32f4xx_it.o
                0x0000000008000d2c                NMI_Handler
                0x0000000008000d30                HardFault_Handler
                0x0000000008000d34                MemManage_Handler
                0x0000000008000d38                BusFault_Handler
                0x0000000008000d3c                UsageFault_Handler
                0x0000000008000d40                SVC_Handler
                0x0000000008000d44                DebugMon_Handler
                0x0000000008000d48                PendSV_Handler
                0x0000000008000d4c                SysTick_Handler
                0x0000000008000d58                OTG_FS_IRQHandler
 .text          0x0000000008000d6c      0x194 ./Core/Src/syscalls.o
                0x0000000008000d6c                initialise_monitor_handles
                0x0000000008000d70                _getpid
                0x0000000008000d74                _kill
                0x0000000008000d90                _exit
                0x0000000008000da8                _read
                0x0000000008000de0                _write
                0x0000000008000e18                _close
                0x0000000008000e24                _fstat
                0x0000000008000e38                _isatty
                0x0000000008000e44                _lseek
                0x0000000008000e54                _open
                0x0000000008000e64                _wait
                0x0000000008000e7c                _unlink
                0x0000000008000e94                _times
                0x0000000008000ea0                _stat
                0x0000000008000eb4                _link
                0x0000000008000ed0                _fork
                0x0000000008000ee4                _execve
 .text          0x0000000008000f00       0x88 ./Core/Src/sysmem.o
                0x0000000008000f00                _sbrk
 .text          0x0000000008000f88      0x140 ./Core/Src/system_stm32f4xx.o
                0x0000000008000f88                SystemInit
                0x0000000008000f9c                SystemCoreClockUpdate
 .text          0x00000000080010c8        0x8 /usr/lib/gcc/arm-none-eabi/10.3.1/../../../arm-none-eabi/lib/thumb/v7e-m+fp/hard/libc_nano.a(lib_a-aeabi_memclr.o)
                0x00000000080010c8                __aeabi_memclr8
                0x00000000080010c8                __aeabi_memclr
                0x00000000080010c8                __aeabi_memclr4
 .text          0x00000000080010d0        0x4 /usr/lib/gcc/arm-none-eabi/10.3.1/../../../arm-none-eabi/lib/thumb/v7e-m+fp/hard/libc_nano.a(lib_a-aeabi_memcpy.o)
                0x00000000080010d0                __aeabi_memcpy
                0x00000000080010d0                __aeabi_memcpy4
                0x00000000080010d0                __aeabi_memcpy8
 .text          0x00000000080010d4       0x9a /usr/lib/gcc/arm-none-eabi/10.3.1/../../../arm-none-eabi/lib/thumb/v7e-m+fp/hard/libc_nano.a(lib_a-aeabi_memset-soft.o)
                0x00000000080010d4                __aeabi_memset
                0x00000000080010d4                __aeabi_memset8
                0x00000000080010d4                __aeabi_memset4
 *fill*         0x000000000800116e        0x2 
 .text          0x0000000008001170        0xc /usr/lib/gcc/arm-none-eabi/10.3.1/../../../arm-none-eabi/lib/thumb/v7e-m+fp/hard/libc_nano.a(lib_a-errno.o)
                0x0000000008001170                __errno
 .text          0x000000000800117c       0x48 /usr/lib/gcc/arm-none-eabi/10.3.1/../../../arm-none-eabi/lib/thumb/v7e-m+fp/hard/libc_nano.a(lib_a-init.o)
                0x000000000800117c                __libc_init_array
 .text          0x00000000080011c4       0x20 /usr/lib/gcc/arm-none-eabi/10.3.1/../../../arm-none-eabi/lib/thumb/v7e-m+fp/hard/libc_nano.a(lib_a-malloc.o)
                0x00000000080011c4                malloc
                0x00000000080011d4                free
 .text          0x00000000080011e4      0x134 /usr/lib/gcc/arm-none-eabi/10.3.1/../../../arm-none-eabi/lib/thumb/v7e-m+fp/hard/libc_nano.a(lib_a-memcpy.o)
                0x00000000080011e4                memcpy
 .text          0x0000000008001318       0xa4 /usr/lib/gcc/arm-none-eabi/10.3.1/../../../arm-none-eabi/lib/thumb/v7e-m+fp/hard/libc_nano.a(lib_a-memset.o)
                0x0000000008001318                memset
 .text          0x00000000080013bc       0xc4 /usr/lib/gcc/arm-none-eabi/10.3.1/../../../arm-none-eabi/lib/thumb/v7e-m+fp/hard/libc_nano.a(lib_a-nano-freer.o)
                0x00000000080013bc                _free_r
 .text          0x0000000008001480       0xb4 /usr/lib/gcc/arm-none-eabi/10.3.1/../../../arm-none-eabi/lib/thumb/v7e-m+fp/hard/libc_nano.a(lib_a-nano-mallocr.o)
                0x0000000008001480                _malloc_r
 .text          0x0000000008001534       0x60 /usr/lib/gcc/arm-none-eabi/10.3.1/../../../arm-none-eabi/lib/thumb/v7e-m+fp/hard/libc_nano.a(lib_a-printf.o)
                0x0000000008001534                _printf_r
                0x0000000008001534                _iprintf_r
                0x0000000008001560                printf
                0x0000000008001560                iprintf
 .text          0x0000000008001594       0x24 /usr/lib/gcc/arm-none-eabi/10.3.1/../../../arm-none-eabi/lib/thumb/v7e-m+fp/hard/libc_nano.a(lib_a-sbrkr.o)
                0x0000000008001594                _sbrk_r
 .text          0x00000000080015b8      0x238 /usr/lib/gcc/arm-none-eabi/10.3.1/../../../arm-none-eabi/lib/thumb/v7e-m+fp/hard/libc_nano.a(lib_a-findfp.o)
                0x00000000080015bc                _cleanup_r
                0x00000000080015cc                __sfmoreglue
                0x00000000080015fc                __sfp
                0x000000000800179c                _cleanup
                0x00000000080017b0                __sinit
                0x00000000080017b8                __sfp_lock_acquire
                0x00000000080017bc                __sfp_lock_release
                0x00000000080017c0                __sinit_lock_acquire
                0x00000000080017c4                __sinit_lock_release
                0x00000000080017c8                __fp_lock_all
                0x00000000080017dc                __fp_unlock_all
 .text          0x00000000080017f0       0x88 /usr/lib/gcc/arm-none-eabi/10.3.1/../../../arm-none-eabi/lib/thumb/v7e-m+fp/hard/libc_nano.a(lib_a-fwalk.o)
                0x00000000080017f0                _fwalk
                0x0000000008001830                _fwalk_reent
 .text          0x0000000008001878        0x8 /usr/lib/gcc/arm-none-eabi/10.3.1/../../../arm-none-eabi/lib/thumb/v7e-m+fp/hard/libc_nano.a(lib_a-mlock.o)
                0x0000000008001878                __malloc_lock
                0x000000000800187c                __malloc_unlock
 .text          0x0000000008001880      0x328 /usr/lib/gcc/arm-none-eabi/10.3.1/../../../arm-none-eabi/lib/thumb/v7e-m+fp/hard/libc_nano.a(lib_a-nano-vfprintf.o)
                0x00000000080018bc                __sfputs_r
                0x00000000080018ec                __sprint_r
                0x0000000008001908                _vfiprintf_r
                0x0000000008001908                _vfprintf_r
                0x0000000008001b8c                vfiprintf
                0x0000000008001b8c                vfprintf
 .text          0x0000000008001ba8      0x3dc /usr/lib/gcc/arm-none-eabi/10.3.1/../../../arm-none-eabi/lib/thumb/v7e-m+fp/hard/libc_nano.a(lib_a-nano-vfprintf_i.o)
                0x0000000008001ba8                _printf_common
                0x0000000008001cd4                _printf_i
 .text          0x0000000008001f84       0x90 /usr/lib/gcc/arm-none-eabi/10.3.1/../../../arm-none-eabi/lib/thumb/v7e-m+fp/hard/libc_nano.a(lib_a-stdio.o)
                0x0000000008001f84                __sread
                0x0000000008001fa8                __seofread
                0x0000000008001fac                __swrite
                0x0000000008001fec                __sseek
                0x000000000800200c                __sclose
 .text          0x0000000008002014       0xc8 /usr/lib/gcc/arm-none-eabi/10.3.1/../../../arm-none-eabi/lib/thumb/v7e-m+fp/hard/libc_nano.a(lib_a-wbuf.o)
                0x0000000008002014                __swbuf_r
                0x00000000080020c4                __swbuf
 .text          0x00000000080020dc       0x2c /usr/lib/gcc/arm-none-eabi/10.3.1/../../../arm-none-eabi/lib/thumb/v7e-m+fp/hard/libc_nano.a(lib_a-writer.o)
                0x00000000080020dc                _write_r
 .text          0x0000000008002108      0x104 /usr/lib/gcc/arm-none-eabi/10.3.1/../../../arm-none-eabi/lib/thumb/v7e-m+fp/hard/libc_nano.a(lib_a-wsetup.o)
                0x0000000008002108                __swsetup_r
 .text          0x000000000800220c       0x24 /usr/lib/gcc/arm-none-eabi/10.3.1/../../../arm-none-eabi/lib/thumb/v7e-m+fp/hard/libc_nano.a(lib_a-closer.o)
                0x000000000800220c                _close_r
 .text          0x0000000008002230      0x1e8 /usr/lib/gcc/arm-none-eabi/10.3.1/../../../arm-none-eabi/lib/thumb/v7e-m+fp/hard/libc_nano.a(lib_a-fflush.o)
                0x0000000008002230                __sflush_r
                0x0000000008002344                _fflush_r
                0x0000000008002398                fflush
 .text          0x0000000008002418      0x2f0 /usr/lib/gcc/arm-none-eabi/10.3.1/../../../arm-none-eabi/lib/thumb/v7e-m+fp/hard/libc_nano.a(lib_a-fvwrite.o)
                0x0000000008002418                __sfvwrite_r
 .text          0x0000000008002708       0x2c /usr/lib/gcc/arm-none-eabi/10.3.1/../../../arm-none-eabi/lib/thumb/v7e-m+fp/hard/libc_nano.a(lib_a-lseekr.o)
                0x0000000008002708                _lseek_r
 .text          0x0000000008002734      0x11c /usr/lib/gcc/arm-none-eabi/10.3.1/../../../arm-none-eabi/lib/thumb/v7e-m+fp/hard/libc_nano.a(lib_a-makebuf.o)
                0x0000000008002734                __smakebuf_r
                0x00000000080027f4                __swhatbuf_r
 .text          0x0000000008002850       0xa0 /usr/lib/gcc/arm-none-eabi/10.3.1/../../../arm-none-eabi/lib/thumb/v7e-m+fp/hard/libc_nano.a(lib_a-memchr.o)
                0x0000000008002850                memchr
 .text          0x00000000080028f0       0xf8 /usr/lib/gcc/arm-none-eabi/10.3.1/../../../arm-none-eabi/lib/thumb/v7e-m+fp/hard/libc_nano.a(lib_a-memmove.o)
                0x00000000080028f0                memmove
 .text          0x00000000080029e8       0x50 /usr/lib/gcc/arm-none-eabi/10.3.1/../../../arm-none-eabi/lib/thumb/v7e-m+fp/hard/libc_nano.a(lib_a-nano-reallocr.o)
                0x00000000080029e8                _realloc_r
 .text          0x0000000008002a38       0x2c /usr/lib/gcc/arm-none-eabi/10.3.1/../../../arm-none-eabi/lib/thumb/v7e-m+fp/hard/libc_nano.a(lib_a-readr.o)
                0x0000000008002a38                _read_r
 .text          0x0000000008002a64       0x2c /usr/lib/gcc/arm-none-eabi/10.3.1/../../../arm-none-eabi/lib/thumb/v7e-m+fp/hard/libc_nano.a(lib_a-fstatr.o)
                0x0000000008002a64                _fstat_r
 .text          0x0000000008002a90       0x24 /usr/lib/gcc/arm-none-eabi/10.3.1/../../../arm-none-eabi/lib/thumb/v7e-m+fp/hard/libc_nano.a(lib_a-isattyr.o)
                0x0000000008002a90                _isatty_r
 .text          0x0000000008002ab4       0x14 /usr/lib/gcc/arm-none-eabi/10.3.1/../../../arm-none-eabi/lib/thumb/v7e-m+fp/hard/libc_nano.a(lib_a-nano-msizer.o)
                0x0000000008002ab4                _malloc_usable_size_r
 .text          0x0000000008002ac8       0x30 /usr/lib/gcc/arm-none-eabi/10.3.1/thumb/v7e-m+fp/hard/libgcc.a(_aeabi_uldivmod.o)
                0x0000000008002ac8                __aeabi_uldivmod
 .text          0x0000000008002af8      0x2d0 /usr/lib/gcc/arm-none-eabi/10.3.1/thumb/v7e-m+fp/hard/libgcc.a(_udivmoddi4.o)
                0x0000000008002af8                __udivmoddi4
 .text          0x0000000008002dc8      0x9d8 /usr/lib/gcc/arm-none-eabi/10.3.1/thumb/v7e-m+fp/hard/libgcc.a(unwind-arm.o)
                0x0000000008003070                _Unwind_GetCFA
                0x0000000008003074                __gnu_Unwind_RaiseException
                0x00000000080030dc                __gnu_Unwind_ForcedUnwind
                0x00000000080030ec                __gnu_Unwind_Resume
                0x0000000008003130                __gnu_Unwind_Resume_or_Rethrow
                0x0000000008003140                _Unwind_Complete
                0x0000000008003144                _Unwind_DeleteException
                0x0000000008003150                _Unwind_VRS_Get
                0x000000000800319c                _Unwind_VRS_Set
                0x00000000080031e4                __gnu_Unwind_Backtrace
                0x0000000008003510                __aeabi_unwind_cpp_pr0
                0x0000000008003514                __aeabi_unwind_cpp_pr1
                0x0000000008003518                __aeabi_unwind_cpp_pr2
                0x000000000800351c                _Unwind_VRS_Pop
 .text          0x00000000080037a0      0x1ac /usr/lib/gcc/arm-none-eabi/10.3.1/thumb/v7e-m+fp/hard/libgcc.a(libunwind.o)
                0x00000000080037a0                __restore_core_regs
                0x00000000080037a0                restore_core_regs
                0x00000000080037b8                __gnu_Unwind_Restore_VFP
                0x00000000080037c0                __gnu_Unwind_Save_VFP
                0x00000000080037c8                __gnu_Unwind_Restore_VFP_D
                0x00000000080037d0                __gnu_Unwind_Save_VFP_D
                0x00000000080037d8                __gnu_Unwind_Restore_VFP_D_16_to_31
                0x00000000080037e0                __gnu_Unwind_Save_VFP_D_16_to_31
                0x00000000080037e8                __gnu_Unwind_Restore_WMMXD
                0x000000000800382c                __gnu_Unwind_Save_WMMXD
                0x0000000008003870                __gnu_Unwind_Restore_WMMXC
                0x0000000008003884                __gnu_Unwind_Save_WMMXC
                0x0000000008003898                ___Unwind_RaiseException
                0x0000000008003898                _Unwind_RaiseException
                0x00000000080038bc                ___Unwind_Resume
                0x00000000080038bc                _Unwind_Resume
                0x00000000080038e0                _Unwind_Resume_or_Rethrow
                0x00000000080038e0                ___Unwind_Resume_or_Rethrow
                0x0000000008003904                ___Unwind_ForcedUnwind
                0x0000000008003904                _Unwind_ForcedUnwind
                0x0000000008003928                _Unwind_Backtrace
                0x0000000008003928                ___Unwind_Backtrace
 .text          0x000000000800394c      0x350 /usr/lib/gcc/arm-none-eabi/10.3.1/thumb/v7e-m+fp/hard/libgcc.a(pr-support.o)
                0x00000000080039a4                __gnu_unwind_execute
                0x0000000008003c50                __gnu_unwind_frame
                0x0000000008003c7c                _Unwind_GetRegionStart
                0x0000000008003c88                _Unwind_GetLanguageSpecificData
 .text          0x0000000008003c9c        0x4 /usr/lib/gcc/arm-none-eabi/10.3.1/thumb/v7e-m+fp/hard/libgcc.a(_dvmd_tls.o)
                0x0000000008003c9c                __aeabi_ldiv0
                0x0000000008003c9c                __aeabi_idiv0
 .text          0x0000000008003ca0       0x10 /usr/lib/gcc/arm-none-eabi/10.3.1/../../../arm-none-eabi/lib/thumb/v7e-m+fp/hard/libc_nano.a(lib_a-abort.o)
                0x0000000008003ca0                abort
 .text          0x0000000008003cb0      0x268 /usr/lib/gcc/arm-none-eabi/10.3.1/../../../arm-none-eabi/lib/thumb/v7e-m+fp/hard/libc_nano.a(lib_a-signal.o)
                0x0000000008003cb0                _init_signal_r
                0x0000000008003cdc                _signal_r
                0x0000000008003d24                _raise_r
                0x0000000008003d78                __sigtramp_r
                0x0000000008003dd8                raise
                0x0000000008003e30                signal
                0x0000000008003e80                _init_signal
                0x0000000008003eb4                __sigtramp
 .text          0x0000000008003f18       0x30 /usr/lib/gcc/arm-none-eabi/10.3.1/../../../arm-none-eabi/lib/thumb/v7e-m+fp/hard/libc_nano.a(lib_a-signalr.o)
                0x0000000008003f18                _kill_r
                0x0000000008003f44                _getpid_r
 *(.text*)
 .text.Reset_Handler
                0x0000000008003f48       0x50 ./Core/Startup/startup_stm32f407vgtx.o
                0x0000000008003f48                Reset_Handler
 .text.Default_Handler
                0x0000000008003f98        0x2 ./Core/Startup/startup_stm32f407vgtx.o
                0x0000000008003f98                RTC_Alarm_IRQHandler
                0x0000000008003f98                HASH_RNG_IRQHandler
                0x0000000008003f98                EXTI2_IRQHandler
                0x0000000008003f98                TIM8_CC_IRQHandler
                0x0000000008003f98                TIM1_CC_IRQHandler
                0x0000000008003f98                DMA2_Stream5_IRQHandler
                0x0000000008003f98                DMA1_Stream5_IRQHandler
                0x0000000008003f98                PVD_IRQHandler
                0x0000000008003f98                SDIO_IRQHandler
                0x0000000008003f98                TAMP_STAMP_IRQHandler
                0x0000000008003f98                CAN2_RX1_IRQHandler
                0x0000000008003f98                EXTI3_IRQHandler
                0x0000000008003f98                TIM8_TRG_COM_TIM14_IRQHandler
                0x0000000008003f98                TIM1_UP_TIM10_IRQHandler
                0x0000000008003f98                TIM8_UP_TIM13_IRQHandler
                0x0000000008003f98                I2C3_ER_IRQHandler
                0x0000000008003f98                EXTI0_IRQHandler
                0x0000000008003f98                I2C2_EV_IRQHandler
                0x0000000008003f98                DMA1_Stream2_IRQHandler
                0x0000000008003f98                CAN1_RX0_IRQHandler
                0x0000000008003f98                FPU_IRQHandler
                0x0000000008003f98                OTG_HS_WKUP_IRQHandler
                0x0000000008003f98                CAN2_SCE_IRQHandler
                0x0000000008003f98                DMA2_Stream2_IRQHandler
                0x0000000008003f98                SPI1_IRQHandler
                0x0000000008003f98                TIM6_DAC_IRQHandler
                0x0000000008003f98                TIM1_BRK_TIM9_IRQHandler
                0x0000000008003f98                DCMI_IRQHandler
                0x0000000008003f98                CAN2_RX0_IRQHandler
                0x0000000008003f98                DMA2_Stream3_IRQHandler
                0x0000000008003f98                USART6_IRQHandler
                0x0000000008003f98                USART3_IRQHandler
                0x0000000008003f98                CAN1_RX1_IRQHandler
                0x0000000008003f98                UART5_IRQHandler
                0x0000000008003f98                DMA2_Stream0_IRQHandler
                0x0000000008003f98                TIM4_IRQHandler
                0x0000000008003f98                I2C1_EV_IRQHandler
                0x0000000008003f98                DMA1_Stream6_IRQHandler
                0x0000000008003f98                DMA1_Stream1_IRQHandler
                0x0000000008003f98                UART4_IRQHandler
                0x0000000008003f98                TIM3_IRQHandler
                0x0000000008003f98                RCC_IRQHandler
                0x0000000008003f98                TIM8_BRK_TIM12_IRQHandler
                0x0000000008003f98                Default_Handler
                0x0000000008003f98                EXTI15_10_IRQHandler
                0x0000000008003f98                ADC_IRQHandler
                0x0000000008003f98                DMA1_Stream7_IRQHandler
                0x0000000008003f98                TIM7_IRQHandler
                0x0000000008003f98                CAN2_TX_IRQHandler
                0x0000000008003f98                TIM5_IRQHandler
                0x0000000008003f98                DMA2_Stream7_IRQHandler
                0x0000000008003f98                I2C3_EV_IRQHandler
                0x0000000008003f98                EXTI9_5_IRQHandler
                0x0000000008003f98                RTC_WKUP_IRQHandler
                0x0000000008003f98                ETH_WKUP_IRQHandler
                0x0000000008003f98                SPI2_IRQHandler
                0x0000000008003f98                OTG_HS_EP1_IN_IRQHandler
                0x0000000008003f98                DMA1_Stream0_IRQHandler
                0x0000000008003f98                CAN1_TX_IRQHandler
                0x0000000008003f98                EXTI4_IRQHandler
                0x0000000008003f98                FSMC_IRQHandler
                0x0000000008003f98                ETH_IRQHandler
                0x0000000008003f98                OTG_HS_EP1_OUT_IRQHandler
                0x0000000008003f98                WWDG_IRQHandler
                0x0000000008003f98                TIM2_IRQHandler
                0x0000000008003f98                OTG_FS_WKUP_IRQHandler
                0x0000000008003f98                TIM1_TRG_COM_TIM11_IRQHandler
                0x0000000008003f98                OTG_HS_IRQHandler
                0x0000000008003f98                EXTI1_IRQHandler
                0x0000000008003f98                USART2_IRQHandler
                0x0000000008003f98                I2C2_ER_IRQHandler
                0x0000000008003f98                DMA2_Stream1_IRQHandler
                0x0000000008003f98                CAN1_SCE_IRQHandler
                0x0000000008003f98                FLASH_IRQHandler
                0x0000000008003f98                DMA2_Stream4_IRQHandler
                0x0000000008003f98                USART1_IRQHandler
                0x0000000008003f98                SPI3_IRQHandler
                0x0000000008003f98                DMA1_Stream4_IRQHandler
                0x0000000008003f98                I2C1_ER_IRQHandler
                0x0000000008003f98                DMA2_Stream6_IRQHandler
                0x0000000008003f98                DMA1_Stream3_IRQHandler
 *fill*         0x0000000008003f9a        0x2 
 .text.HAL_Init
                0x0000000008003f9c       0x44 ./Drivers/STM32F4xx_HAL_Driver/Src/stm32f4xx_hal.o
                0x0000000008003f9c                HAL_Init
 .text.HAL_InitTick
                0x0000000008003fe0       0x60 ./Drivers/STM32F4xx_HAL_Driver/Src/stm32f4xx_hal.o
                0x0000000008003fe0                HAL_InitTick
 .text.HAL_IncTick
                0x0000000008004040       0x28 ./Drivers/STM32F4xx_HAL_Driver/Src/stm32f4xx_hal.o
                0x0000000008004040                HAL_IncTick
 .text.HAL_GetTick
                0x0000000008004068       0x18 ./Drivers/STM32F4xx_HAL_Driver/Src/stm32f4xx_hal.o
                0x0000000008004068                HAL_GetTick
 .text.HAL_Delay
                0x0000000008004080       0x48 ./Drivers/STM32F4xx_HAL_Driver/Src/stm32f4xx_hal.o
                0x0000000008004080                HAL_Delay
 .text.__NVIC_SetPriorityGrouping
                0x00000000080040c8       0x48 ./Drivers/STM32F4xx_HAL_Driver/Src/stm32f4xx_hal_cortex.o
 .text.__NVIC_GetPriorityGrouping
                0x0000000008004110       0x1c ./Drivers/STM32F4xx_HAL_Driver/Src/stm32f4xx_hal_cortex.o
 .text.__NVIC_EnableIRQ
                0x000000000800412c       0x3c ./Drivers/STM32F4xx_HAL_Driver/Src/stm32f4xx_hal_cortex.o
 .text.__NVIC_SetPriority
                0x0000000008004168       0x54 ./Drivers/STM32F4xx_HAL_Driver/Src/stm32f4xx_hal_cortex.o
 .text.NVIC_EncodePriority
                0x00000000080041bc       0x66 ./Drivers/STM32F4xx_HAL_Driver/Src/stm32f4xx_hal_cortex.o
 *fill*         0x0000000008004222        0x2 
 .text.SysTick_Config
                0x0000000008004224       0x44 ./Drivers/STM32F4xx_HAL_Driver/Src/stm32f4xx_hal_cortex.o
 .text.HAL_NVIC_SetPriorityGrouping
                0x0000000008004268       0x16 ./Drivers/STM32F4xx_HAL_Driver/Src/stm32f4xx_hal_cortex.o
                0x0000000008004268                HAL_NVIC_SetPriorityGrouping
 .text.HAL_NVIC_SetPriority
                0x000000000800427e       0x38 ./Drivers/STM32F4xx_HAL_Driver/Src/stm32f4xx_hal_cortex.o
                0x000000000800427e                HAL_NVIC_SetPriority
 .text.HAL_NVIC_EnableIRQ
                0x00000000080042b6       0x1c ./Drivers/STM32F4xx_HAL_Driver/Src/stm32f4xx_hal_cortex.o
                0x00000000080042b6                HAL_NVIC_EnableIRQ
 .text.HAL_SYSTICK_Config
                0x00000000080042d2       0x18 ./Drivers/STM32F4xx_HAL_Driver/Src/stm32f4xx_hal_cortex.o
                0x00000000080042d2                HAL_SYSTICK_Config
 *fill*         0x00000000080042ea        0x2 
 .text.HAL_GPIO_Init
                0x00000000080042ec      0x338 ./Drivers/STM32F4xx_HAL_Driver/Src/stm32f4xx_hal_gpio.o
                0x00000000080042ec                HAL_GPIO_Init
 .text.HAL_GPIO_DeInit
                0x0000000008004624      0x1f8 ./Drivers/STM32F4xx_HAL_Driver/Src/stm32f4xx_hal_gpio.o
                0x0000000008004624                HAL_GPIO_DeInit
 .text.HAL_GPIO_WritePin
                0x000000000800481c       0x32 ./Drivers/STM32F4xx_HAL_Driver/Src/stm32f4xx_hal_gpio.o
                0x000000000800481c                HAL_GPIO_WritePin
 .text.HAL_HCD_Init
                0x000000000800484e       0xc4 ./Drivers/STM32F4xx_HAL_Driver/Src/stm32f4xx_hal_hcd.o
                0x000000000800484e                HAL_HCD_Init
 .text.HAL_HCD_HC_Init
                0x0000000008004912      0x11e ./Drivers/STM32F4xx_HAL_Driver/Src/stm32f4xx_hal_hcd.o
                0x0000000008004912                HAL_HCD_HC_Init
 .text.HAL_HCD_HC_Halt
                0x0000000008004a30       0x46 ./Drivers/STM32F4xx_HAL_Driver/Src/stm32f4xx_hal_hcd.o
                0x0000000008004a30                HAL_HCD_HC_Halt
 *fill*         0x0000000008004a76        0x2 
 .text.HAL_HCD_HC_SubmitRequest
                0x0000000008004a78      0x2ac ./Drivers/STM32F4xx_HAL_Driver/Src/stm32f4xx_hal_hcd.o
                0x0000000008004a78                HAL_HCD_HC_SubmitRequest
 .text.HAL_HCD_IRQHandler
                0x0000000008004d24      0x216 ./Drivers/STM32F4xx_HAL_Driver/Src/stm32f4xx_hal_hcd.o
                0x0000000008004d24                HAL_HCD_IRQHandler
 .text.HAL_HCD_Start
                0x0000000008004f3a       0x46 ./Drivers/STM32F4xx_HAL_Driver/Src/stm32f4xx_hal_hcd.o
                0x0000000008004f3a                HAL_HCD_Start
 .text.HAL_HCD_Stop
                0x0000000008004f80       0x3a ./Drivers/STM32F4xx_HAL_Driver/Src/stm32f4xx_hal_hcd.o
                0x0000000008004f80                HAL_HCD_Stop
 .text.HAL_HCD_ResetPort
                0x0000000008004fba       0x1c ./Drivers/STM32F4xx_HAL_Driver/Src/stm32f4xx_hal_hcd.o
                0x0000000008004fba                HAL_HCD_ResetPort
 .text.HAL_HCD_HC_GetURBState
                0x0000000008004fd6       0x28 ./Drivers/STM32F4xx_HAL_Driver/Src/stm32f4xx_hal_hcd.o
                0x0000000008004fd6                HAL_HCD_HC_GetURBState
 .text.HAL_HCD_HC_GetXferCount
                0x0000000008004ffe       0x28 ./Drivers/STM32F4xx_HAL_Driver/Src/stm32f4xx_hal_hcd.o
                0x0000000008004ffe                HAL_HCD_HC_GetXferCount
 .text.HAL_HCD_GetCurrentFrame
                0x0000000008005026       0x1c ./Drivers/STM32F4xx_HAL_Driver/Src/stm32f4xx_hal_hcd.o
                0x0000000008005026                HAL_HCD_GetCurrentFrame
 .text.HAL_HCD_GetCurrentSpeed
                0x0000000008005042       0x1c ./Drivers/STM32F4xx_HAL_Driver/Src/stm32f4xx_hal_hcd.o
                0x0000000008005042                HAL_HCD_GetCurrentSpeed
 .text.HCD_HC_IN_IRQHandler
                0x000000000800505e      0x6aa ./Drivers/STM32F4xx_HAL_Driver/Src/stm32f4xx_hal_hcd.o
 .text.HCD_HC_OUT_IRQHandler
                0x0000000008005708      0x6d2 ./Drivers/STM32F4xx_HAL_Driver/Src/stm32f4xx_hal_hcd.o
 .text.HCD_RXQLVL_IRQHandler
                0x0000000008005dda      0x1a4 ./Drivers/STM32F4xx_HAL_Driver/Src/stm32f4xx_hal_hcd.o
 .text.HCD_Port_IRQHandler
                0x0000000008005f7e       0xe6 ./Drivers/STM32F4xx_HAL_Driver/Src/stm32f4xx_hal_hcd.o
 .text.HAL_I2C_Init
                0x0000000008006064      0x288 ./Drivers/STM32F4xx_HAL_Driver/Src/stm32f4xx_hal_i2c.o
                0x0000000008006064                HAL_I2C_Init
 .text.HAL_I2S_Init
                0x00000000080062ec      0x280 ./Drivers/STM32F4xx_HAL_Driver/Src/stm32f4xx_hal_i2s.o
                0x00000000080062ec                HAL_I2S_Init
 .text.HAL_I2S_TxCpltCallback
                0x000000000800656c       0x14 ./Drivers/STM32F4xx_HAL_Driver/Src/stm32f4xx_hal_i2s.o
                0x000000000800656c                HAL_I2S_TxCpltCallback
 .text.HAL_I2S_RxCpltCallback
                0x0000000008006580       0x14 ./Drivers/STM32F4xx_HAL_Driver/Src/stm32f4xx_hal_i2s.o
                0x0000000008006580                HAL_I2S_RxCpltCallback
 .text.HAL_I2S_ErrorCallback
                0x0000000008006594       0x14 ./Drivers/STM32F4xx_HAL_Driver/Src/stm32f4xx_hal_i2s.o
                0x0000000008006594                HAL_I2S_ErrorCallback
 .text.I2S_Transmit_IT
                0x00000000080065a8       0x5c ./Drivers/STM32F4xx_HAL_Driver/Src/stm32f4xx_hal_i2s.o
 .text.I2S_Receive_IT
                0x0000000008006604       0x5e ./Drivers/STM32F4xx_HAL_Driver/Src/stm32f4xx_hal_i2s.o
 .text.I2S_IRQHandler
                0x0000000008006662      0x114 ./Drivers/STM32F4xx_HAL_Driver/Src/stm32f4xx_hal_i2s.o
 *fill*         0x0000000008006776        0x2 
 .text.HAL_I2SEx_FullDuplex_IRQHandler
                0x0000000008006778      0x2a8 ./Drivers/STM32F4xx_HAL_Driver/Src/stm32f4xx_hal_i2s_ex.o
                0x0000000008006778                HAL_I2SEx_FullDuplex_IRQHandler
 .text.HAL_I2SEx_TxRxCpltCallback
                0x0000000008006a20       0x14 ./Drivers/STM32F4xx_HAL_Driver/Src/stm32f4xx_hal_i2s_ex.o
                0x0000000008006a20                HAL_I2SEx_TxRxCpltCallback
 .text.I2SEx_TxISR_I2S
                0x0000000008006a34       0x62 ./Drivers/STM32F4xx_HAL_Driver/Src/stm32f4xx_hal_i2s_ex.o
 *fill*         0x0000000008006a96        0x2 
 .text.I2SEx_TxISR_I2SExt
                0x0000000008006a98       0x98 ./Drivers/STM32F4xx_HAL_Driver/Src/stm32f4xx_hal_i2s_ex.o
 .text.I2SEx_RxISR_I2S
                0x0000000008006b30       0x64 ./Drivers/STM32F4xx_HAL_Driver/Src/stm32f4xx_hal_i2s_ex.o
 .text.I2SEx_RxISR_I2SExt
                0x0000000008006b94       0x98 ./Drivers/STM32F4xx_HAL_Driver/Src/stm32f4xx_hal_i2s_ex.o
 .text.HAL_RCC_OscConfig
                0x0000000008006c2c      0x4f0 ./Drivers/STM32F4xx_HAL_Driver/Src/stm32f4xx_hal_rcc.o
                0x0000000008006c2c                HAL_RCC_OscConfig
 .text.HAL_RCC_ClockConfig
                0x000000000800711c      0x1cc ./Drivers/STM32F4xx_HAL_Driver/Src/stm32f4xx_hal_rcc.o
                0x000000000800711c                HAL_RCC_ClockConfig
 .text.HAL_RCC_GetSysClockFreq
                0x00000000080072e8      0x20c ./Drivers/STM32F4xx_HAL_Driver/Src/stm32f4xx_hal_rcc.o
                0x00000000080072e8                HAL_RCC_GetSysClockFreq
 .text.HAL_RCC_GetHCLKFreq
                0x00000000080074f4       0x18 ./Drivers/STM32F4xx_HAL_Driver/Src/stm32f4xx_hal_rcc.o
                0x00000000080074f4                HAL_RCC_GetHCLKFreq
 .text.HAL_RCC_GetPCLK1Freq
                0x000000000800750c       0x28 ./Drivers/STM32F4xx_HAL_Driver/Src/stm32f4xx_hal_rcc.o
                0x000000000800750c                HAL_RCC_GetPCLK1Freq
 .text.HAL_RCC_GetPCLK2Freq
                0x0000000008007534       0x28 ./Drivers/STM32F4xx_HAL_Driver/Src/stm32f4xx_hal_rcc.o
                0x0000000008007534                HAL_RCC_GetPCLK2Freq
 .text.HAL_RCCEx_PeriphCLKConfig
                0x000000000800755c      0x1c4 ./Drivers/STM32F4xx_HAL_Driver/Src/stm32f4xx_hal_rcc_ex.o
                0x000000000800755c                HAL_RCCEx_PeriphCLKConfig
 .text.HAL_RCCEx_GetPeriphCLKFreq
                0x0000000008007720       0xbc ./Drivers/STM32F4xx_HAL_Driver/Src/stm32f4xx_hal_rcc_ex.o
                0x0000000008007720                HAL_RCCEx_GetPeriphCLKFreq
 .text.HAL_SPI_Init
                0x00000000080077dc      0x112 ./Drivers/STM32F4xx_HAL_Driver/Src/stm32f4xx_hal_spi.o
                0x00000000080077dc                HAL_SPI_Init
 .text.HAL_UART_Init
                0x00000000080078ee       0x9a ./Drivers/STM32F4xx_HAL_Driver/Src/stm32f4xx_hal_uart.o
                0x00000000080078ee                HAL_UART_Init
 .text.HAL_UART_Transmit
                0x0000000008007988      0x124 ./Drivers/STM32F4xx_HAL_Driver/Src/stm32f4xx_hal_uart.o
                0x0000000008007988                HAL_UART_Transmit
 .text.UART_WaitOnFlagUntilTimeout
                0x0000000008007aac       0xdc ./Drivers/STM32F4xx_HAL_Driver/Src/stm32f4xx_hal_uart.o
 .text.UART_SetConfig
                0x0000000008007b88      0x4e8 ./Drivers/STM32F4xx_HAL_Driver/Src/stm32f4xx_hal_uart.o
 .text.USB_CoreInit
                0x0000000008008070       0xc2 ./Drivers/STM32F4xx_HAL_Driver/Src/stm32f4xx_ll_usb.o
                0x0000000008008070                USB_CoreInit
 .text.USB_EnableGlobalInt
                0x0000000008008132       0x22 ./Drivers/STM32F4xx_HAL_Driver/Src/stm32f4xx_ll_usb.o
                0x0000000008008132                USB_EnableGlobalInt
 .text.USB_DisableGlobalInt
                0x0000000008008154       0x22 ./Drivers/STM32F4xx_HAL_Driver/Src/stm32f4xx_ll_usb.o
                0x0000000008008154                USB_DisableGlobalInt
 .text.USB_SetCurrentMode
                0x0000000008008176       0x98 ./Drivers/STM32F4xx_HAL_Driver/Src/stm32f4xx_ll_usb.o
                0x0000000008008176                USB_SetCurrentMode
 *fill*         0x000000000800820e        0x2 
 .text.USB_FlushTxFifo
                0x0000000008008210       0x68 ./Drivers/STM32F4xx_HAL_Driver/Src/stm32f4xx_ll_usb.o
                0x0000000008008210                USB_FlushTxFifo
 .text.USB_FlushRxFifo
                0x0000000008008278       0x60 ./Drivers/STM32F4xx_HAL_Driver/Src/stm32f4xx_ll_usb.o
                0x0000000008008278                USB_FlushRxFifo
 .text.USB_WritePacket
                0x00000000080082d8       0x7c ./Drivers/STM32F4xx_HAL_Driver/Src/stm32f4xx_ll_usb.o
                0x00000000080082d8                USB_WritePacket
 .text.USB_ReadPacket
                0x0000000008008354       0xb0 ./Drivers/STM32F4xx_HAL_Driver/Src/stm32f4xx_ll_usb.o
                0x0000000008008354                USB_ReadPacket
 .text.USB_ReadInterrupts
                0x0000000008008404       0x26 ./Drivers/STM32F4xx_HAL_Driver/Src/stm32f4xx_ll_usb.o
                0x0000000008008404                USB_ReadInterrupts
 .text.USB_GetMode
                0x000000000800842a       0x1c ./Drivers/STM32F4xx_HAL_Driver/Src/stm32f4xx_ll_usb.o
                0x000000000800842a                USB_GetMode
 *fill*         0x0000000008008446        0x2 
 .text.USB_CoreReset
                0x0000000008008448       0x68 ./Drivers/STM32F4xx_HAL_Driver/Src/stm32f4xx_ll_usb.o
 .text.USB_HostInit
                0x00000000080084b0      0x180 ./Drivers/STM32F4xx_HAL_Driver/Src/stm32f4xx_ll_usb.o
                0x00000000080084b0                USB_HostInit
 .text.USB_InitFSLSPClkSel
                0x0000000008008630       0x74 ./Drivers/STM32F4xx_HAL_Driver/Src/stm32f4xx_ll_usb.o
                0x0000000008008630                USB_InitFSLSPClkSel
 .text.USB_ResetPort
                0x00000000080086a4       0x54 ./Drivers/STM32F4xx_HAL_Driver/Src/stm32f4xx_ll_usb.o
                0x00000000080086a4                USB_ResetPort
 .text.USB_DriveVbus
                0x00000000080086f8       0x72 ./Drivers/STM32F4xx_HAL_Driver/Src/stm32f4xx_ll_usb.o
                0x00000000080086f8                USB_DriveVbus
 .text.USB_GetHostSpeed
                0x000000000800876a       0x2e ./Drivers/STM32F4xx_HAL_Driver/Src/stm32f4xx_ll_usb.o
                0x000000000800876a                USB_GetHostSpeed
 .text.USB_GetCurrentFrame
                0x0000000008008798       0x22 ./Drivers/STM32F4xx_HAL_Driver/Src/stm32f4xx_ll_usb.o
                0x0000000008008798                USB_GetCurrentFrame
 *fill*         0x00000000080087ba        0x2 
 .text.USB_HC_Init
                0x00000000080087bc      0x244 ./Drivers/STM32F4xx_HAL_Driver/Src/stm32f4xx_ll_usb.o
                0x00000000080087bc                USB_HC_Init
 .text.USB_HC_StartXfer
                0x0000000008008a00      0x284 ./Drivers/STM32F4xx_HAL_Driver/Src/stm32f4xx_ll_usb.o
                0x0000000008008a00                USB_HC_StartXfer
 .text.USB_HC_ReadInterrupt
                0x0000000008008c84       0x22 ./Drivers/STM32F4xx_HAL_Driver/Src/stm32f4xx_ll_usb.o
                0x0000000008008c84                USB_HC_ReadInterrupt
 .text.USB_HC_Halt
                0x0000000008008ca6      0x1f8 ./Drivers/STM32F4xx_HAL_Driver/Src/stm32f4xx_ll_usb.o
                0x0000000008008ca6                USB_HC_Halt
 *fill*         0x0000000008008e9e        0x2 
 .text.USB_DoPing
                0x0000000008008ea0       0x78 ./Drivers/STM32F4xx_HAL_Driver/Src/stm32f4xx_ll_usb.o
                0x0000000008008ea0                USB_DoPing
 .text.USB_StopHost
                0x0000000008008f18      0x124 ./Drivers/STM32F4xx_HAL_Driver/Src/stm32f4xx_ll_usb.o
                0x0000000008008f18                USB_StopHost
 .text.USBH_CDC_InterfaceInit
                0x000000000800903c      0x2ac ./Middlewares/ST/STM32_USB_Host_Library/Class/CDC/Src/usbh_cdc.o
 .text.USBH_CDC_InterfaceDeInit
                0x00000000080092e8       0xb2 ./Middlewares/ST/STM32_USB_Host_Library/Class/CDC/Src/usbh_cdc.o
 .text.USBH_CDC_ClassRequest
                0x000000000800939a       0x3e ./Middlewares/ST/STM32_USB_Host_Library/Class/CDC/Src/usbh_cdc.o
 .text.USBH_CDC_Process
                0x00000000080093d8      0x12c ./Middlewares/ST/STM32_USB_Host_Library/Class/CDC/Src/usbh_cdc.o
 .text.USBH_CDC_SOFProcess
                0x0000000008009504       0x16 ./Middlewares/ST/STM32_USB_Host_Library/Class/CDC/Src/usbh_cdc.o
 .text.GetLineCoding
                0x000000000800951a       0x3e ./Middlewares/ST/STM32_USB_Host_Library/Class/CDC/Src/usbh_cdc.o
 .text.SetLineCoding
                0x0000000008009558       0x3e ./Middlewares/ST/STM32_USB_Host_Library/Class/CDC/Src/usbh_cdc.o
 .text.CDC_ProcessTransmission
                0x0000000008009596       0xec ./Middlewares/ST/STM32_USB_Host_Library/Class/CDC/Src/usbh_cdc.o
 .text.CDC_ProcessReception
                0x0000000008009682       0xb6 ./Middlewares/ST/STM32_USB_Host_Library/Class/CDC/Src/usbh_cdc.o
 .text.USBH_CDC_TransmitCallback
                0x0000000008009738       0x14 ./Middlewares/ST/STM32_USB_Host_Library/Class/CDC/Src/usbh_cdc.o
                0x0000000008009738                USBH_CDC_TransmitCallback
 .text.USBH_CDC_ReceiveCallback
                0x000000000800974c       0x14 ./Middlewares/ST/STM32_USB_Host_Library/Class/CDC/Src/usbh_cdc.o
                0x000000000800974c                USBH_CDC_ReceiveCallback
 .text.USBH_CDC_LineCodingChanged
                0x0000000008009760       0x14 ./Middlewares/ST/STM32_USB_Host_Library/Class/CDC/Src/usbh_cdc.o
                0x0000000008009760                USBH_CDC_LineCodingChanged
 .text.USBH_Init
                0x0000000008009774       0x74 ./Middlewares/ST/STM32_USB_Host_Library/Core/Src/usbh_core.o
                0x0000000008009774                USBH_Init
 .text.DeInitStateMachine
                0x00000000080097e8       0xa8 ./Middlewares/ST/STM32_USB_Host_Library/Core/Src/usbh_core.o
 .text.USBH_RegisterClass
                0x0000000008009890       0x54 ./Middlewares/ST/STM32_USB_Host_Library/Core/Src/usbh_core.o
                0x0000000008009890                USBH_RegisterClass
 .text.USBH_SelectInterface
                0x00000000080098e4       0x38 ./Middlewares/ST/STM32_USB_Host_Library/Core/Src/usbh_core.o
                0x00000000080098e4                USBH_SelectInterface
 .text.USBH_FindInterface
                0x000000000800991c       0x8c ./Middlewares/ST/STM32_USB_Host_Library/Core/Src/usbh_core.o
                0x000000000800991c                USBH_FindInterface
 .text.USBH_Start
                0x00000000080099a8       0x20 ./Middlewares/ST/STM32_USB_Host_Library/Core/Src/usbh_core.o
                0x00000000080099a8                USBH_Start
 .text.USBH_Process
                0x00000000080099c8      0x3d8 ./Middlewares/ST/STM32_USB_Host_Library/Core/Src/usbh_core.o
                0x00000000080099c8                USBH_Process
 .text.USBH_HandleEnum
                0x0000000008009da0      0x3c8 ./Middlewares/ST/STM32_USB_Host_Library/Core/Src/usbh_core.o
 .text.USBH_LL_SetTimer
                0x000000000800a168       0x1e ./Middlewares/ST/STM32_USB_Host_Library/Core/Src/usbh_core.o
                0x000000000800a168                USBH_LL_SetTimer
 .text.USBH_LL_IncTimer
                0x000000000800a186       0x24 ./Middlewares/ST/STM32_USB_Host_Library/Core/Src/usbh_core.o
                0x000000000800a186                USBH_LL_IncTimer
 .text.USBH_HandleSof
                0x000000000800a1aa       0x30 ./Middlewares/ST/STM32_USB_Host_Library/Core/Src/usbh_core.o
 .text.USBH_LL_PortEnabled
                0x000000000800a1da       0x1c ./Middlewares/ST/STM32_USB_Host_Library/Core/Src/usbh_core.o
                0x000000000800a1da                USBH_LL_PortEnabled
 .text.USBH_LL_PortDisabled
                0x000000000800a1f6       0x1c ./Middlewares/ST/STM32_USB_Host_Library/Core/Src/usbh_core.o
                0x000000000800a1f6                USBH_LL_PortDisabled
 .text.USBH_LL_Connect
                0x000000000800a212       0x2e ./Middlewares/ST/STM32_USB_Host_Library/Core/Src/usbh_core.o
                0x000000000800a212                USBH_LL_Connect
 .text.USBH_LL_Disconnect
                0x000000000800a240       0x48 ./Middlewares/ST/STM32_USB_Host_Library/Core/Src/usbh_core.o
                0x000000000800a240                USBH_LL_Disconnect
 .text.USBH_Get_DevDesc
                0x000000000800a288       0x50 ./Middlewares/ST/STM32_USB_Host_Library/Core/Src/usbh_ctlreq.o
                0x000000000800a288                USBH_Get_DevDesc
 .text.USBH_Get_CfgDesc
                0x000000000800a2d8       0x48 ./Middlewares/ST/STM32_USB_Host_Library/Core/Src/usbh_ctlreq.o
                0x000000000800a2d8                USBH_Get_CfgDesc
 .text.USBH_Get_StringDesc
                0x000000000800a320       0x56 ./Middlewares/ST/STM32_USB_Host_Library/Core/Src/usbh_ctlreq.o
                0x000000000800a320                USBH_Get_StringDesc
 .text.USBH_GetDescriptor
                0x000000000800a376       0x6a ./Middlewares/ST/STM32_USB_Host_Library/Core/Src/usbh_ctlreq.o
                0x000000000800a376                USBH_GetDescriptor
 .text.USBH_SetAddress
                0x000000000800a3e0       0x48 ./Middlewares/ST/STM32_USB_Host_Library/Core/Src/usbh_ctlreq.o
                0x000000000800a3e0                USBH_SetAddress
 .text.USBH_SetCfg
                0x000000000800a428       0x46 ./Middlewares/ST/STM32_USB_Host_Library/Core/Src/usbh_ctlreq.o
                0x000000000800a428                USBH_SetCfg
 .text.USBH_SetFeature
                0x000000000800a46e       0x48 ./Middlewares/ST/STM32_USB_Host_Library/Core/Src/usbh_ctlreq.o
                0x000000000800a46e                USBH_SetFeature
 .text.USBH_ClrFeature
                0x000000000800a4b6       0x48 ./Middlewares/ST/STM32_USB_Host_Library/Core/Src/usbh_ctlreq.o
                0x000000000800a4b6                USBH_ClrFeature
 .text.USBH_ParseDevDesc
                0x000000000800a4fe      0x122 ./Middlewares/ST/STM32_USB_Host_Library/Core/Src/usbh_ctlreq.o
 .text.USBH_ParseCfgDesc
                0x000000000800a620      0x1ec ./Middlewares/ST/STM32_USB_Host_Library/Core/Src/usbh_ctlreq.o
 .text.USBH_ParseInterfaceDesc
                0x000000000800a80c       0x5e ./Middlewares/ST/STM32_USB_Host_Library/Core/Src/usbh_ctlreq.o
 .text.USBH_ParseEPDesc
                0x000000000800a86a      0x14a ./Middlewares/ST/STM32_USB_Host_Library/Core/Src/usbh_ctlreq.o
 .text.USBH_ParseStringDesc
                0x000000000800a9b4       0x66 ./Middlewares/ST/STM32_USB_Host_Library/Core/Src/usbh_ctlreq.o
 .text.USBH_GetNextDesc
                0x000000000800aa1a       0x36 ./Middlewares/ST/STM32_USB_Host_Library/Core/Src/usbh_ctlreq.o
                0x000000000800aa1a                USBH_GetNextDesc
 .text.USBH_CtlReq
                0x000000000800aa50       0x7a ./Middlewares/ST/STM32_USB_Host_Library/Core/Src/usbh_ctlreq.o
                0x000000000800aa50                USBH_CtlReq
 *fill*         0x000000000800aaca        0x2 
 .text.USBH_HandleControl
                0x000000000800aacc      0x2e8 ./Middlewares/ST/STM32_USB_Host_Library/Core/Src/usbh_ctlreq.o
 .text.USBH_CtlSendSetup
                0x000000000800adb4       0x34 ./Middlewares/ST/STM32_USB_Host_Library/Core/Src/usbh_ioreq.o
                0x000000000800adb4                USBH_CtlSendSetup
 .text.USBH_CtlSendData
                0x000000000800ade8       0x4a ./Middlewares/ST/STM32_USB_Host_Library/Core/Src/usbh_ioreq.o
                0x000000000800ade8                USBH_CtlSendData
 .text.USBH_CtlReceiveData
                0x000000000800ae32       0x3c ./Middlewares/ST/STM32_USB_Host_Library/Core/Src/usbh_ioreq.o
                0x000000000800ae32                USBH_CtlReceiveData
 .text.USBH_BulkSendData
                0x000000000800ae6e       0x4a ./Middlewares/ST/STM32_USB_Host_Library/Core/Src/usbh_ioreq.o
                0x000000000800ae6e                USBH_BulkSendData
 .text.USBH_BulkReceiveData
                0x000000000800aeb8       0x3c ./Middlewares/ST/STM32_USB_Host_Library/Core/Src/usbh_ioreq.o
                0x000000000800aeb8                USBH_BulkReceiveData
 .text.USBH_OpenPipe
                0x000000000800aef4       0x3e ./Middlewares/ST/STM32_USB_Host_Library/Core/Src/usbh_pipes.o
                0x000000000800aef4                USBH_OpenPipe
 .text.USBH_ClosePipe
                0x000000000800af32       0x20 ./Middlewares/ST/STM32_USB_Host_Library/Core/Src/usbh_pipes.o
                0x000000000800af32                USBH_ClosePipe
 .text.USBH_AllocPipe
                0x000000000800af52       0x42 ./Middlewares/ST/STM32_USB_Host_Library/Core/Src/usbh_pipes.o
                0x000000000800af52                USBH_AllocPipe
 .text.USBH_FreePipe
                0x000000000800af94       0x3c ./Middlewares/ST/STM32_USB_Host_Library/Core/Src/usbh_pipes.o
                0x000000000800af94                USBH_FreePipe
 .text.USBH_GetFreePipe
                0x000000000800afd0       0x48 ./Middlewares/ST/STM32_USB_Host_Library/Core/Src/usbh_pipes.o
 .text.MX_USB_HOST_Init
                0x000000000800b018       0x4c ./USB_HOST/App/usb_host.o
                0x000000000800b018                MX_USB_HOST_Init
 .text.MX_USB_HOST_Process
                0x000000000800b064       0x14 ./USB_HOST/App/usb_host.o
                0x000000000800b064                MX_USB_HOST_Process
 .text.USBH_UserProcess
                0x000000000800b078       0x5c ./USB_HOST/App/usb_host.o
 .text.HAL_HCD_MspInit
                0x000000000800b0d4       0xc4 ./USB_HOST/Target/usbh_conf.o
                0x000000000800b0d4                HAL_HCD_MspInit
 .text.HAL_HCD_SOF_Callback
                0x000000000800b198       0x1c ./USB_HOST/Target/usbh_conf.o
                0x000000000800b198                HAL_HCD_SOF_Callback
 .text.HAL_HCD_Connect_Callback
                0x000000000800b1b4       0x1c ./USB_HOST/Target/usbh_conf.o
                0x000000000800b1b4                HAL_HCD_Connect_Callback
 .text.HAL_HCD_Disconnect_Callback
                0x000000000800b1d0       0x1c ./USB_HOST/Target/usbh_conf.o
                0x000000000800b1d0                HAL_HCD_Disconnect_Callback
 .text.HAL_HCD_HC_NotifyURBChange_Callback
                0x000000000800b1ec       0x1c ./USB_HOST/Target/usbh_conf.o
                0x000000000800b1ec                HAL_HCD_HC_NotifyURBChange_Callback
 .text.HAL_HCD_PortEnabled_Callback
                0x000000000800b208       0x1c ./USB_HOST/Target/usbh_conf.o
                0x000000000800b208                HAL_HCD_PortEnabled_Callback
 .text.HAL_HCD_PortDisabled_Callback
                0x000000000800b224       0x1c ./USB_HOST/Target/usbh_conf.o
                0x000000000800b224                HAL_HCD_PortDisabled_Callback
 .text.USBH_LL_Init
                0x000000000800b240       0x78 ./USB_HOST/Target/usbh_conf.o
                0x000000000800b240                USBH_LL_Init
 .text.USBH_LL_Start
                0x000000000800b2b8       0x36 ./USB_HOST/Target/usbh_conf.o
                0x000000000800b2b8                USBH_LL_Start
 .text.USBH_LL_Stop
                0x000000000800b2ee       0x36 ./USB_HOST/Target/usbh_conf.o
                0x000000000800b2ee                USBH_LL_Stop
 .text.USBH_LL_GetSpeed
                0x000000000800b324       0x4e ./USB_HOST/Target/usbh_conf.o
                0x000000000800b324                USBH_LL_GetSpeed
 .text.USBH_LL_ResetPort
                0x000000000800b372       0x36 ./USB_HOST/Target/usbh_conf.o
                0x000000000800b372                USBH_LL_ResetPort
 .text.USBH_LL_GetLastXferSize
                0x000000000800b3a8       0x26 ./USB_HOST/Target/usbh_conf.o
                0x000000000800b3a8                USBH_LL_GetLastXferSize
 .text.USBH_LL_OpenPipe
                0x000000000800b3ce       0x5e ./USB_HOST/Target/usbh_conf.o
                0x000000000800b3ce                USBH_LL_OpenPipe
 .text.USBH_LL_ClosePipe
                0x000000000800b42c       0x3e ./USB_HOST/Target/usbh_conf.o
                0x000000000800b42c                USBH_LL_ClosePipe
 .text.USBH_LL_SubmitURB
                0x000000000800b46a       0x62 ./USB_HOST/Target/usbh_conf.o
                0x000000000800b46a                USBH_LL_SubmitURB
 .text.USBH_LL_GetURBState
                0x000000000800b4cc       0x26 ./USB_HOST/Target/usbh_conf.o
                0x000000000800b4cc                USBH_LL_GetURBState
 .text.USBH_LL_DriverVBUS
                0x000000000800b4f2       0x2e ./USB_HOST/Target/usbh_conf.o
                0x000000000800b4f2                USBH_LL_DriverVBUS
 .text.USBH_LL_SetToggle
                0x000000000800b520       0x60 ./USB_HOST/Target/usbh_conf.o
                0x000000000800b520                USBH_LL_SetToggle
 .text.USBH_Delay
                0x000000000800b580       0x16 ./USB_HOST/Target/usbh_conf.o
                0x000000000800b580                USBH_Delay
 *fill*         0x000000000800b596        0x2 
 .text.USBH_Get_USB_Status
                0x000000000800b598       0x58 ./USB_HOST/Target/usbh_conf.o
                0x000000000800b598                USBH_Get_USB_Status
 .text.MX_DriverVbusFS
                0x000000000800b5f0       0x38 ./USB_HOST/Target/usbh_platform.o
                0x000000000800b5f0                MX_DriverVbusFS
 *(.glue_7)
 .glue_7        0x000000000800b628        0x0 linker stubs
 *(.glue_7t)
 .glue_7t       0x000000000800b628        0x0 linker stubs
 *(.eh_frame)
 .eh_frame      0x000000000800b628        0x0 /usr/lib/gcc/arm-none-eabi/10.3.1/thumb/v7e-m+fp/hard/crtbegin.o
 *(.init)
 .init          0x000000000800b628        0x4 /usr/lib/gcc/arm-none-eabi/10.3.1/thumb/v7e-m+fp/hard/crti.o
                0x000000000800b628                _init
 .init          0x000000000800b62c        0x8 /usr/lib/gcc/arm-none-eabi/10.3.1/thumb/v7e-m+fp/hard/crtn.o
 *(.fini)
 .fini          0x000000000800b634        0x4 /usr/lib/gcc/arm-none-eabi/10.3.1/thumb/v7e-m+fp/hard/crti.o
                0x000000000800b634                _fini
 .fini          0x000000000800b638        0x8 /usr/lib/gcc/arm-none-eabi/10.3.1/thumb/v7e-m+fp/hard/crtn.o
                0x000000000800b640                . = ALIGN (0x4)
                0x000000000800b640                _etext = .

.vfp11_veneer   0x000000000800b640        0x0
 .vfp11_veneer  0x000000000800b640        0x0 linker stubs

.v4_bx          0x000000000800b640        0x0
 .v4_bx         0x000000000800b640        0x0 linker stubs

.iplt           0x000000000800b640        0x0
 .iplt          0x000000000800b640        0x0 /usr/lib/gcc/arm-none-eabi/10.3.1/thumb/v7e-m+fp/hard/crtbegin.o

.rodata         0x000000000800b640      0x254
                0x000000000800b640                . = ALIGN (0x4)
 *(.rodata)
 .rodata        0x000000000800b640       0x18 ./Core/Src/system_stm32f4xx.o
                0x000000000800b640                AHBPrescTable
                0x000000000800b650                APBPrescTable
 .rodata        0x000000000800b658        0x4 ./Middlewares/ST/STM32_USB_Host_Library/Class/CDC/Src/usbh_cdc.o
 .rodata        0x000000000800b65c        0x4 /usr/lib/gcc/arm-none-eabi/10.3.1/../../../arm-none-eabi/lib/thumb/v7e-m+fp/hard/libc_nano.a(lib_a-impure.o)
                0x000000000800b65c                _global_impure_ptr
 .rodata        0x000000000800b660       0x60 /usr/lib/gcc/arm-none-eabi/10.3.1/../../../arm-none-eabi/lib/thumb/v7e-m+fp/hard/libc_nano.a(lib_a-findfp.o)
                0x000000000800b660                __sf_fake_stderr
                0x000000000800b680                __sf_fake_stdout
                0x000000000800b6a0                __sf_fake_stdin
 *(.rodata*)
 .rodata.str4.4
                0x000000000800b6c0      0x190 ./Core/Src/main.o
 .rodata.str1.1
                0x000000000800b850        0x5 ./Core/Src/main.o
 *fill*         0x000000000800b855        0x3 
 .rodata.str1.4
                0x000000000800b858       0x13 /usr/lib/gcc/arm-none-eabi/10.3.1/../../../arm-none-eabi/lib/thumb/v7e-m+fp/hard/libc_nano.a(lib_a-nano-vfprintf.o)
 *fill*         0x000000000800b86b        0x1 
 .rodata.str1.4
                0x000000000800b86c       0x25 /usr/lib/gcc/arm-none-eabi/10.3.1/../../../arm-none-eabi/lib/thumb/v7e-m+fp/hard/libc_nano.a(lib_a-nano-vfprintf_i.o)
                0x000000000800b894                . = ALIGN (0x4)
 *fill*         0x000000000800b891        0x3 

.ARM.extab      0x000000000800b894       0x18
                0x000000000800b894                . = ALIGN (0x4)
 *(.ARM.extab* .gnu.linkonce.armextab.*)
 .ARM.extab     0x000000000800b894       0x18 /usr/lib/gcc/arm-none-eabi/10.3.1/thumb/v7e-m+fp/hard/libgcc.a(pr-support.o)
                0x000000000800b8ac                . = ALIGN (0x4)

.ARM            0x000000000800b8ac       0xc8
                0x000000000800b8ac                . = ALIGN (0x4)
                0x000000000800b8ac                __exidx_start = .
 *(.ARM.exidx*)
 .ARM.exidx     0x000000000800b8ac       0x10 ./Core/Src/main.o
                                         0x78 (size before relaxing)
 .ARM.exidx     0x000000000800b8bc        0x8 ./Core/Src/stm32f4xx_hal_msp.o
                                         0x48 (size before relaxing)
 .ARM.exidx     0x000000000800b8c4        0x0 ./Core/Src/stm32f4xx_it.o
                                         0x50 (size before relaxing)
 .ARM.exidx     0x000000000800b8c4        0x0 ./Core/Src/syscalls.o
                                         0x90 (size before relaxing)
 .ARM.exidx     0x000000000800b8c4        0x0 ./Core/Src/sysmem.o
                                          0x8 (size before relaxing)
 .ARM.exidx     0x000000000800b8c4        0x0 ./Core/Src/system_stm32f4xx.o
                                         0x10 (size before relaxing)
 .ARM.exidx     0x000000000800b8c4        0x0 /usr/lib/gcc/arm-none-eabi/10.3.1/thumb/v7e-m+fp/hard/libgcc.a(_udivmoddi4.o)
                                          0x8 (size before relaxing)
 .ARM.exidx     0x000000000800b8c4       0x78 /usr/lib/gcc/arm-none-eabi/10.3.1/thumb/v7e-m+fp/hard/libgcc.a(unwind-arm.o)
                                         0xd8 (size before relaxing)
 .ARM.exidx     0x000000000800b93c       0x38 /usr/lib/gcc/arm-none-eabi/10.3.1/thumb/v7e-m+fp/hard/libgcc.a(pr-support.o)
                0x000000000800b974                __exidx_end = .
                0x000000000800b974                . = ALIGN (0x4)

.rel.dyn        0x000000000800b974        0x0
 .rel.iplt      0x000000000800b974        0x0 /usr/lib/gcc/arm-none-eabi/10.3.1/thumb/v7e-m+fp/hard/crtbegin.o

.preinit_array  0x000000000800b974        0x0
                0x000000000800b974                . = ALIGN (0x4)
                0x000000000800b974                PROVIDE (__preinit_array_start = .)
 *(.preinit_array*)
                0x000000000800b974                PROVIDE (__preinit_array_end = .)
                0x000000000800b974                . = ALIGN (0x4)

.init_array     0x000000000800b974        0x4
                0x000000000800b974                . = ALIGN (0x4)
                0x000000000800b974                PROVIDE (__init_array_start = .)
 *(SORT_BY_NAME(.init_array.*))
 *(.init_array*)
 .init_array    0x000000000800b974        0x4 /usr/lib/gcc/arm-none-eabi/10.3.1/thumb/v7e-m+fp/hard/crtbegin.o
                0x000000000800b978                PROVIDE (__init_array_end = .)
                0x000000000800b978                . = ALIGN (0x4)

.fini_array     0x000000000800b978        0x4
                0x000000000800b978                . = ALIGN (0x4)
                0x000000000800b978                PROVIDE (__fini_array_start = .)
 *(SORT_BY_NAME(.fini_array.*))
 *(.fini_array*)
 .fini_array    0x000000000800b978        0x4 /usr/lib/gcc/arm-none-eabi/10.3.1/thumb/v7e-m+fp/hard/crtbegin.o
                0x000000000800b97c                PROVIDE (__fini_array_end = .)
                0x000000000800b97c                . = ALIGN (0x4)
                0x000000000800b97c                _sidata = LOADADDR (.data)

.data           0x0000000020000000       0x90 load address 0x000000000800b97c
                0x0000000020000000                . = ALIGN (0x4)
                0x0000000020000000                _sdata = .
 *(.data)
 .data          0x0000000020000000        0x4 ./Core/Src/system_stm32f4xx.o
                0x0000000020000000                SystemCoreClock
 .data          0x0000000020000004       0x64 /usr/lib/gcc/arm-none-eabi/10.3.1/../../../arm-none-eabi/lib/thumb/v7e-m+fp/hard/libc_nano.a(lib_a-impure.o)
                0x0000000020000004                _impure_ptr
 *(.data*)
 .data.uwTickPrio
                0x0000000020000068        0x4 ./Drivers/STM32F4xx_HAL_Driver/Src/stm32f4xx_hal.o
                0x0000000020000068                uwTickPrio
 .data.uwTickFreq
                0x000000002000006c        0x1 ./Drivers/STM32F4xx_HAL_Driver/Src/stm32f4xx_hal.o
                0x000000002000006c                uwTickFreq
 *fill*         0x000000002000006d        0x3 
 .data.CDC_Class
                0x0000000020000070       0x20 ./Middlewares/ST/STM32_USB_Host_Library/Class/CDC/Src/usbh_cdc.o
                0x0000000020000070                CDC_Class
 *(.RamFunc)
 *(.RamFunc*)
                0x0000000020000090                . = ALIGN (0x4)
                0x0000000020000090                _edata = .
                0x000000000800ba0c                _siccmram = LOADADDR (.ccmram)

.tm_clone_table
                0x0000000020000090        0x0 load address 0x000000000800ba0c
 .tm_clone_table
                0x0000000020000090        0x0 /usr/lib/gcc/arm-none-eabi/10.3.1/thumb/v7e-m+fp/hard/crtbegin.o
 .tm_clone_table
                0x0000000020000090        0x0 /usr/lib/gcc/arm-none-eabi/10.3.1/thumb/v7e-m+fp/hard/crtend.o

.igot.plt       0x0000000020000090        0x0 load address 0x000000000800ba0c
 .igot.plt      0x0000000020000090        0x0 /usr/lib/gcc/arm-none-eabi/10.3.1/thumb/v7e-m+fp/hard/crtbegin.o

.ccmram         0x0000000010000000        0x0 load address 0x000000000800ba0c
                0x0000000010000000                . = ALIGN (0x4)
                0x0000000010000000                _sccmram = .
 *(.ccmram)
 *(.ccmram*)
                0x0000000010000000                . = ALIGN (0x4)
                0x0000000010000000                _eccmram = .
                0x0000000010000000                . = ALIGN (0x4)

.bss            0x0000000020000090      0x9fc
                0x0000000020000090                _sbss = .
                0x0000000020000090                __bss_start__ = _sbss
 *(.bss)
 .bss           0x0000000020000090       0x1c /usr/lib/gcc/arm-none-eabi/10.3.1/thumb/v7e-m+fp/hard/crtbegin.o
 .bss           0x00000000200000ac      0x2ec ./Core/Src/main.o
                0x00000000200000ac                Array
                0x0000000020000240                factor
                0x0000000020000244                huart2
                0x0000000020000290                hi2c1
                0x00000000200002ec                hi2s3
                0x0000000020000338                hspi1
                0x0000000020000394                Seed
 .bss           0x0000000020000398        0x4 ./Core/Src/sysmem.o
 .bss           0x000000002000039c        0x8 /usr/lib/gcc/arm-none-eabi/10.3.1/../../../arm-none-eabi/lib/thumb/v7e-m+fp/hard/libc_nano.a(lib_a-nano-mallocr.o)
                0x000000002000039c                __malloc_free_list
                0x00000000200003a0                __malloc_sbrk_start
 .bss           0x00000000200003a4        0x4 /usr/lib/gcc/arm-none-eabi/10.3.1/../../../arm-none-eabi/lib/thumb/v7e-m+fp/hard/libc_nano.a(lib_a-reent.o)
                0x00000000200003a4                errno
 *(.bss*)
 .bss.uwTick    0x00000000200003a8        0x4 ./Drivers/STM32F4xx_HAL_Driver/Src/stm32f4xx_hal.o
                0x00000000200003a8                uwTick
 .bss.hUsbHostFS
                0x00000000200003ac      0x3d8 ./USB_HOST/App/usb_host.o
                0x00000000200003ac                hUsbHostFS
 .bss.Appli_state
                0x0000000020000784        0x1 ./USB_HOST/App/usb_host.o
                0x0000000020000784                Appli_state
 *fill*         0x0000000020000785        0x3 
 .bss.hhcd_USB_OTG_FS
                0x0000000020000788      0x304 ./USB_HOST/Target/usbh_conf.o
                0x0000000020000788                hhcd_USB_OTG_FS
 *(COMMON)
                0x0000000020000a8c                . = ALIGN (0x4)
                0x0000000020000a8c                _ebss = .
                0x0000000020000a8c                __bss_end__ = _ebss

._user_heap_stack
                0x0000000020000a8c      0x604
                0x0000000020000a90                . = ALIGN (0x8)
 *fill*         0x0000000020000a8c        0x4 
                [!provide]                        PROVIDE (end = .)
                0x0000000020000a90                PROVIDE (_end = .)
                0x0000000020000c90                . = (. + _Min_Heap_Size)
 *fill*         0x0000000020000a90      0x200 
                0x0000000020001090                . = (. + _Min_Stack_Size)
 *fill*         0x0000000020000c90      0x400 
                0x0000000020001090                . = ALIGN (0x8)

/DISCARD/
 libc.a(*)
 libm.a(*)
 libgcc.a(*)

.ARM.attributes
                0x0000000000000000       0x34
 *(.ARM.attributes)
 .ARM.attributes
                0x0000000000000000       0x1e /usr/lib/gcc/arm-none-eabi/10.3.1/thumb/v7e-m+fp/hard/crti.o
 .ARM.attributes
                0x000000000000001e       0x34 /usr/lib/gcc/arm-none-eabi/10.3.1/thumb/v7e-m+fp/hard/crtbegin.o
 .ARM.attributes
                0x0000000000000052       0x3c ./Core/Src/main.o
 .ARM.attributes
                0x000000000000008e       0x3e ./Core/Src/stm32f4xx_hal_msp.o
 .ARM.attributes
                0x00000000000000cc       0x3c ./Core/Src/stm32f4xx_it.o
 .ARM.attributes
                0x0000000000000108       0x3c ./Core/Src/syscalls.o
 .ARM.attributes
                0x0000000000000144       0x3c ./Core/Src/sysmem.o
 .ARM.attributes
                0x0000000000000180       0x3c ./Core/Src/system_stm32f4xx.o
 .ARM.attributes
                0x00000000000001bc       0x21 ./Core/Startup/startup_stm32f407vgtx.o
 .ARM.attributes
                0x00000000000001dd       0x34 ./Drivers/STM32F4xx_HAL_Driver/Src/stm32f4xx_hal.o
 .ARM.attributes
                0x0000000000000211       0x34 ./Drivers/STM32F4xx_HAL_Driver/Src/stm32f4xx_hal_cortex.o
 .ARM.attributes
                0x0000000000000245       0x34 ./Drivers/STM32F4xx_HAL_Driver/Src/stm32f4xx_hal_gpio.o
 .ARM.attributes
                0x0000000000000279       0x34 ./Drivers/STM32F4xx_HAL_Driver/Src/stm32f4xx_hal_hcd.o
 .ARM.attributes
                0x00000000000002ad       0x34 ./Drivers/STM32F4xx_HAL_Driver/Src/stm32f4xx_hal_i2c.o
 .ARM.attributes
                0x00000000000002e1       0x34 ./Drivers/STM32F4xx_HAL_Driver/Src/stm32f4xx_hal_i2s.o
 .ARM.attributes
                0x0000000000000315       0x34 ./Drivers/STM32F4xx_HAL_Driver/Src/stm32f4xx_hal_i2s_ex.o
 .ARM.attributes
                0x0000000000000349       0x34 ./Drivers/STM32F4xx_HAL_Driver/Src/stm32f4xx_hal_rcc.o
 .ARM.attributes
                0x000000000000037d       0x34 ./Drivers/STM32F4xx_HAL_Driver/Src/stm32f4xx_hal_rcc_ex.o
 .ARM.attributes
                0x00000000000003b1       0x34 ./Drivers/STM32F4xx_HAL_Driver/Src/stm32f4xx_hal_spi.o
 .ARM.attributes
                0x00000000000003e5       0x34 ./Drivers/STM32F4xx_HAL_Driver/Src/stm32f4xx_hal_uart.o
 .ARM.attributes
                0x0000000000000419       0x34 ./Drivers/STM32F4xx_HAL_Driver/Src/stm32f4xx_ll_usb.o
 .ARM.attributes
                0x000000000000044d       0x34 ./Middlewares/ST/STM32_USB_Host_Library/Class/CDC/Src/usbh_cdc.o
 .ARM.attributes
                0x0000000000000481       0x34 ./Middlewares/ST/STM32_USB_Host_Library/Core/Src/usbh_core.o
 .ARM.attributes
                0x00000000000004b5       0x34 ./Middlewares/ST/STM32_USB_Host_Library/Core/Src/usbh_ctlreq.o
 .ARM.attributes
                0x00000000000004e9       0x34 ./Middlewares/ST/STM32_USB_Host_Library/Core/Src/usbh_ioreq.o
 .ARM.attributes
                0x000000000000051d       0x34 ./Middlewares/ST/STM32_USB_Host_Library/Core/Src/usbh_pipes.o
 .ARM.attributes
                0x0000000000000551       0x34 ./USB_HOST/App/usb_host.o
 .ARM.attributes
                0x0000000000000585       0x34 ./USB_HOST/Target/usbh_conf.o
 .ARM.attributes
                0x00000000000005b9       0x34 ./USB_HOST/Target/usbh_platform.o
 .ARM.attributes
                0x00000000000005ed       0x34 /usr/lib/gcc/arm-none-eabi/10.3.1/../../../arm-none-eabi/lib/thumb/v7e-m+fp/hard/libc_nano.a(lib_a-aeabi_memclr.o)
 .ARM.attributes
                0x0000000000000621       0x34 /usr/lib/gcc/arm-none-eabi/10.3.1/../../../arm-none-eabi/lib/thumb/v7e-m+fp/hard/libc_nano.a(lib_a-aeabi_memcpy.o)
 .ARM.attributes
                0x0000000000000655       0x1c /usr/lib/gcc/arm-none-eabi/10.3.1/../../../arm-none-eabi/lib/thumb/v7e-m+fp/hard/libc_nano.a(lib_a-aeabi_memset-soft.o)
 .ARM.attributes
                0x0000000000000671       0x34 /usr/lib/gcc/arm-none-eabi/10.3.1/../../../arm-none-eabi/lib/thumb/v7e-m+fp/hard/libc_nano.a(lib_a-errno.o)
 .ARM.attributes
                0x00000000000006a5       0x32 /usr/lib/gcc/arm-none-eabi/10.3.1/../../../arm-none-eabi/lib/thumb/v7e-m+fp/hard/libc_nano.a(lib_a-impure.o)
 .ARM.attributes
                0x00000000000006d7       0x34 /usr/lib/gcc/arm-none-eabi/10.3.1/../../../arm-none-eabi/lib/thumb/v7e-m+fp/hard/libc_nano.a(lib_a-init.o)
 .ARM.attributes
                0x000000000000070b       0x34 /usr/lib/gcc/arm-none-eabi/10.3.1/../../../arm-none-eabi/lib/thumb/v7e-m+fp/hard/libc_nano.a(lib_a-malloc.o)
 .ARM.attributes
                0x000000000000073f       0x1c /usr/lib/gcc/arm-none-eabi/10.3.1/../../../arm-none-eabi/lib/thumb/v7e-m+fp/hard/libc_nano.a(lib_a-memcpy.o)
 .ARM.attributes
                0x000000000000075b       0x34 /usr/lib/gcc/arm-none-eabi/10.3.1/../../../arm-none-eabi/lib/thumb/v7e-m+fp/hard/libc_nano.a(lib_a-memset.o)
 .ARM.attributes
                0x000000000000078f       0x34 /usr/lib/gcc/arm-none-eabi/10.3.1/../../../arm-none-eabi/lib/thumb/v7e-m+fp/hard/libc_nano.a(lib_a-nano-freer.o)
 .ARM.attributes
                0x00000000000007c3       0x34 /usr/lib/gcc/arm-none-eabi/10.3.1/../../../arm-none-eabi/lib/thumb/v7e-m+fp/hard/libc_nano.a(lib_a-nano-mallocr.o)
 .ARM.attributes
                0x00000000000007f7       0x34 /usr/lib/gcc/arm-none-eabi/10.3.1/../../../arm-none-eabi/lib/thumb/v7e-m+fp/hard/libc_nano.a(lib_a-printf.o)
 .ARM.attributes
                0x000000000000082b       0x34 /usr/lib/gcc/arm-none-eabi/10.3.1/../../../arm-none-eabi/lib/thumb/v7e-m+fp/hard/libc_nano.a(lib_a-sbrkr.o)
 .ARM.attributes
                0x000000000000085f       0x34 /usr/lib/gcc/arm-none-eabi/10.3.1/../../../arm-none-eabi/lib/thumb/v7e-m+fp/hard/libc_nano.a(lib_a-findfp.o)
 .ARM.attributes
                0x0000000000000893       0x34 /usr/lib/gcc/arm-none-eabi/10.3.1/../../../arm-none-eabi/lib/thumb/v7e-m+fp/hard/libc_nano.a(lib_a-fwalk.o)
 .ARM.attributes
                0x00000000000008c7       0x34 /usr/lib/gcc/arm-none-eabi/10.3.1/../../../arm-none-eabi/lib/thumb/v7e-m+fp/hard/libc_nano.a(lib_a-mlock.o)
 .ARM.attributes
                0x00000000000008fb       0x34 /usr/lib/gcc/arm-none-eabi/10.3.1/../../../arm-none-eabi/lib/thumb/v7e-m+fp/hard/libc_nano.a(lib_a-nano-vfprintf.o)
 .ARM.attributes
                0x000000000000092f       0x34 /usr/lib/gcc/arm-none-eabi/10.3.1/../../../arm-none-eabi/lib/thumb/v7e-m+fp/hard/libc_nano.a(lib_a-nano-vfprintf_i.o)
 .ARM.attributes
                0x0000000000000963       0x34 /usr/lib/gcc/arm-none-eabi/10.3.1/../../../arm-none-eabi/lib/thumb/v7e-m+fp/hard/libc_nano.a(lib_a-reent.o)
 .ARM.attributes
                0x0000000000000997       0x34 /usr/lib/gcc/arm-none-eabi/10.3.1/../../../arm-none-eabi/lib/thumb/v7e-m+fp/hard/libc_nano.a(lib_a-stdio.o)
 .ARM.attributes
                0x00000000000009cb       0x34 /usr/lib/gcc/arm-none-eabi/10.3.1/../../../arm-none-eabi/lib/thumb/v7e-m+fp/hard/libc_nano.a(lib_a-wbuf.o)
 .ARM.attributes
                0x00000000000009ff       0x34 /usr/lib/gcc/arm-none-eabi/10.3.1/../../../arm-none-eabi/lib/thumb/v7e-m+fp/hard/libc_nano.a(lib_a-writer.o)
 .ARM.attributes
                0x0000000000000a33       0x34 /usr/lib/gcc/arm-none-eabi/10.3.1/../../../arm-none-eabi/lib/thumb/v7e-m+fp/hard/libc_nano.a(lib_a-wsetup.o)
 .ARM.attributes
                0x0000000000000a67       0x34 /usr/lib/gcc/arm-none-eabi/10.3.1/../../../arm-none-eabi/lib/thumb/v7e-m+fp/hard/libc_nano.a(lib_a-closer.o)
 .ARM.attributes
                0x0000000000000a9b       0x34 /usr/lib/gcc/arm-none-eabi/10.3.1/../../../arm-none-eabi/lib/thumb/v7e-m+fp/hard/libc_nano.a(lib_a-fflush.o)
 .ARM.attributes
                0x0000000000000acf       0x34 /usr/lib/gcc/arm-none-eabi/10.3.1/../../../arm-none-eabi/lib/thumb/v7e-m+fp/hard/libc_nano.a(lib_a-fvwrite.o)
 .ARM.attributes
                0x0000000000000b03       0x34 /usr/lib/gcc/arm-none-eabi/10.3.1/../../../arm-none-eabi/lib/thumb/v7e-m+fp/hard/libc_nano.a(lib_a-lseekr.o)
 .ARM.attributes
                0x0000000000000b37       0x34 /usr/lib/gcc/arm-none-eabi/10.3.1/../../../arm-none-eabi/lib/thumb/v7e-m+fp/hard/libc_nano.a(lib_a-makebuf.o)
 .ARM.attributes
                0x0000000000000b6b       0x1c /usr/lib/gcc/arm-none-eabi/10.3.1/../../../arm-none-eabi/lib/thumb/v7e-m+fp/hard/libc_nano.a(lib_a-memchr.o)
 .ARM.attributes
                0x0000000000000b87       0x34 /usr/lib/gcc/arm-none-eabi/10.3.1/../../../arm-none-eabi/lib/thumb/v7e-m+fp/hard/libc_nano.a(lib_a-memmove.o)
 .ARM.attributes
                0x0000000000000bbb       0x34 /usr/lib/gcc/arm-none-eabi/10.3.1/../../../arm-none-eabi/lib/thumb/v7e-m+fp/hard/libc_nano.a(lib_a-nano-reallocr.o)
 .ARM.attributes
                0x0000000000000bef       0x34 /usr/lib/gcc/arm-none-eabi/10.3.1/../../../arm-none-eabi/lib/thumb/v7e-m+fp/hard/libc_nano.a(lib_a-readr.o)
 .ARM.attributes
                0x0000000000000c23       0x34 /usr/lib/gcc/arm-none-eabi/10.3.1/../../../arm-none-eabi/lib/thumb/v7e-m+fp/hard/libc_nano.a(lib_a-fstatr.o)
 .ARM.attributes
                0x0000000000000c57       0x34 /usr/lib/gcc/arm-none-eabi/10.3.1/../../../arm-none-eabi/lib/thumb/v7e-m+fp/hard/libc_nano.a(lib_a-isattyr.o)
 .ARM.attributes
                0x0000000000000c8b       0x34 /usr/lib/gcc/arm-none-eabi/10.3.1/../../../arm-none-eabi/lib/thumb/v7e-m+fp/hard/libc_nano.a(lib_a-nano-msizer.o)
 .ARM.attributes
                0x0000000000000cbf       0x1e /usr/lib/gcc/arm-none-eabi/10.3.1/thumb/v7e-m+fp/hard/libgcc.a(_aeabi_uldivmod.o)
 .ARM.attributes
                0x0000000000000cdd       0x34 /usr/lib/gcc/arm-none-eabi/10.3.1/thumb/v7e-m+fp/hard/libgcc.a(_udivmoddi4.o)
 .ARM.attributes
                0x0000000000000d11       0x34 /usr/lib/gcc/arm-none-eabi/10.3.1/thumb/v7e-m+fp/hard/libgcc.a(unwind-arm.o)
 .ARM.attributes
                0x0000000000000d45       0x1e /usr/lib/gcc/arm-none-eabi/10.3.1/thumb/v7e-m+fp/hard/libgcc.a(libunwind.o)
 .ARM.attributes
                0x0000000000000d63       0x34 /usr/lib/gcc/arm-none-eabi/10.3.1/thumb/v7e-m+fp/hard/libgcc.a(pr-support.o)
 .ARM.attributes
                0x0000000000000d97       0x1e /usr/lib/gcc/arm-none-eabi/10.3.1/thumb/v7e-m+fp/hard/libgcc.a(_dvmd_tls.o)
 .ARM.attributes
                0x0000000000000db5       0x34 /usr/lib/gcc/arm-none-eabi/10.3.1/../../../arm-none-eabi/lib/thumb/v7e-m+fp/hard/libc_nano.a(lib_a-abort.o)
 .ARM.attributes
                0x0000000000000de9       0x34 /usr/lib/gcc/arm-none-eabi/10.3.1/../../../arm-none-eabi/lib/thumb/v7e-m+fp/hard/libc_nano.a(lib_a-signal.o)
 .ARM.attributes
                0x0000000000000e1d       0x34 /usr/lib/gcc/arm-none-eabi/10.3.1/../../../arm-none-eabi/lib/thumb/v7e-m+fp/hard/libc_nano.a(lib_a-signalr.o)
 .ARM.attributes
                0x0000000000000e51       0x32 /usr/lib/gcc/arm-none-eabi/10.3.1/thumb/v7e-m+fp/hard/crtend.o
 .ARM.attributes
                0x0000000000000e83       0x1e /usr/lib/gcc/arm-none-eabi/10.3.1/thumb/v7e-m+fp/hard/crtn.o
OUTPUT(noret.elf elf32-littlearm)
LOAD linker stubs
LOAD /usr/lib/gcc/arm-none-eabi/10.3.1/../../../arm-none-eabi/lib/thumb/v7e-m+fp/hard/libc.a
LOAD /usr/lib/gcc/arm-none-eabi/10.3.1/../../../arm-none-eabi/lib/thumb/v7e-m+fp/hard/libm.a
LOAD /usr/lib/gcc/arm-none-eabi/10.3.1/thumb/v7e-m+fp/hard/libgcc.a

.comment        0x0000000000000000       0x9e
 .comment       0x0000000000000000       0x33 /usr/lib/gcc/arm-none-eabi/10.3.1/thumb/v7e-m+fp/hard/crtbegin.o
                                         0x34 (size before relaxing)
 .comment       0x0000000000000033       0x6b ./Core/Src/main.o
                                         0x6c (size before relaxing)
 .comment       0x000000000000009e       0x6c ./Core/Src/stm32f4xx_hal_msp.o
 .comment       0x000000000000009e       0x6c ./Core/Src/stm32f4xx_it.o
 .comment       0x000000000000009e       0x6c ./Core/Src/syscalls.o
 .comment       0x000000000000009e       0x6c ./Core/Src/sysmem.o
 .comment       0x000000000000009e       0x6c ./Core/Src/system_stm32f4xx.o
 .comment       0x000000000000009e       0x34 ./Drivers/STM32F4xx_HAL_Driver/Src/stm32f4xx_hal.o
 .comment       0x000000000000009e       0x34 ./Drivers/STM32F4xx_HAL_Driver/Src/stm32f4xx_hal_cortex.o
 .comment       0x000000000000009e       0x34 ./Drivers/STM32F4xx_HAL_Driver/Src/stm32f4xx_hal_gpio.o
 .comment       0x000000000000009e       0x34 ./Drivers/STM32F4xx_HAL_Driver/Src/stm32f4xx_hal_hcd.o
 .comment       0x000000000000009e       0x34 ./Drivers/STM32F4xx_HAL_Driver/Src/stm32f4xx_hal_i2c.o
 .comment       0x000000000000009e       0x34 ./Drivers/STM32F4xx_HAL_Driver/Src/stm32f4xx_hal_i2s.o
 .comment       0x000000000000009e       0x34 ./Drivers/STM32F4xx_HAL_Driver/Src/stm32f4xx_hal_i2s_ex.o
 .comment       0x000000000000009e       0x34 ./Drivers/STM32F4xx_HAL_Driver/Src/stm32f4xx_hal_rcc.o
 .comment       0x000000000000009e       0x34 ./Drivers/STM32F4xx_HAL_Driver/Src/stm32f4xx_hal_rcc_ex.o
 .comment       0x000000000000009e       0x34 ./Drivers/STM32F4xx_HAL_Driver/Src/stm32f4xx_hal_spi.o
 .comment       0x000000000000009e       0x34 ./Drivers/STM32F4xx_HAL_Driver/Src/stm32f4xx_hal_uart.o
 .comment       0x000000000000009e       0x34 ./Drivers/STM32F4xx_HAL_Driver/Src/stm32f4xx_ll_usb.o
 .comment       0x000000000000009e       0x34 ./Middlewares/ST/STM32_USB_Host_Library/Class/CDC/Src/usbh_cdc.o
 .comment       0x000000000000009e       0x34 ./Middlewares/ST/STM32_USB_Host_Library/Core/Src/usbh_core.o
 .comment       0x000000000000009e       0x34 ./Middlewares/ST/STM32_USB_Host_Library/Core/Src/usbh_ctlreq.o
 .comment       0x000000000000009e       0x34 ./Middlewares/ST/STM32_USB_Host_Library/Core/Src/usbh_ioreq.o
 .comment       0x000000000000009e       0x34 ./Middlewares/ST/STM32_USB_Host_Library/Core/Src/usbh_pipes.o
 .comment       0x000000000000009e       0x34 ./USB_HOST/App/usb_host.o
 .comment       0x000000000000009e       0x34 ./USB_HOST/Target/usbh_conf.o
 .comment       0x000000000000009e       0x34 ./USB_HOST/Target/usbh_platform.o
 .comment       0x000000000000009e       0x34 /usr/lib/gcc/arm-none-eabi/10.3.1/../../../arm-none-eabi/lib/thumb/v7e-m+fp/hard/libc_nano.a(lib_a-aeabi_memclr.o)
 .comment       0x000000000000009e       0x34 /usr/lib/gcc/arm-none-eabi/10.3.1/../../../arm-none-eabi/lib/thumb/v7e-m+fp/hard/libc_nano.a(lib_a-aeabi_memcpy.o)
 .comment       0x000000000000009e       0x34 /usr/lib/gcc/arm-none-eabi/10.3.1/../../../arm-none-eabi/lib/thumb/v7e-m+fp/hard/libc_nano.a(lib_a-errno.o)
 .comment       0x000000000000009e       0x34 /usr/lib/gcc/arm-none-eabi/10.3.1/../../../arm-none-eabi/lib/thumb/v7e-m+fp/hard/libc_nano.a(lib_a-impure.o)
 .comment       0x000000000000009e       0x34 /usr/lib/gcc/arm-none-eabi/10.3.1/../../../arm-none-eabi/lib/thumb/v7e-m+fp/hard/libc_nano.a(lib_a-init.o)
 .comment       0x000000000000009e       0x34 /usr/lib/gcc/arm-none-eabi/10.3.1/../../../arm-none-eabi/lib/thumb/v7e-m+fp/hard/libc_nano.a(lib_a-malloc.o)
 .comment       0x000000000000009e       0x34 /usr/lib/gcc/arm-none-eabi/10.3.1/../../../arm-none-eabi/lib/thumb/v7e-m+fp/hard/libc_nano.a(lib_a-memset.o)
 .comment       0x000000000000009e       0x34 /usr/lib/gcc/arm-none-eabi/10.3.1/../../../arm-none-eabi/lib/thumb/v7e-m+fp/hard/libc_nano.a(lib_a-nano-freer.o)
 .comment       0x000000000000009e       0x34 /usr/lib/gcc/arm-none-eabi/10.3.1/../../../arm-none-eabi/lib/thumb/v7e-m+fp/hard/libc_nano.a(lib_a-nano-mallocr.o)
 .comment       0x000000000000009e       0x34 /usr/lib/gcc/arm-none-eabi/10.3.1/../../../arm-none-eabi/lib/thumb/v7e-m+fp/hard/libc_nano.a(lib_a-printf.o)
 .comment       0x000000000000009e       0x34 /usr/lib/gcc/arm-none-eabi/10.3.1/../../../arm-none-eabi/lib/thumb/v7e-m+fp/hard/libc_nano.a(lib_a-sbrkr.o)
 .comment       0x000000000000009e       0x34 /usr/lib/gcc/arm-none-eabi/10.3.1/../../../arm-none-eabi/lib/thumb/v7e-m+fp/hard/libc_nano.a(lib_a-findfp.o)
 .comment       0x000000000000009e       0x34 /usr/lib/gcc/arm-none-eabi/10.3.1/../../../arm-none-eabi/lib/thumb/v7e-m+fp/hard/libc_nano.a(lib_a-fwalk.o)
 .comment       0x000000000000009e       0x34 /usr/lib/gcc/arm-none-eabi/10.3.1/../../../arm-none-eabi/lib/thumb/v7e-m+fp/hard/libc_nano.a(lib_a-mlock.o)
 .comment       0x000000000000009e       0x34 /usr/lib/gcc/arm-none-eabi/10.3.1/../../../arm-none-eabi/lib/thumb/v7e-m+fp/hard/libc_nano.a(lib_a-nano-vfprintf.o)
 .comment       0x000000000000009e       0x34 /usr/lib/gcc/arm-none-eabi/10.3.1/../../../arm-none-eabi/lib/thumb/v7e-m+fp/hard/libc_nano.a(lib_a-nano-vfprintf_i.o)
 .comment       0x000000000000009e       0x34 /usr/lib/gcc/arm-none-eabi/10.3.1/../../../arm-none-eabi/lib/thumb/v7e-m+fp/hard/libc_nano.a(lib_a-reent.o)
 .comment       0x000000000000009e       0x34 /usr/lib/gcc/arm-none-eabi/10.3.1/../../../arm-none-eabi/lib/thumb/v7e-m+fp/hard/libc_nano.a(lib_a-stdio.o)
 .comment       0x000000000000009e       0x34 /usr/lib/gcc/arm-none-eabi/10.3.1/../../../arm-none-eabi/lib/thumb/v7e-m+fp/hard/libc_nano.a(lib_a-wbuf.o)
 .comment       0x000000000000009e       0x34 /usr/lib/gcc/arm-none-eabi/10.3.1/../../../arm-none-eabi/lib/thumb/v7e-m+fp/hard/libc_nano.a(lib_a-writer.o)
 .comment       0x000000000000009e       0x34 /usr/lib/gcc/arm-none-eabi/10.3.1/../../../arm-none-eabi/lib/thumb/v7e-m+fp/hard/libc_nano.a(lib_a-wsetup.o)
 .comment       0x000000000000009e       0x34 /usr/lib/gcc/arm-none-eabi/10.3.1/../../../arm-none-eabi/lib/thumb/v7e-m+fp/hard/libc_nano.a(lib_a-closer.o)
 .comment       0x000000000000009e       0x34 /usr/lib/gcc/arm-none-eabi/10.3.1/../../../arm-none-eabi/lib/thumb/v7e-m+fp/hard/libc_nano.a(lib_a-fflush.o)
 .comment       0x000000000000009e       0x34 /usr/lib/gcc/arm-none-eabi/10.3.1/../../../arm-none-eabi/lib/thumb/v7e-m+fp/hard/libc_nano.a(lib_a-fvwrite.o)
 .comment       0x000000000000009e       0x34 /usr/lib/gcc/arm-none-eabi/10.3.1/../../../arm-none-eabi/lib/thumb/v7e-m+fp/hard/libc_nano.a(lib_a-lseekr.o)
 .comment       0x000000000000009e       0x34 /usr/lib/gcc/arm-none-eabi/10.3.1/../../../arm-none-eabi/lib/thumb/v7e-m+fp/hard/libc_nano.a(lib_a-makebuf.o)
 .comment       0x000000000000009e       0x34 /usr/lib/gcc/arm-none-eabi/10.3.1/../../../arm-none-eabi/lib/thumb/v7e-m+fp/hard/libc_nano.a(lib_a-memmove.o)
 .comment       0x000000000000009e       0x34 /usr/lib/gcc/arm-none-eabi/10.3.1/../../../arm-none-eabi/lib/thumb/v7e-m+fp/hard/libc_nano.a(lib_a-nano-reallocr.o)
 .comment       0x000000000000009e       0x34 /usr/lib/gcc/arm-none-eabi/10.3.1/../../../arm-none-eabi/lib/thumb/v7e-m+fp/hard/libc_nano.a(lib_a-readr.o)
 .comment       0x000000000000009e       0x34 /usr/lib/gcc/arm-none-eabi/10.3.1/../../../arm-none-eabi/lib/thumb/v7e-m+fp/hard/libc_nano.a(lib_a-fstatr.o)
 .comment       0x000000000000009e       0x34 /usr/lib/gcc/arm-none-eabi/10.3.1/../../../arm-none-eabi/lib/thumb/v7e-m+fp/hard/libc_nano.a(lib_a-isattyr.o)
 .comment       0x000000000000009e       0x34 /usr/lib/gcc/arm-none-eabi/10.3.1/../../../arm-none-eabi/lib/thumb/v7e-m+fp/hard/libc_nano.a(lib_a-nano-msizer.o)
 .comment       0x000000000000009e       0x34 /usr/lib/gcc/arm-none-eabi/10.3.1/thumb/v7e-m+fp/hard/libgcc.a(_udivmoddi4.o)
 .comment       0x000000000000009e       0x34 /usr/lib/gcc/arm-none-eabi/10.3.1/thumb/v7e-m+fp/hard/libgcc.a(unwind-arm.o)
 .comment       0x000000000000009e       0x34 /usr/lib/gcc/arm-none-eabi/10.3.1/thumb/v7e-m+fp/hard/libgcc.a(pr-support.o)
 .comment       0x000000000000009e       0x34 /usr/lib/gcc/arm-none-eabi/10.3.1/../../../arm-none-eabi/lib/thumb/v7e-m+fp/hard/libc_nano.a(lib_a-abort.o)
 .comment       0x000000000000009e       0x34 /usr/lib/gcc/arm-none-eabi/10.3.1/../../../arm-none-eabi/lib/thumb/v7e-m+fp/hard/libc_nano.a(lib_a-signal.o)
 .comment       0x000000000000009e       0x34 /usr/lib/gcc/arm-none-eabi/10.3.1/../../../arm-none-eabi/lib/thumb/v7e-m+fp/hard/libc_nano.a(lib_a-signalr.o)
 .comment       0x000000000000009e       0x34 /usr/lib/gcc/arm-none-eabi/10.3.1/thumb/v7e-m+fp/hard/crtend.o

.note.GNU-stack
                0x0000000000000000        0x0
 .note.GNU-stack
                0x0000000000000000        0x0 ./Core/Src/main.o
 .note.GNU-stack
                0x0000000000000000        0x0 ./Core/Src/stm32f4xx_hal_msp.o
 .note.GNU-stack
                0x0000000000000000        0x0 ./Core/Src/stm32f4xx_it.o
 .note.GNU-stack
                0x0000000000000000        0x0 ./Core/Src/syscalls.o
 .note.GNU-stack
                0x0000000000000000        0x0 ./Core/Src/sysmem.o
 .note.GNU-stack
                0x0000000000000000        0x0 ./Core/Src/system_stm32f4xx.o

.debug_line     0x0000000000000000    0x1b384
 .debug_line    0x0000000000000000       0x88 ./Core/Startup/startup_stm32f407vgtx.o
 .debug_line    0x0000000000000088      0x71a ./Drivers/STM32F4xx_HAL_Driver/Src/stm32f4xx_hal.o
 .debug_line    0x00000000000007a2      0x9c9 ./Drivers/STM32F4xx_HAL_Driver/Src/stm32f4xx_hal_cortex.o
 .debug_line    0x000000000000116b      0x88e ./Drivers/STM32F4xx_HAL_Driver/Src/stm32f4xx_hal_gpio.o
 .debug_line    0x00000000000019f9      0xf17 ./Drivers/STM32F4xx_HAL_Driver/Src/stm32f4xx_hal_hcd.o
 .debug_line    0x0000000000002910     0x36cf ./Drivers/STM32F4xx_HAL_Driver/Src/stm32f4xx_hal_i2c.o
 .debug_line    0x0000000000005fdf     0x10b3 ./Drivers/STM32F4xx_HAL_Driver/Src/stm32f4xx_hal_i2s.o
 .debug_line    0x0000000000007092     0x11b2 ./Drivers/STM32F4xx_HAL_Driver/Src/stm32f4xx_hal_i2s_ex.o
 .debug_line    0x0000000000008244      0xa96 ./Drivers/STM32F4xx_HAL_Driver/Src/stm32f4xx_hal_rcc.o
 .debug_line    0x0000000000008cda      0x730 ./Drivers/STM32F4xx_HAL_Driver/Src/stm32f4xx_hal_rcc_ex.o
 .debug_line    0x000000000000940a     0x19a4 ./Drivers/STM32F4xx_HAL_Driver/Src/stm32f4xx_hal_spi.o
 .debug_line    0x000000000000adae     0x27bf ./Drivers/STM32F4xx_HAL_Driver/Src/stm32f4xx_hal_uart.o
 .debug_line    0x000000000000d56d     0x17d7 ./Drivers/STM32F4xx_HAL_Driver/Src/stm32f4xx_ll_usb.o
 .debug_line    0x000000000000ed44      0xc33 ./Middlewares/ST/STM32_USB_Host_Library/Class/CDC/Src/usbh_cdc.o
 .debug_line    0x000000000000f977      0xeaf ./Middlewares/ST/STM32_USB_Host_Library/Core/Src/usbh_core.o
 .debug_line    0x0000000000010826      0xd72 ./Middlewares/ST/STM32_USB_Host_Library/Core/Src/usbh_ctlreq.o
 .debug_line    0x0000000000011598      0x80b ./Middlewares/ST/STM32_USB_Host_Library/Core/Src/usbh_ioreq.o
 .debug_line    0x0000000000011da3      0x7b5 ./Middlewares/ST/STM32_USB_Host_Library/Core/Src/usbh_pipes.o
 .debug_line    0x0000000000012558      0x79f ./USB_HOST/App/usb_host.o
 .debug_line    0x0000000000012cf7      0xa77 ./USB_HOST/Target/usbh_conf.o
 .debug_line    0x000000000001376e      0x465 ./USB_HOST/Target/usbh_platform.o
 .debug_line    0x0000000000013bd3       0xad /usr/lib/gcc/arm-none-eabi/10.3.1/../../../arm-none-eabi/lib/thumb/v7e-m+fp/hard/libc_nano.a(lib_a-aeabi_memclr.o)
 .debug_line    0x0000000000013c80       0xad /usr/lib/gcc/arm-none-eabi/10.3.1/../../../arm-none-eabi/lib/thumb/v7e-m+fp/hard/libc_nano.a(lib_a-aeabi_memcpy.o)
 .debug_line    0x0000000000013d2d       0xb4 /usr/lib/gcc/arm-none-eabi/10.3.1/../../../arm-none-eabi/lib/thumb/v7e-m+fp/hard/libc_nano.a(lib_a-aeabi_memset-soft.o)
 .debug_line    0x0000000000013de1      0x109 /usr/lib/gcc/arm-none-eabi/10.3.1/../../../arm-none-eabi/lib/thumb/v7e-m+fp/hard/libc_nano.a(lib_a-errno.o)
 .debug_line    0x0000000000013eea       0xe4 /usr/lib/gcc/arm-none-eabi/10.3.1/../../../arm-none-eabi/lib/thumb/v7e-m+fp/hard/libc_nano.a(lib_a-impure.o)
 .debug_line    0x0000000000013fce      0x138 /usr/lib/gcc/arm-none-eabi/10.3.1/../../../arm-none-eabi/lib/thumb/v7e-m+fp/hard/libc_nano.a(lib_a-init.o)
 .debug_line    0x0000000000014106      0x15f /usr/lib/gcc/arm-none-eabi/10.3.1/../../../arm-none-eabi/lib/thumb/v7e-m+fp/hard/libc_nano.a(lib_a-malloc.o)
 .debug_line    0x0000000000014265       0xbe /usr/lib/gcc/arm-none-eabi/10.3.1/../../../arm-none-eabi/lib/thumb/v7e-m+fp/hard/libc_nano.a(lib_a-memcpy.o)
 .debug_line    0x0000000000014323      0x1bf /usr/lib/gcc/arm-none-eabi/10.3.1/../../../arm-none-eabi/lib/thumb/v7e-m+fp/hard/libc_nano.a(lib_a-memset.o)
 .debug_line    0x00000000000144e2      0x2ca /usr/lib/gcc/arm-none-eabi/10.3.1/../../../arm-none-eabi/lib/thumb/v7e-m+fp/hard/libc_nano.a(lib_a-nano-freer.o)
 .debug_line    0x00000000000147ac      0x2d0 /usr/lib/gcc/arm-none-eabi/10.3.1/../../../arm-none-eabi/lib/thumb/v7e-m+fp/hard/libc_nano.a(lib_a-nano-mallocr.o)
 .debug_line    0x0000000000014a7c      0x22c /usr/lib/gcc/arm-none-eabi/10.3.1/../../../arm-none-eabi/lib/thumb/v7e-m+fp/hard/libc_nano.a(lib_a-printf.o)
 .debug_line    0x0000000000014ca8      0x183 /usr/lib/gcc/arm-none-eabi/10.3.1/../../../arm-none-eabi/lib/thumb/v7e-m+fp/hard/libc_nano.a(lib_a-sbrkr.o)
 .debug_line    0x0000000000014e2b      0x589 /usr/lib/gcc/arm-none-eabi/10.3.1/../../../arm-none-eabi/lib/thumb/v7e-m+fp/hard/libc_nano.a(lib_a-findfp.o)
 .debug_line    0x00000000000153b4      0x29e /usr/lib/gcc/arm-none-eabi/10.3.1/../../../arm-none-eabi/lib/thumb/v7e-m+fp/hard/libc_nano.a(lib_a-fwalk.o)
 .debug_line    0x0000000000015652      0x13e /usr/lib/gcc/arm-none-eabi/10.3.1/../../../arm-none-eabi/lib/thumb/v7e-m+fp/hard/libc_nano.a(lib_a-mlock.o)