     VMA      LMA     Size Align Out     In      Symbol
       0        0        0     1 _estack = ORIGIN ( RAM ) + LENGTH ( RAM )
       0        0        0     1 _Min_Heap_Size = 0x200
       0        0        0     1 _Min_Stack_Size = 0x400
 8000000  8000000      188     1 .isr_vector
 8000000  8000000        0     1         . = ALIGN ( 4 )
 8000000  8000000      188     1         ./Core/Startup/startup_stm32f407vgtx.o:(.isr_vector)
 8000000  8000000        0     1                 g_pfnVectors
 8000188  8000188        0     1         . = ALIGN ( 4 )
 80001c0  80001c0    23a14    64 .text
 80001c0  80001c0        0     1         . = ALIGN ( 4 )
 80001c0  80001c0      968     4         ./Core/Src/main.o:(.text)
 80001c0  80001c0        0     1                 $t
 80001c1  80001c1       40     1                 __io_putchar
 80001fc  80001fc        0     1                 $d
 8000200  8000200        0     1                 $t
 8000201  8000201       8c     1                 function_a
 8000288  8000288        0     1                 $d
 800028c  800028c        0     1                 $t
 800028d  800028d       94     1                 function_b
 800031c  800031c        0     1                 $d
 8000320  8000320        0     1                 $t
 8000321  8000321      150     1                 main
 8000440  8000440        0     1                 $d
 8000470  8000470        0     1                 $t
 8000471  8000471      158     1                 SystemClock_Config
 80005b4  80005b4        0     1                 $d
 80005c8  80005c8        0     1                 $t
 80005c9  80005c9      348     1                 MX_GPIO_Init
 80008dc  80008dc        0     1                 $d
 8000910  8000910        0     1                 $t
 8000911  8000911       6c     1                 MX_I2C1_Init
 8000974  8000974        0     1                 $d
 800097c  800097c        0     1                 $t
 800097d  800097d       6c     1                 MX_I2S3_Init
 80009e0  80009e0        0     1                 $d
 80009e8  80009e8        0     1                 $t
 80009e9  80009e9       70     1                 MX_SPI1_Init
 8000a50  8000a50        0     1                 $d
 8000a58  8000a58        0     1                 $t
 8000a59  8000a59       64     1                 MX_USART2_UART_Init
 8000ab4  8000ab4        0     1                 $d
 8000abc  8000abc        0     1                 $t
 8000abd  8000abd       18     1                 Error_Handler
 8000ad0  8000ad0        0     1                 $d
 8000ad4  8000ad4        0     1                 $t
 8000ad5  8000ad5       32     1                 master_
 8000b07  8000b07       20     1                 master_retn
 8000b28  8000b28      414     2         ./Core/Src/stm32f4xx_hal_msp.o:(.text)
 8000b28  8000b28        0     1                 $t
 8000b29  8000b29       54     1                 HAL_MspInit
 8000b7d  8000b7d       94     1                 HAL_I2C_MspInit
 8000c11  8000c11       4a     1                 HAL_I2C_MspDeInit
 8000c5b  8000c5b      100     1                 HAL_I2S_MspInit
 8000d5b  8000d5b       4c     1                 HAL_I2S_MspDeInit
 8000da7  8000da7       8e     1                 HAL_SPI_MspInit
 8000e35  8000e35       3c     1                 HAL_SPI_MspDeInit
 8000e71  8000e71       90     1                 HAL_UART_MspInit
 8000f01  8000f01       3c     1                 HAL_UART_MspDeInit
 8000f3c  8000f3c       36     2         ./Core/Src/stm32f4xx_it.o:(.text)
 8000f3c  8000f3c        0     1                 $t
 8000f3d  8000f3d        4     1                 NMI_Handler
 8000f41  8000f41        4     1                 HardFault_Handler
 8000f45  8000f45        4     1                 MemManage_Handler
 8000f49  8000f49        4     1                 BusFault_Handler
 8000f4d  8000f4d        4     1                 UsageFault_Handler
 8000f51  8000f51        2     1                 SVC_Handler
 8000f53  8000f53        2     1                 DebugMon_Handler
 8000f55  8000f55        2     1                 PendSV_Handler
 8000f57  8000f57        a     1                 SysTick_Handler
 8000f61  8000f61       12     1                 OTG_FS_IRQHandler
 8000f72  8000f72      184     2         ./Core/Src/syscalls.o:(.text)
 8000f72  8000f72        0     1                 $t
 8000f73  8000f73        2     1                 initialise_monitor_handles
 8000f75  8000f75        4     1                 _getpid
 8000f79  8000f79       1a     1                 _kill
 8000f93  8000f93       16     1                 _exit
 8000fa9  8000fa9       38     1                 _read
 8000fe1  8000fe1       38     1                 _write
 8001019  8001019        c     1                 _close
 8001025  8001025       14     1                 _fstat
 8001039  8001039        a     1                 _isatty
 8001043  8001043        e     1                 _lseek
 8001051  8001051        e     1                 _open
 800105f  800105f       18     1                 _wait
 8001077  8001077       18     1                 _unlink
 800108f  800108f        c     1                 _times
 800109b  800109b       14     1                 _stat
 80010af  80010af       1a     1                 _link
 80010c9  80010c9       12     1                 _fork
 80010db  80010db       1c     1                 _execve
 80010f6  80010f6       88     2         ./Core/Src/sysmem.o:(.text)
 80010f6  80010f6        0     1                 $t
 80010f7  80010f7       88     1                 _sbrk
 800117e  800117e      13c     2         ./Core/Src/system_stm32f4xx.o:(.text)
 800117e  800117e        0     1                 $t
 800117f  800117f       12     1                 SystemInit
 8001191  8001191      12a     1                 SystemCoreClockUpdate
 80012ba  80012ba       14     2         ./Core/Startup/startup_stm32f407vgtx.o:(.text)
 80012ba  80012ba        0     1                 $d
 80012ce  80012ce        0     2         ./Drivers/STM32F4xx_HAL_Driver/Src/stm32f4xx_hal.o:(.text)
 80012ce  80012ce        0     2         ./Drivers/STM32F4xx_HAL_Driver/Src/stm32f4xx_hal_cortex.o:(.text)
 80012ce  80012ce        0     2         ./Drivers/STM32F4xx_HAL_Driver/Src/stm32f4xx_hal_dma.o:(.text)
 80012ce  80012ce        0     2         ./Drivers/STM32F4xx_HAL_Driver/Src/stm32f4xx_hal_dma_ex.o:(.text)
 80012ce  80012ce        0     2         ./Drivers/STM32F4xx_HAL_Driver/Src/stm32f4xx_hal_exti.o:(.text)
 80012ce  80012ce        0     2         ./Drivers/STM32F4xx_HAL_Driver/Src/stm32f4xx_hal_flash.o:(.text)
 80012ce  80012ce        0     2         ./Drivers/STM32F4xx_HAL_Driver/Src/stm32f4xx_hal_flash_ex.o:(.text)
 80012ce  80012ce        0     2         ./Drivers/STM32F4xx_HAL_Driver/Src/stm32f4xx_hal_flash_ramfunc.o:(.text)
 80012ce  80012ce        0     2         ./Drivers/STM32F4xx_HAL_Driver/Src/stm32f4xx_hal_gpio.o:(.text)
 80012ce  80012ce        0     2         ./Drivers/STM32F4xx_HAL_Driver/Src/stm32f4xx_hal_hcd.o:(.text)
 80012ce  80012ce        0     2         ./Drivers/STM32F4xx_HAL_Driver/Src/stm32f4xx_hal_i2c.o:(.text)
 80012ce  80012ce        0     2         ./Drivers/STM32F4xx_HAL_Driver/Src/stm32f4xx_hal_i2c_ex.o:(.text)
 80012ce  80012ce        0     2         ./Drivers/STM32F4xx_HAL_Driver/Src/stm32f4xx_hal_i2s.o:(.text)
 80012ce  80012ce        0     2         ./Drivers/STM32F4xx_HAL_Driver/Src/stm32f4xx_hal_i2s_ex.o:(.text)
 80012ce  80012ce        0     2         ./Drivers/STM32F4xx_HAL_Driver/Src/stm32f4xx_hal_pwr.o:(.text)
 80012ce  80012ce        0     2         ./Drivers/STM32F4xx_HAL_Driver/Src/stm32f4xx_hal_pwr_ex.o:(.text)
 80012ce  80012ce        0     2         ./Drivers/STM32F4xx_HAL_Driver/Src/stm32f4xx_hal_rcc.o:(.text)
 80012ce  80012ce        0     2         ./Drivers/STM32F4xx_HAL_Driver/Src/stm32f4xx_hal_rcc_ex.o:(.text)
 80012ce  80012ce        0     2         ./Drivers/STM32F4xx_HAL_Driver/Src/stm32f4xx_hal_spi.o:(.text)
 80012ce  80012ce        0     2         ./Drivers/STM32F4xx_HAL_Driver/Src/stm32f4xx_hal_tim.o:(.text)
 80012ce  80012ce        0     2         ./Drivers/STM32F4xx_HAL_Driver/Src/stm32f4xx_hal_tim_ex.o:(.text)
 80012ce  80012ce        0     2         ./Drivers/STM32F4xx_HAL_Driver/Src/stm32f4xx_hal_uart.o:(.text)
 80012ce  80012ce        0     2         ./Drivers/STM32F4xx_HAL_Driver/Src/stm32f4xx_ll_usb.o:(.text)
 80012ce  80012ce        0     2         ./Middlewares/ST/STM32_USB_Host_Library/Class/CDC/Src/usbh_cdc.o:(.text)
 80012ce  80012ce        0     2         ./Middlewares/ST/STM32_USB_Host_Library/Core/Src/usbh_core.o:(.text)
 80012ce  80012ce        0     2         ./Middlewares/ST/STM32_USB_Host_Library/Core/Src/usbh_ctlreq.o:(.text)
 80012ce  80012ce        0     2         ./Middlewares/ST/STM32_USB_Host_Library/Core/Src/usbh_ioreq.o:(.text)
 80012ce  80012ce        0     2         ./Middlewares/ST/STM32_USB_Host_Library/Core/Src/usbh_pipes.o:(.text)
 80012ce  80012ce        0     2         ./USB_HOST/App/usb_host.o:(.text)
 80012ce  80012ce        0     2         ./USB_HOST/Target/usbh_conf.o:(.text)
 80012ce  80012ce        0     2         ./USB_HOST/Target/usbh_platform.o:(.text)
 80012d0  80012d0        8     4         /usr/lib/arm-none-eabi/lib/thumb/v7e-m+fp/hard/libc.a(lib_a-aeabi_memclr.o):(.text)
 80012d0  80012d0        0     1                 $t
 80012d1  80012d1        6     1                 __aeabi_memclr
 80012d1  80012d1        6     1                 __aeabi_memclr8
 80012d1  80012d1        6     1                 __aeabi_memclr4
 80012d8  80012d8       9a     2         /usr/lib/arm-none-eabi/lib/thumb/v7e-m+fp/hard/libc.a(lib_a-aeabi_memset-soft.o):(.text)
 80012d8  80012d8        0     1                 $t
 80012d9  80012d9       9a     1                 __aeabi_memset
 80012d9  80012d9       9a     1                 __aeabi_memset4
 80012d9  80012d9       9a     1                 __aeabi_memset8
 8001374  8001374        c     4         /usr/lib/arm-none-eabi/lib/thumb/v7e-m+fp/hard/libc.a(lib_a-errno.o):(.text)
 8001374  8001374        0     1                 $t
 8001375  8001375        c     1                 __errno
 800137c  800137c        0     1                 $d
 8001380  8001380        0     2         /usr/lib/arm-none-eabi/lib/thumb/v7e-m+fp/hard/libc.a(lib_a-impure.o):(.text)
 8001380  8001380       48     4         /usr/lib/arm-none-eabi/lib/thumb/v7e-m+fp/hard/libc.a(lib_a-init.o):(.text)
 8001380  8001380        0     1                 $t
 8001381  8001381       48     1                 __libc_init_array
 80013b8  80013b8        0     1                 $d
 80013c8  80013c8       20     4         /usr/lib/arm-none-eabi/lib/thumb/v7e-m+fp/hard/libc.a(lib_a-malloc.o):(.text)
 80013c8  80013c8        0     1                 $t
 80013c9  80013c9       10     1                 malloc
 80013d4  80013d4        0     1                 $d
 80013d8  80013d8        0     1                 $t
 80013d9  80013d9       10     1                 free
 80013e4  80013e4        0     1                 $d
 80013e8  80013e8      2ac     4         /usr/lib/arm-none-eabi/lib/thumb/v7e-m+fp/hard/libc.a(lib_a-freer.o):(.text)
 80013e8  80013e8        0     1                 $t
 80013e9  80013e9       a0     1                 _malloc_trim_r
 800147c  800147c        0     1                 $d
 8001488  8001488        0     1                 $t
 8001489  8001489      20c     1                 _free_r
 8001688  8001688        0     1                 $d
 8001694  8001694      554     4         /usr/lib/arm-none-eabi/lib/thumb/v7e-m+fp/hard/libc.a(lib_a-mallocr.o):(.text)
 8001694  8001694        0     1                 $t
 8001695  8001695      554     1                 _malloc_r
 8001994  8001994        0     1                 $d
 80019a0  80019a0        0     1                 $t
 8001be8  8001be8       a4     4         /usr/lib/arm-none-eabi/lib/thumb/v7e-m+fp/hard/libc.a(lib_a-memset.o):(.text)
 8001be8  8001be8        0     1                 $t
 8001be9  8001be9       a4     1                 memset
 8001c8c  8001c8c        8     4         /usr/lib/arm-none-eabi/lib/thumb/v7e-m+fp/hard/libc.a(lib_a-mlock.o):(.text)
 8001c8c  8001c8c        0     1                 $t
 8001c8d  8001c8d        2     1                 __malloc_lock
 8001c91  8001c91        2     1                 __malloc_unlock
 8001c94  8001c94       48     4         /usr/lib/arm-none-eabi/lib/thumb/v7e-m+fp/hard/libc.a(lib_a-printf.o):(.text)
 8001c94  8001c94        0     1                 $t
 8001c95  8001c95       1e     1                 _printf_r
 8001cb5  8001cb5       28     1                 printf
 8001cd8  8001cd8        0     1                 $d
 8001cdc  8001cdc       24     4         /usr/lib/arm-none-eabi/lib/thumb/v7e-m+fp/hard/libc.a(lib_a-sbrkr.o):(.text)
 8001cdc  8001cdc        0     1                 $t
 8001cdd  8001cdd       24     1                 _sbrk_r
 8001cfc  8001cfc        0     1                 $d
 8001d00  8001d00       d8     4         /usr/lib/arm-none-eabi/lib/thumb/v7e-m+fp/hard/libc.a(lib_a-reent.o):(.text)
 8001d00  8001d00        0     1                 $t
 8001d01  8001d01       48     1                 cleanup_glue
 8001d49  8001d49       90     1                 _reclaim_reent
 8001dd4  8001dd4        0     1                 $d
 8001dd8  8001dd8     159c     8         /usr/lib/arm-none-eabi/lib/thumb/v7e-m+fp/hard/libc.a(lib_a-vfprintf.o):(.text)
 8001dd8  8001dd8        0     1                 $t
 8001dd9  8001dd9     1514     1                 _vfprintf_r
 8001eb6  8001eb6        0     1                 $d
 8001f68  8001f68        0     1                 $t
 8002098  8002098        0     1                 $d
 80020a0  80020a0        0     1                 $t
 80024d8  80024d8        0     1                 $d
 80024ec  80024ec        0     1                 $t
 80028c0  80028c0        0     1                 $d
 80028cc  80028cc        0     1                 $t
 8002b64  8002b64        0     1                 $d
 8002b6c  8002b6c        0     1                 $t
 8002f3c  8002f3c        0     1                 $d
 8002f4c  8002f4c        0     1                 $t
 80032e4  80032e4        0     1                 $d
 80032ec  80032ec        0     1                 $t
 80032ed  80032ed       1c     1                 vfprintf
 8003304  8003304        0     1                 $d
 8003308  8003308        0     1                 $t
 8003309  8003309       6a     1                 __sbprintf
 8003374  8003374       14     4         /usr/lib/arm-none-eabi/lib/thumb/v7e-m+fp/hard/libc.a(lib_a-localeconv.o):(.text)
 8003374  8003374        0     1                 $t
 8003375  8003375        4     1                 __localeconv_l
 8003379  8003379        8     1                 _localeconv_r
 800337c  800337c        0     1                 $d
 8003380  8003380        0     1                 $t
 8003381  8003381        8     1                 localeconv
 8003384  8003384        0     1                 $d
 8003388  8003388       8c     4         /usr/lib/arm-none-eabi/lib/thumb/v7e-m+fp/hard/libc.a(lib_a-locale.o):(.text)
 8003388  8003388        0     1                 $t
 8003389  8003389       40     1                 _setlocale_r
 80033bc  80033bc        0     1                 $d
 80033c8  80033c8        0     1                 $t
 80033c9  80033c9        c     1                 __locale_mb_cur_max
 80033d0  80033d0        0     1                 $d
 80033d4  80033d4        0     1                 $t
 80033d5  80033d5       40     1                 setlocale
 8003408  8003408        0     1                 $d
 8003420  8003420      2dc    32         /usr/lib/arm-none-eabi/lib/thumb/v7e-m+fp/hard/libc.a(lib_a-strcmp.o):(.text)
 8003420  8003420        0     1                 $t
 8003429  8003429      2dc     1                 strcmp
 80036fc  80036fc       40     4         /usr/lib/arm-none-eabi/lib/thumb/v7e-m+fp/hard/libc.a(lib_a-mbtowc_r.o):(.text)
 80036fc  80036fc        0     1                 $t
 80036fd  80036fd       14     1                 _mbtowc_r
 800370c  800370c        0     1                 $d
 8003710  8003710        0     1                 $t
 8003711  8003711       2a     1                 __ascii_mbtowc
 800373c  800373c        0     2         /usr/lib/arm-none-eabi/lib/thumb/v7e-m+fp/hard/libc.a(lib_a-ctype_.o):(.text)
 8003740  8003740       dc    64         /usr/lib/arm-none-eabi/lib/thumb/v7e-m+fp/hard/libc.a(lib_a-strlen.o):(.text)
 8003740  8003740        0     1                 $t
 8003741  8003741       dc     1                 strlen
 800381c  800381c      d44     4         /usr/lib/arm-none-eabi/lib/thumb/v7e-m+fp/hard/libc.a(lib_a-vfiprintf.o):(.text)
 800381c  800381c        0     1                 $t
 800381d  800381d       76     1                 __sprint_r.part.0
 8003895  8003895       16     1                 __sprint_r
 80038ad  80038ad      c2c     1                 _vfiprintf_r
 8003964  8003964        0     1                 $d
 8003a16  8003a16        0     1                 $t
 80040f0  80040f0        0     1                 $d
 80040fc  80040fc        0     1                 $t
 80044cc  80044cc        0     1                 $d
 80044d8  80044d8        0     1                 $t
 80044d9  80044d9       1c     1                 vfiprintf
 80044f0  80044f0        0     1                 $d
 80044f4  80044f4        0     1                 $t
 80044f5  80044f5       6a     1                 __sbprintf
 8004560  8004560      118     4         /usr/lib/arm-none-eabi/lib/thumb/v7e-m+fp/hard/libc.a(lib_a-fputwc.o):(.text)
 8004560  8004560        0     1                 $t
 8004561  8004561       a6     1                 __fputwc
 8004609  8004609       26     1                 _fputwc_r
 8004631  8004631       48     1                 fputwc
 8004674  8004674        0     1                 $d
 8004678  8004678      218     4         /usr/lib/arm-none-eabi/lib/thumb/v7e-m+fp/hard/libc.a(lib_a-findfp.o):(.text)
 8004678  8004678        0     1                 $t
 8004679  8004679        4     1                 __fp_lock
 800467d  800467d        c     1                 _cleanup_r
 8004684  8004684        0     1                 $d
 8004688  8004688        0     1                 $t
 8004689  8004689        4     1                 __fp_unlock
 800468d  800468d       d8     1                 __sinit.part.0
 8004748  8004748        0     1                 $d
 8004764  8004764        0     1                 $t
 8004765  8004765       2e     1                 __sfmoreglue
 8004795  8004795       a8     1                 __sfp
 8004834  8004834        0     1                 $d
 800483c  800483c        0     1                 $t
 800483d  800483d       14     1                 _cleanup
 8004848  8004848        0     1                 $d
 8004850  8004850        0     1                 $t
 8004851  8004851        8     1                 __sinit
 8004859  8004859        2     1                 __sfp_lock_acquire
 800485d  800485d        2     1                 __sfp_lock_release
 8004861  8004861        2     1                 __sinit_lock_acquire
 8004865  8004865        2     1                 __sinit_lock_release
 8004869  8004869       14     1                 __fp_lock_all
 8004874  8004874        0     1                 $d
 800487c  800487c        0     1                 $t
 800487d  800487d       14     1                 __fp_unlock_all
 8004888  8004888        0     1                 $d
 8004890  8004890       88     4         /usr/lib/arm-none-eabi/lib/thumb/v7e-m+fp/hard/libc.a(lib_a-fwalk.o):(.text)
 8004890  8004890        0     1                 $t
 8004891  8004891       40     1                 _fwalk
 80048d1  80048d1       48     1                 _fwalk_reent
 8004918  8004918       d4     4         /usr/lib/arm-none-eabi/lib/thumb/v7e-m+fp/hard/libc.a(lib_a-fclose.o):(.text)
 8004918  8004918        0     1                 $t
 8004919  8004919       62     1                 _fclose_r.part.0
 800497d  800497d       34     1                 _fclose_r
 80049b1  80049b1       3c     1                 fclose
 80049e8  80049e8        0     1                 $d
 80049ec  80049ec      1ac     4         /usr/lib/arm-none-eabi/lib/thumb/v7e-m+fp/hard/libc.a(lib_a-fflush.o):(.text)
 80049ec  80049ec        0     1                 $t
 80049ed  80049ed      130     1                 __sflush_r
 8004b1d  8004b1d       2c     1                 _fflush_r
 8004b49  8004b49       50     1                 fflush
 8004b8c  8004b8c        0     1                 $d
 8004b98  8004b98       90     4         /usr/lib/arm-none-eabi/lib/thumb/v7e-m+fp/hard/libc.a(lib_a-stdio.o):(.text)
 8004b98  8004b98        0     1                 $t
 8004b99  8004b99       22     1                 __sread
 8004bbd  8004bbd        4     1                 __seofread
 8004bc1  8004bc1       3e     1                 __swrite
 8004c01  8004c01       20     1                 __sseek
 8004c21  8004c21        8     1                 __sclose
 8004c28  8004c28       2c     4         /usr/lib/arm-none-eabi/lib/thumb/v7e-m+fp/hard/libc.a(lib_a-readr.o):(.text)
 8004c28  8004c28        0     1                 $t
 8004c29  8004c29       2c     1                 _read_r
 8004c50  8004c50        0     1                 $d
 8004c54  8004c54       2c     4         /usr/lib/arm-none-eabi/lib/thumb/v7e-m+fp/hard/libc.a(lib_a-lseekr.o):(.text)
 8004c54  8004c54        0     1                 $t
 8004c55  8004c55       2c     1                 _lseek_r
 8004c7c  8004c7c        0     1                 $d
 8004c80  8004c80       24     4         /usr/lib/arm-none-eabi/lib/thumb/v7e-m+fp/hard/libc.a(lib_a-closer.o):(.text)
 8004c80  8004c80        0     1                 $t
 8004c81  8004c81       24     1                 _close_r
 8004ca0  8004ca0        0     1                 $d
 8004ca4  8004ca4      2f0     4         /usr/lib/arm-none-eabi/lib/thumb/v7e-m+fp/hard/libc.a(lib_a-fvwrite.o):(.text)
 8004ca4  8004ca4        0     1                 $t
 8004ca5  8004ca5      2f0     1                 __sfvwrite_r
 8004f90  8004f90        0     1                 $d
 8004f94  8004f94       f8     4         /usr/lib/arm-none-eabi/lib/thumb/v7e-m+fp/hard/libc.a(lib_a-memmove.o):(.text)
 8004f94  8004f94        0     1                 $t
 8004f95  8004f95       f8     1                 memmove
 8005090  8005090       a0    16         /usr/lib/arm-none-eabi/lib/thumb/v7e-m+fp/hard/libc.a(lib_a-memchr.o):(.text)
 8005090  8005090        0     1                 $t
 8005091  8005091        0     1                 memchr
 8005130  8005130      134     4         /usr/lib/arm-none-eabi/lib/thumb/v7e-m+fp/hard/libc.a(lib_a-memcpy.o):(.text)
 8005130  8005130        0     1                 $t
 8005131  8005131      134     1                 memcpy
 8005264  8005264      3d8     4         /usr/lib/arm-none-eabi/lib/thumb/v7e-m+fp/hard/libc.a(lib_a-reallocr.o):(.text)
 8005264  8005264        0     1                 $t
 8005265  8005265      3d8     1                 _realloc_r
 800558c  800558c        0     1                 $d
 8005590  8005590        0     1                 $t
 8005638  8005638        0     1                 $d
 8005640  8005640     1064     8         /usr/lib/arm-none-eabi/lib/thumb/v7e-m+fp/hard/libc.a(lib_a-dtoa.o):(.text)
 8005640  8005640        0     1                 $t
 8005641  8005641      126     1                 quorem
 8005769  8005769      f3c     1                 _dtoa_r
 8005916  8005916        0     1                 $d
 800591e  800591e        0     1                 $t
 8005980  8005980        0     1                 $d
 80059b0  80059b0        0     1                 $t
 8005d08  8005d08        0     1                 $d
 8005d24  8005d24        0     1                 $t
 8005fb8  8005fb8        0     1                 $d
 8005fbc  8005fbc        0     1                 $t
 8006420  8006420        0     1                 $d
 8006438  8006438        0     1                 $t
 8006688  8006688        0     1                 $d
 80066a4  80066a4      aa0     4         /usr/lib/arm-none-eabi/lib/thumb/v7e-m+fp/hard/libc.a(lib_a-mprec.o):(.text)
 80066a4  80066a4        0     1                 $t
 80066a5  80066a5       4c     1                 _Balloc
 80066f1  80066f1       12     1                 _Bfree
 8006705  8006705       a8     1                 __multadd
 80067a4  80067a4        0     1                 $d
 80067ac  80067ac        0     1                 $t
 80067ad  80067ad       b4     1                 __s2b
 8006854  8006854        0     1                 $d
 8006860  8006860        0     1                 $t
 8006861  8006861       40     1                 __hi0bits
 80068a1  80068a1       5e     1                 __lo0bits
 8006901  8006901       5c     1                 __i2b
 8006954  8006954        0     1                 $d
 800695c  800695c        0     1                 $t
 800695d  800695d      15c     1                 __multiply
 8006ab0  8006ab0        0     1                 $d
 8006ab8  8006ab8        0     1                 $t
 8006ab9  8006ab9       c0     1                 __pow5mult
 8006b6c  8006b6c        0     1                 $d
 8006b78  8006b78        0     1                 $t
 8006b79  8006b79       f0     1                 __lshift
 8006c60  8006c60        0     1                 $d
 8006c68  8006c68        0     1                 $t
 8006c69  8006c69       42     1                 __mcmp
 8006cad  8006cad      14c     1                 __mdiff
 8006df0  8006df0        0     1                 $d
 8006df8  8006df8        0     1                 $t
 8006df9  8006df9       60     1                 __ulp
 8006e54  8006e54        0     1                 $d
 8006e58  8006e58        0     1                 $t
 8006e59  8006e59       c0     1                 __b2d
 8006f19  8006f19       d0     1                 __d2b
 8006fe0  8006fe0        0     1                 $d
 8006fe8  8006fe8        0     1                 $t
 8006fe9  8006fe9       5c     1                 __ratio
 8007045  8007045       40     1                 _mprec_log10
 8007078  8007078        0     1                 $d
 8007084  8007084        0     1                 $t
 8007085  8007085       5a     1                 __copybits
 80070e1  80070e1       64     1                 __any_on
 8007144  8007144       60     4         /usr/lib/arm-none-eabi/lib/thumb/v7e-m+fp/hard/libc.a(lib_a-callocr.o):(.text)
 8007144  8007144        0     1                 $t
 8007145  8007145       5e     1                 _calloc_r
 80071a4  80071a4       4c     4         /usr/lib/arm-none-eabi/lib/thumb/v7e-m+fp/hard/libc.a(lib_a-assert.o):(.text)
 80071a4  80071a4        0     1                 $t
 80071a5  80071a5       40     1                 __assert_func
 80071d4  80071d4        0     1                 $d
 80071e4  80071e4        0     1                 $t
 80071e5  80071e5        a     1                 __assert
 80071f0  80071f0       44     4         /usr/lib/arm-none-eabi/lib/thumb/v7e-m+fp/hard/libc.a(lib_a-fiprintf.o):(.text)
 80071f0  80071f0        0     1                 $t
 80071f1  80071f1       1c     1                 _fiprintf_r
 800720d  800720d       28     1                 fiprintf
 8007230  8007230        0     1                 $d
 8007234  8007234       10     4         /usr/lib/arm-none-eabi/lib/thumb/v7e-m+fp/hard/libc.a(lib_a-abort.o):(.text)
 8007234  8007234        0     1                 $t
 8007235  8007235        e     1                 abort
 8007244  8007244      288     4         /usr/lib/arm-none-eabi/lib/thumb/v7e-m+fp/hard/libc.a(lib_a-signal.o):(.text)
 8007244  8007244        0     1                 $t
 8007245  8007245       30     1                 _init_signal_r
 8007275  8007275       4c     1                 _signal_r
 80072c1  80072c1       56     1                 _raise_r
 8007319  8007319       64     1                 __sigtramp_r
 800737d  800737d       5c     1                 raise
 80073d4  80073d4        0     1                 $d
 80073d8  80073d8        0     1                 $t
 80073d9  80073d9       54     1                 signal
 8007428  8007428        0     1                 $d
 800742c  800742c        0     1                 $t
 800742d  800742d       38     1                 _init_signal
 8007460  8007460        0     1                 $d
 8007464  8007464        0     1                 $t
 8007465  8007465       68     1                 __sigtramp
 80074c8  80074c8        0     1                 $d
 80074cc  80074cc       30     4         /usr/lib/arm-none-eabi/lib/thumb/v7e-m+fp/hard/libc.a(lib_a-signalr.o):(.text)
 80074cc  80074cc        0     1                 $t
 80074cd  80074cd       2c     1                 _kill_r
 80074f4  80074f4        0     1                 $d
 80074f8  80074f8        0     1                 $t
 80074f9  80074f9        4     1                 _getpid_r
 80074fc  80074fc       c8     4         /usr/lib/arm-none-eabi/lib/thumb/v7e-m+fp/hard/libc.a(lib_a-wbuf.o):(.text)
 80074fc  80074fc        0     1                 $t
 80074fd  80074fd       b0     1                 __swbuf_r
 80075ad  80075ad       18     1                 __swbuf
 80075c0  80075c0        0     1                 $d
 80075c4  80075c4       88     4         /usr/lib/arm-none-eabi/lib/thumb/v7e-m+fp/hard/libc.a(lib_a-wcrtomb.o):(.text)
 80075c4  80075c4        0     1                 $t
 80075c5  80075c5       3c     1                 _wcrtomb_r
 80075fc  80075fc        0     1                 $d
 8007600  8007600        0     1                 $t
 8007601  8007601       4c     1                 wcrtomb
 8007644  8007644        0     1                 $d
 800764c  800764c       30     4         /usr/lib/arm-none-eabi/lib/thumb/v7e-m+fp/hard/libc.a(lib_a-wctomb_r.o):(.text)
 800764c  800764c        0     1                 $t
 800764d  800764d       14     1                 _wctomb_r
 800765c  800765c        0     1                 $d
 8007660  8007660        0     1                 $t
 8007661  8007661       1a     1                 __ascii_wctomb
 800767c  800767c       2c     4         /usr/lib/arm-none-eabi/lib/thumb/v7e-m+fp/hard/libc.a(lib_a-writer.o):(.text)
 800767c  800767c        0     1                 $t
 800767d  800767d       2c     1                 _write_r
 80076a4  80076a4        0     1                 $d
 80076a8  80076a8       d4     4         /usr/lib/arm-none-eabi/lib/thumb/v7e-m+fp/hard/libc.a(lib_a-wsetup.o):(.text)
 80076a8  80076a8        0     1                 $t
 80076a9  80076a9       d4     1                 __swsetup_r
 8007778  8007778        0     1                 $d
 800777c  800777c      140     4         /usr/lib/arm-none-eabi/lib/thumb/v7e-m+fp/hard/libc.a(lib_a-makebuf.o):(.text)
 800777c  800777c        0     1                 $t
 800777d  800777d       e0     1                 __smakebuf_r
 8007858  8007858        0     1                 $d
 800785c  800785c        0     1                 $t
 800785d  800785d       5e     1                 __swhatbuf_r
 80078bc  80078bc       2c     4         /usr/lib/arm-none-eabi/lib/thumb/v7e-m+fp/hard/libc.a(lib_a-fstatr.o):(.text)
 80078bc  80078bc        0     1                 $t
 80078bd  80078bd       2c     1                 _fstat_r
 80078e4  80078e4        0     1                 $d
 80078e8  80078e8       24     4         /usr/lib/arm-none-eabi/lib/thumb/v7e-m+fp/hard/libc.a(lib_a-isattyr.o):(.text)
 80078e8  80078e8        0     1                 $t
 80078e9  80078e9       24     1                 _isatty_r
 8007908  8007908        0     1                 $d
 800790c  800790c      39a     4         /home/creaker00/llvm-project/build/compiler-rt_thumb/lib/linux/libclang_rt.builtins-arm.a(adddf3.c.o):(.text)
 800790c  800790c        0     1                 $t.0
 800790d  800790d      39a     1                 __adddf3
 800790d  800790d      39a     1                 __aeabi_dadd
 8007ca8  8007ca8       10     4         /home/creaker00/llvm-project/build/compiler-rt_thumb/lib/linux/libclang_rt.builtins-arm.a(fp_mode.c.o):(.text)
 8007ca8  8007ca8        0     1                 $t.0
 8007ca9  8007ca9        c     1                 __fe_getround
 8007cb0  8007cb0        0     1                 $d.1
 8007cb4  8007cb4        0     1                 $t.2
 8007cb5  8007cb5        4     1                 __fe_raise_inexact
 8007cb8  8007cb8      10a     4         /home/creaker00/llvm-project/build/compiler-rt_thumb/lib/linux/libclang_rt.builtins-arm.a(comparedf2.c.o):(.text)
 8007cb8  8007cb8        0     1                 $t.0
 8007cb9  8007cb9       6e     1                 __ledf2
 8007cb9  8007cb9       6e     1                 __cmpdf2
 8007cb9  8007cb9       6e     1                 __eqdf2
 8007cb9  8007cb9       6e     1                 __ltdf2
 8007cb9  8007cb9       6e     1                 __nedf2
 8007d27  8007d27       6c     1                 __gedf2
 8007d27  8007d27       6c     1                 __gtdf2
 8007d93  8007d93       30     1                 __unorddf2
 8007d93  8007d93       30     1                 __aeabi_dcmpun
 8007dc4  8007dc4      386     4         /home/creaker00/llvm-project/build/compiler-rt_thumb/lib/linux/libclang_rt.builtins-arm.a(divdf3.c.o):(.text)
 8007dc4  8007dc4        0     1                 $t.0
 8007dc5  8007dc5      386     1                 __divdf3
 8007dc5  8007dc5      386     1                 __aeabi_ddiv
 800814c  800814c       58     4         /home/creaker00/llvm-project/build/compiler-rt_thumb/lib/linux/libclang_rt.builtins-arm.a(fixdfsi.c.o):(.text)
 800814c  800814c        0     1                 $t.0
 800814d  800814d       58     1                 __fixdfsi
 800814d  800814d       58     1                 __aeabi_d2iz
 80081a4  80081a4       4e     4         /home/creaker00/llvm-project/build/compiler-rt_thumb/lib/linux/libclang_rt.builtins-arm.a(floatsidf.c.o):(.text)
 80081a4  80081a4        0     1                 $t.0
 80081a5  80081a5       4e     1                 __floatsidf
 80081a5  80081a5       4e     1                 __aeabi_i2d
 80081f4  80081f4       3e     4         /home/creaker00/llvm-project/build/compiler-rt_thumb/lib/linux/libclang_rt.builtins-arm.a(floatunsidf.c.o):(.text)
 80081f4  80081f4        0     1                 $t.0
 80081f5  80081f5       3e     1                 __floatunsidf
 80081f5  80081f5       3e     1                 __aeabi_ui2d
 8008234  8008234      2ba     4         /home/creaker00/llvm-project/build/compiler-rt_thumb/lib/linux/libclang_rt.builtins-arm.a(muldf3.c.o):(.text)
 8008234  8008234        0     1                 $t.0
 8008235  8008235      2ba     1                 __muldf3
 8008235  8008235      2ba     1                 __aeabi_dmul
 80084f0  80084f0        8     4         /home/creaker00/llvm-project/build/compiler-rt_thumb/lib/linux/libclang_rt.builtins-arm.a(subdf3.c.o):(.text)
 80084f0  80084f0        0     1                 $t.0
 80084f1  80084f1        8     1                 __subdf3
 80084f1  80084f1        8     1                 __aeabi_dsub
 80084f8  80084f8       62     4         /home/creaker00/llvm-project/build/compiler-rt_thumb/lib/linux/libclang_rt.builtins-arm.a(aeabi_dcmp.S.o):(.text)
 80084f8  80084f8        0     1                 $t.0
 80084f9  80084f9       12     1                 __aeabi_dcmpeq
 800850d  800850d       12     1                 __aeabi_dcmplt
 8008521  8008521       12     1                 __aeabi_dcmple
 8008535  8008535       12     1                 __aeabi_dcmpge
 8008549  8008549       12     1                 __aeabi_dcmpgt
 800855c  800855c       14     4         /home/creaker00/llvm-project/build/compiler-rt_thumb/lib/linux/libclang_rt.builtins-arm.a(aeabi_uldivmod.S.o):(.text)
 800855c  800855c        0     1                 $t.0
 800855d  800855d       14     1                 __aeabi_uldivmod
 8008570  8008570      250     4         /home/creaker00/llvm-project/build/compiler-rt_thumb/lib/linux/libclang_rt.builtins-arm.a(udivmoddi4.c.o):(.text)
 8008570  8008570        0     1                 $t.0
 8008571  8008571      250     1                 __udivmoddi4
 80087c0  80087c0        c     4         /usr/lib/arm-none-eabi/lib/thumb/v7e-m+fp/hard/libc.a(lib_a-aeabi_atexit.o):(.text)
 80087c0  80087c0        0     1                 $t
 80087c1  80087c1        a     1                 __aeabi_atexit
 80087cc  80087cc        c     4         /usr/lib/arm-none-eabi/lib/thumb/v7e-m+fp/hard/libc.a(lib_a-cxa_atexit.o):(.text)
 80087cc  80087cc        0     1                 $t
 80087cd  80087cd        c     1                 __cxa_atexit
 80087d8  80087d8       68     4         /usr/lib/arm-none-eabi/lib/thumb/v7e-m+fp/hard/libc.a(lib_a-__atexit.o):(.text)
 80087d8  80087d8        0     1                 $t
 80087d9  80087d9       68     1                 __register_exitproc
 800883c  800883c        0     1                 $d
 8008840  8008840        4     4         /usr/lib/arm-none-eabi/lib/thumb/v7e-m+fp/hard/libc.a(lib_a-aeabi_memcpy.o):(.text)
 8008840  8008840        0     1                 $t
 8008841  8008841        4     1                 __aeabi_memcpy
 8008841  8008841        4     1                 __aeabi_memcpy8
 8008841  8008841        4     1                 __aeabi_memcpy4
 8008844  8008844       3a     2         /usr/lib/arm-none-eabi/lib/thumb/v7e-m+fp/hard/libc.a(lib_a-aeabi_memmove-soft.o):(.text)
 8008844  8008844        0     1                 $t
 8008845  8008845       3a     1                 __aeabi_memmove
 8008845  8008845       3a     1                 __aeabi_memmove4
 8008845  8008845       3a     1                 __aeabi_memmove8
 8008880  8008880       84     4         /home/creaker00/llvm-project/build/compiler-rt_thumb/lib/linux/libclang_rt.builtins-arm.a(comparesf2.S.o):(.text)
 8008880  8008880        0     1                 $t.0
 8008881  8008881       36     1                 __eqsf2
 8008881  8008881       36     1                 __lesf2
 8008881  8008881       36     1                 __ltsf2
 8008881  8008881       36     1                 __nesf2
 8008881  8008881       36     1                 __cmpsf2
 80088b9  80088b9       38     1                 __gtsf2
 80088b9  80088b9       38     1                 __gesf2
 80088f1  80088f1       14     1                 __unordsf2
 80088f1  80088f1       14     1                 __aeabi_fcmpun
 8008908  8008908        e     8         /home/creaker00/llvm-project/build/compiler-rt_thumb/lib/linux/libclang_rt.builtins-arm.a(divsi3.S.o):(.text)
 8008908  8008908        0     1                 $t.0
 8008909  8008909        e     1                 __aeabi_idiv
 8008909  8008909        e     1                 __divsi3
 8008918  8008918       10     4         /home/creaker00/llvm-project/build/compiler-rt_thumb/lib/linux/libclang_rt.builtins-arm.a(udivsi3.S.o):(.text)
 8008918  8008918        0     1                 $t.0
 8008919  8008919       10     1                 __aeabi_uidiv
 8008919  8008919       10     1                 __udivsi3
 8008928  8008928        4     4         /home/creaker00/llvm-project/build/compiler-rt_thumb/lib/linux/libclang_rt.builtins-arm.a(aeabi_div0.c.o):(.text)
 8008928  8008928        0     1                 $t.0
 8008929  8008929        2     1                 __aeabi_idiv0
 800892b  800892b        2     1                 __aeabi_ldiv0
 800892c  800892c      1cc     4         /home/creaker00/llvm-project/build/compiler-rt_thumb/lib/linux/libclang_rt.builtins-arm.a(addsf3.c.o):(.text)
 800892c  800892c        0     1                 $t.0
 800892d  800892d      1cc     1                 __addsf3
 800892d  800892d      1cc     1                 __aeabi_fadd
 8008af8  8008af8       28     4         /home/creaker00/llvm-project/build/compiler-rt_thumb/lib/linux/libclang_rt.builtins-arm.a(ashldi3.c.o):(.text)
 8008af8  8008af8        0     1                 $t.0
 8008af9  8008af9       28     1                 __ashldi3
 8008af9  8008af9       28     1                 __aeabi_llsl
 8008b20  8008b20       2e     4         /home/creaker00/llvm-project/build/compiler-rt_thumb/lib/linux/libclang_rt.builtins-arm.a(ashrdi3.c.o):(.text)
 8008b20  8008b20        0     1                 $t.0
 8008b21  8008b21       2e     1                 __ashrdi3
 8008b21  8008b21       2e     1                 __aeabi_lasr
 8008b50  8008b50       44     4         /home/creaker00/llvm-project/build/compiler-rt_thumb/lib/linux/libclang_rt.builtins-arm.a(cmpdi2.c.o):(.text)
 8008b50  8008b50        0     1                 $t.0
 8008b51  8008b51       20     1                 __cmpdi2
 8008b71  8008b71       24     1                 __aeabi_lcmp
 8008b94  8008b94      1a6     4         /home/creaker00/llvm-project/build/compiler-rt_thumb/lib/linux/libclang_rt.builtins-arm.a(divsf3.c.o):(.text)
 8008b94  8008b94        0     1                 $t.0
 8008b95  8008b95      1a6     1                 __divsf3
 8008b95  8008b95      1a6     1                 __aeabi_fdiv
 8008d3c  8008d3c       92     4         /home/creaker00/llvm-project/build/compiler-rt_thumb/lib/linux/libclang_rt.builtins-arm.a(extendsfdf2.c.o):(.text)
 8008d3c  8008d3c        0     1                 $t.0
 8008d3d  8008d3d       92     1                 __extendsfdf2
 8008d3d  8008d3d       92     1                 __aeabi_f2d
 8008dd0  8008dd0       70     4         /home/creaker00/llvm-project/build/compiler-rt_thumb/lib/linux/libclang_rt.builtins-arm.a(extendhfsf2.c.o):(.text)
 8008dd0  8008dd0        0     1                 $t.0
 8008dd1  8008dd1       6c     1                 __extendhfsf2
 8008dd1  8008dd1       6c     1                 __aeabi_h2f
 8008e3d  8008e3d        4     1                 __gnu_h2f_ieee
 8008e40  8008e40       30     4         /home/creaker00/llvm-project/build/compiler-rt_thumb/lib/linux/libclang_rt.builtins-arm.a(fixdfdi.c.o):(.text)
 8008e40  8008e40        0     1                 $t.0
 8008e41  8008e41       30     1                 __fixdfdi
 8008e41  8008e41       30     1                 __aeabi_d2lz
 8008e70  8008e70       5e     4         /home/creaker00/llvm-project/build/compiler-rt_thumb/lib/linux/libclang_rt.builtins-arm.a(fixunsdfdi.c.o):(.text)
 8008e70  8008e70        0     1                 $t.0
 8008e71  8008e71       5e     1                 __fixunsdfdi
 8008e71  8008e71       5e     1                 __aeabi_d2ulz
 8008ed0  8008ed0       50     4         /home/creaker00/llvm-project/build/compiler-rt_thumb/lib/linux/libclang_rt.builtins-arm.a(fixunsdfsi.c.o):(.text)
 8008ed0  8008ed0        0     1                 $t.0
 8008ed1  8008ed1       50     1                 __fixunsdfsi
 8008ed1  8008ed1       50     1                 __aeabi_d2uiz
 8008f20  8008f20       2a     4         /home/creaker00/llvm-project/build/compiler-rt_thumb/lib/linux/libclang_rt.builtins-arm.a(fixsfdi.c.o):(.text)
 8008f20  8008f20        0     1                 $t.0
 8008f21  8008f21       2a     1                 __fixsfdi
 8008f21  8008f21       2a     1                 __aeabi_f2lz
 8008f4c  8008f4c       62     4         /home/creaker00/llvm-project/build/compiler-rt_thumb/lib/linux/libclang_rt.builtins-arm.a(aeabi_fcmp.S.o):(.text)
 8008f4c  8008f4c        0     1                 $t.0
 8008f4d  8008f4d       12     1                 __aeabi_fcmpeq
 8008f61  8008f61       12     1                 __aeabi_fcmplt
 8008f75  8008f75       12     1                 __aeabi_fcmple
 8008f89  8008f89       12     1                 __aeabi_fcmpge
 8008f9d  8008f9d       12     1                 __aeabi_fcmpgt
 8008fb0  8008fb0       5c     4         /home/creaker00/llvm-project/build/compiler-rt_thumb/lib/linux/libclang_rt.builtins-arm.a(fixunssfdi.c.o):(.text)
 8008fb0  8008fb0        0     1                 $t.0
 8008fb1  8008fb1       5c     1                 __fixunssfdi
 8008fb1  8008fb1       5c     1                 __aeabi_f2ulz
 800900c  800900c       44     4         /home/creaker00/llvm-project/build/compiler-rt_thumb/lib/linux/libclang_rt.builtins-arm.a(fixsfsi.c.o):(.text)
 800900c  800900c        0     1                 $t.0
 800900d  800900d       44     1                 __fixsfsi
 800900d  800900d       44     1                 __aeabi_f2iz
 8009050  8009050       3e     4         /home/creaker00/llvm-project/build/compiler-rt_thumb/lib/linux/libclang_rt.builtins-arm.a(fixunssfsi.c.o):(.text)
 8009050  8009050        0     1                 $t.0
 8009051  8009051       3e     1                 __fixunssfsi
 8009051  8009051       3e     1                 __aeabi_f2uiz
 8009090  8009090       30     4         /home/creaker00/llvm-project/build/compiler-rt_thumb/lib/linux/libclang_rt.builtins-arm.a(floatdidf.c.o):(.text)
 8009090  8009090        0     1                 $t.0
 8009091  8009091       30     1                 __floatdidf
 8009091  8009091       30     1                 __aeabi_l2d
 80090c0  80090c0       e8     4         /home/creaker00/llvm-project/build/compiler-rt_thumb/lib/linux/libclang_rt.builtins-arm.a(floatdisf.c.o):(.text)
 80090c0  80090c0        0     1                 $t.0
 80090c1  80090c1       e8     1                 __floatdisf
 80090c1  80090c1       e8     1                 __aeabi_l2f
 80091a8  80091a8       6a     4         /home/creaker00/llvm-project/build/compiler-rt_thumb/lib/linux/libclang_rt.builtins-arm.a(floatsisf.c.o):(.text)
 80091a8  80091a8        0     1                 $t.0
 80091a9  80091a9       6a     1                 __floatsisf
 80091a9  80091a9       6a     1                 __aeabi_i2f
 8009214  8009214       2a     4         /home/creaker00/llvm-project/build/compiler-rt_thumb/lib/linux/libclang_rt.builtins-arm.a(floatundidf.c.o):(.text)
 8009214  8009214        0     1                 $t.0
 8009215  8009215       2a     1                 __floatundidf
 8009215  8009215       2a     1                 __aeabi_ul2d
 8009240  8009240       e6     4         /home/creaker00/llvm-project/build/compiler-rt_thumb/lib/linux/libclang_rt.builtins-arm.a(floatundisf.c.o):(.text)
 8009240  8009240        0     1                 $t.0
 8009241  8009241       e6     1                 __floatundisf
 8009241  8009241       e6     1                 __aeabi_ul2f
 8009328  8009328       54     4         /home/creaker00/llvm-project/build/compiler-rt_thumb/lib/linux/libclang_rt.builtins-arm.a(floatunsisf.c.o):(.text)
 8009328  8009328        0     1                 $t.0
 8009329  8009329       54     1                 __floatunsisf
 8009329  8009329       54     1                 __aeabi_ui2f
 800937c  800937c       28     4         /home/creaker00/llvm-project/build/compiler-rt_thumb/lib/linux/libclang_rt.builtins-arm.a(lshrdi3.c.o):(.text)
 800937c  800937c        0     1                 $t.0
 800937d  800937d       28     1                 __lshrdi3
 800937d  800937d       28     1                 __aeabi_llsr
 80093a4  80093a4       40     4         /home/creaker00/llvm-project/build/compiler-rt_thumb/lib/linux/libclang_rt.builtins-arm.a(muldi3.c.o):(.text)
 80093a4  80093a4        0     1                 $t.0
 80093a5  80093a5       40     1                 __muldi3
 80093a5  80093a5       40     1                 __aeabi_lmul
 80093e4  80093e4      148     4         /home/creaker00/llvm-project/build/compiler-rt_thumb/lib/linux/libclang_rt.builtins-arm.a(mulsf3.c.o):(.text)
 80093e4  80093e4        0     1                 $t.0
 80093e5  80093e5      148     1                 __mulsf3
 80093e5  80093e5      148     1                 __aeabi_fmul
 800952c  800952c        6     4         /home/creaker00/llvm-project/build/compiler-rt_thumb/lib/linux/libclang_rt.builtins-arm.a(negdf2.c.o):(.text)
 800952c  800952c        0     1                 $t.0
 800952d  800952d        6     1                 __negdf2
 800952d  800952d        6     1                 __aeabi_dneg
 8009534  8009534        6     4         /home/creaker00/llvm-project/build/compiler-rt_thumb/lib/linux/libclang_rt.builtins-arm.a(negsf2.c.o):(.text)
 8009534  8009534        0     1                 $t.0
 8009535  8009535        6     1                 __negsf2
 8009535  8009535        6     1                 __aeabi_fneg
 800953c  800953c        8     4         /home/creaker00/llvm-project/build/compiler-rt_thumb/lib/linux/libclang_rt.builtins-arm.a(subsf3.c.o):(.text)
 800953c  800953c        0     1                 $t.0
 800953d  800953d        8     1                 __subsf3
 800953d  800953d        8     1                 __aeabi_fsub
 8009544  8009544      11e     4         /home/creaker00/llvm-project/build/compiler-rt_thumb/lib/linux/libclang_rt.builtins-arm.a(truncdfhf2.c.o):(.text)
 8009544  8009544        0     1                 $t.0
 8009545  8009545      11e     1                 __truncdfhf2
 8009545  8009545      11e     1                 __aeabi_d2h
 8009664  8009664      13c     4         /home/creaker00/llvm-project/build/compiler-rt_thumb/lib/linux/libclang_rt.builtins-arm.a(truncdfsf2.c.o):(.text)
 8009664  8009664        0     1                 $t.0
 8009665  8009665      13c     1                 __truncdfsf2
 8009665  8009665      13c     1                 __aeabi_d2f
 80097a0  80097a0       be     4         /home/creaker00/llvm-project/build/compiler-rt_thumb/lib/linux/libclang_rt.builtins-arm.a(truncsfhf2.c.o):(.text)
 80097a0  80097a0        0     1                 $t.0
 80097a1  80097a1       ba     1                 __truncsfhf2
 80097a1  80097a1       ba     1                 __aeabi_f2h
 800985b  800985b        4     1                 __gnu_f2h_ieee
 8009860  8009860       44     4         /home/creaker00/llvm-project/build/compiler-rt_thumb/lib/linux/libclang_rt.builtins-arm.a(ucmpdi2.c.o):(.text)
 8009860  8009860        0     1                 $t.0
 8009861  8009861       20     1                 __ucmpdi2
 8009881  8009881       24     1                 __aeabi_ulcmp
 80098a4  80098a4       58     4         /home/creaker00/llvm-project/build/compiler-rt_thumb/lib/linux/libclang_rt.builtins-arm.a(aeabi_cdcmp.S.o):(.text)
 80098a4  80098a4        0     1                 $t.0
 80098a5  80098a5       1c     1                 __aeabi_cdcmpeq
 80098c1  80098c1       2c     1                 __aeabi_cdcmple
 80098ed  80098ed       10     1                 __aeabi_cdrcmple
 80098fc  80098fc        e     4         /home/creaker00/llvm-project/build/compiler-rt_thumb/lib/linux/libclang_rt.builtins-arm.a(aeabi_cdcmpeq_check_nan.c.o):(.text)
 80098fc  80098fc        0     1                 $t.0
 80098fd  80098fd        e     1                 __aeabi_cdcmpeq_check_nan
 800990c  800990c       52     4         /home/creaker00/llvm-project/build/compiler-rt_thumb/lib/linux/libclang_rt.builtins-arm.a(aeabi_cfcmp.S.o):(.text)
 800990c  800990c        0     1                 $t.0
 800990d  800990d       1c     1                 __aeabi_cfcmpeq
 8009929  8009929       2c     1                 __aeabi_cfcmple
 8009955  8009955        a     1                 __aeabi_cfrcmple
 8009960  8009960        e     4         /home/creaker00/llvm-project/build/compiler-rt_thumb/lib/linux/libclang_rt.builtins-arm.a(aeabi_cfcmpeq_check_nan.c.o):(.text)
 8009960  8009960        0     1                 $t.0
 8009961  8009961        e     1                 __aeabi_cfcmpeq_check_nan
 8009970  8009970       18     4         /home/creaker00/llvm-project/build/compiler-rt_thumb/lib/linux/libclang_rt.builtins-arm.a(aeabi_drsub.c.o):(.text)
 8009970  8009970        0     1                 $t.0
 8009971  8009971       18     1                 __aeabi_drsub
 8009988  8009988        a     4         /home/creaker00/llvm-project/build/compiler-rt_thumb/lib/linux/libclang_rt.builtins-arm.a(aeabi_frsub.c.o):(.text)
 8009988  8009988        0     1                 $t.0
 8009989  8009989        a     1                 __aeabi_frsub
 8009994  8009994       10     4         /home/creaker00/llvm-project/build/compiler-rt_thumb/lib/linux/libclang_rt.builtins-arm.a(aeabi_idivmod.S.o):(.text)
 8009994  8009994        0     1                 $t.0
 8009995  8009995       10     1                 __aeabi_idivmod
 80099a8  80099a8       18     8         /home/creaker00/llvm-project/build/compiler-rt_thumb/lib/linux/libclang_rt.builtins-arm.a(divmodsi4.S.o):(.text)
 80099a8  80099a8        0     1                 $t.0
 80099a9  80099a9       18     1                 __divmodsi4
 80099c0  80099c0       14     4         /home/creaker00/llvm-project/build/compiler-rt_thumb/lib/linux/libclang_rt.builtins-arm.a(aeabi_ldivmod.S.o):(.text)
 80099c0  80099c0        0     1                 $t.0
 80099c1  80099c1       14     1                 __aeabi_ldivmod
 80099d4  80099d4       5c     4         /home/creaker00/llvm-project/build/compiler-rt_thumb/lib/linux/libclang_rt.builtins-arm.a(divmoddi4.c.o):(.text)
 80099d4  80099d4        0     1                 $t.0
 80099d5  80099d5       5c     1                 __divmoddi4
 8009a30  8009a30        4     4         /home/creaker00/llvm-project/build/compiler-rt_thumb/lib/linux/libclang_rt.builtins-arm.a(aeabi_memcmp.S.o):(.text)
 8009a30  8009a30        0     1                 $t.0
 8009a31  8009a31        4     1                 __aeabi_memcmp
 8009a31  8009a31        4     1                 __aeabi_memcmp4
 8009a31  8009a31        4     1                 __aeabi_memcmp8
 8009a34  8009a34       64     4         /usr/lib/arm-none-eabi/lib/thumb/v7e-m+fp/hard/libc.a(lib_a-memcmp.o):(.text)
 8009a34  8009a34        0     1                 $t
 8009a35  8009a35       64     1                 memcmp
 8009a98  8009a98       10     4         /home/creaker00/llvm-project/build/compiler-rt_thumb/lib/linux/libclang_rt.builtins-arm.a(aeabi_uidivmod.S.o):(.text)
 8009a98  8009a98        0     1                 $t.0
 8009a99  8009a99       10     1                 __aeabi_uidivmod
 8009aa8  8009aa8       1a     4         /home/creaker00/llvm-project/build/compiler-rt_thumb/lib/linux/libclang_rt.builtins-arm.a(udivmodsi4.S.o):(.text)
 8009aa8  8009aa8        0     1                 $t.0
 8009aa9  8009aa9       1a     1                 __udivmodsi4
 8009ac4  8009ac4       50     4         ./Core/Startup/startup_stm32f407vgtx.o:(.text.Reset_Handler)
 8009ac4  8009ac4        0     1                 $t
 8009ac5  8009ac5       38     1                 Reset_Handler
 8009ad2  8009ad2        0     1                 CopyDataInit
 8009ad8  8009ad8        0     1                 LoopCopyDataInit
 8009ae6  8009ae6        0     1                 FillZerobss
 8009aea  8009aea        0     1                 LoopFillZerobss
 8009afc  8009afc        0     1                 $d
 8009b14  8009b14        2     2         ./Core/Startup/startup_stm32f407vgtx.o:(.text.Default_Handler)
 8009b14  8009b14        0     1                 Infinite_Loop
 8009b14  8009b14        0     1                 $t
 8009b14  8009b14        2     1                 Default_Handler
 8009b15  8009b15        2     1                 WWDG_IRQHandler
 8009b15  8009b15        2     1                 PVD_IRQHandler
 8009b15  8009b15        2     1                 TAMP_STAMP_IRQHandler
 8009b15  8009b15        2     1                 RTC_WKUP_IRQHandler
 8009b15  8009b15        2     1                 FLASH_IRQHandler
 8009b15  8009b15        2     1                 RCC_IRQHandler
 8009b15  8009b15        2     1                 EXTI0_IRQHandler
 8009b15  8009b15        2     1                 EXTI1_IRQHandler
 8009b15  8009b15        2     1                 EXTI2_IRQHandler
 8009b15  8009b15        2     1                 EXTI3_IRQHandler
 8009b15  8009b15        2     1                 EXTI4_IRQHandler
 8009b15  8009b15        2     1                 DMA1_Stream0_IRQHandler
 8009b15  8009b15        2     1                 DMA1_Stream1_IRQHandler
 8009b15  8009b15        2     1                 DMA1_Stream2_IRQHandler
 8009b15  8009b15        2     1                 DMA1_Stream3_IRQHandler
 8009b15  8009b15        2     1                 DMA1_Stream4_IRQHandler
 8009b15  8009b15        2     1                 DMA1_Stream5_IRQHandler
 8009b15  8009b15        2     1                 DMA1_Stream6_IRQHandler
 8009b15  8009b15        2     1                 ADC_IRQHandler
 8009b15  8009b15        2     1                 CAN1_TX_IRQHandler
 8009b15  8009b15        2     1                 CAN1_RX0_IRQHandler
 8009b15  8009b15        2     1                 CAN1_RX1_IRQHandler
 8009b15  8009b15        2     1                 CAN1_SCE_IRQHandler
 8009b15  8009b15        2     1                 EXTI9_5_IRQHandler
 8009b15  8009b15        2     1                 TIM1_BRK_TIM9_IRQHandler
 8009b15  8009b15        2     1                 TIM1_UP_TIM10_IRQHandler
 8009b15  8009b15        2     1                 TIM1_TRG_COM_TIM11_IRQHandler
 8009b15  8009b15        2     1                 TIM1_CC_IRQHandler
 8009b15  8009b15        2     1                 TIM2_IRQHandler
 8009b15  8009b15        2     1                 TIM3_IRQHandler
 8009b15  8009b15        2     1                 TIM4_IRQHandler
 8009b15  8009b15        2     1                 I2C1_EV_IRQHandler
 8009b15  8009b15        2     1                 I2C1_ER_IRQHandler
 8009b15  8009b15        2     1                 I2C2_EV_IRQHandler
 8009b15  8009b15        2     1                 I2C2_ER_IRQHandler
 8009b15  8009b15        2     1                 SPI1_IRQHandler
 8009b15  8009b15        2     1                 SPI2_IRQHandler
 8009b15  8009b15        2     1                 USART1_IRQHandler
 8009b15  8009b15        2     1                 USART2_IRQHandler
 8009b15  8009b15        2     1                 USART3_IRQHandler
 8009b15  8009b15        2     1                 EXTI15_10_IRQHandler
 8009b15  8009b15        2     1                 RTC_Alarm_IRQHandler
 8009b15  8009b15        2     1                 OTG_FS_WKUP_IRQHandler
 8009b15  8009b15        2     1                 TIM8_BRK_TIM12_IRQHandler
 8009b15  8009b15        2     1                 TIM8_UP_TIM13_IRQHandler
 8009b15  8009b15        2     1                 TIM8_TRG_COM_TIM14_IRQHandler
 8009b15  8009b15        2     1                 TIM8_CC_IRQHandler
 8009b15  8009b15        2     1                 DMA1_Stream7_IRQHandler
 8009b15  8009b15        2     1                 FSMC_IRQHandler
 8009b15  8009b15        2     1                 SDIO_IRQHandler
 8009b15  8009b15        2     1                 TIM5_IRQHandler
 8009b15  8009b15        2     1                 SPI3_IRQHandler
 8009b15  8009b15        2     1                 UART4_IRQHandler
 8009b15  8009b15        2     1                 UART5_IRQHandler
 8009b15  8009b15        2     1                 TIM6_DAC_IRQHandler
 8009b15  8009b15        2     1                 TIM7_IRQHandler
 8009b15  8009b15        2     1                 DMA2_Stream0_IRQHandler
 8009b15  8009b15        2     1                 DMA2_Stream1_IRQHandler
 8009b15  8009b15        2     1                 DMA2_Stream2_IRQHandler
 8009b15  8009b15        2     1                 DMA2_Stream3_IRQHandler
 8009b15  8009b15        2     1                 DMA2_Stream4_IRQHandler
 8009b15  8009b15        2     1                 ETH_IRQHandler
 8009b15  8009b15        2     1                 ETH_WKUP_IRQHandler
 8009b15  8009b15        2     1                 CAN2_TX_IRQHandler
 8009b15  8009b15        2     1                 CAN2_RX0_IRQHandler
 8009b15  8009b15        2     1                 CAN2_RX1_IRQHandler
 8009b15  8009b15        2     1                 CAN2_SCE_IRQHandler
 8009b15  8009b15        2     1                 DMA2_Stream5_IRQHandler
 8009b15  8009b15        2     1                 DMA2_Stream6_IRQHandler
 8009b15  8009b15        2     1                 DMA2_Stream7_IRQHandler
 8009b15  8009b15        2     1                 USART6_IRQHandler
 8009b15  8009b15        2     1                 I2C3_EV_IRQHandler
 8009b15  8009b15        2     1                 I2C3_ER_IRQHandler
 8009b15  8009b15        2     1                 OTG_HS_EP1_OUT_IRQHandler
 8009b15  8009b15        2     1                 OTG_HS_EP1_IN_IRQHandler
 8009b15  8009b15        2     1                 OTG_HS_WKUP_IRQHandler
 8009b15  8009b15        2     1                 OTG_HS_IRQHandler
 8009b15  8009b15        2     1                 DCMI_IRQHandler
 8009b15  8009b15        2     1                 HASH_RNG_IRQHandler
 8009b15  8009b15        2     1                 FPU_IRQHandler
 8009b18  8009b18       44     4         ./Drivers/STM32F4xx_HAL_Driver/Src/stm32f4xx_hal.o:(.text.HAL_Init)
 8009b18  8009b18        0     1                 $t
 8009b19  8009b19       44     1                 HAL_Init
 8009b58  8009b58        0     1                 $d
 8009b5c  8009b5c       58     4         ./Drivers/STM32F4xx_HAL_Driver/Src/stm32f4xx_hal.o:(.text.HAL_DeInit)
 8009b5c  8009b5c        0     1                 $t
 8009b5d  8009b5d       58     1                 HAL_DeInit
 8009bb0  8009bb0        0     1                 $d
 8009bb4  8009bb4        e     2         ./Drivers/STM32F4xx_HAL_Driver/Src/stm32f4xx_hal.o:(.text.HAL_MspInit)
 8009bb4  8009bb4        0     1                 $t
 8009bc2  8009bc2        e     2         ./Drivers/STM32F4xx_HAL_Driver/Src/stm32f4xx_hal.o:(.text.HAL_MspDeInit)
 8009bc2  8009bc2        0     1                 $t
 8009bc3  8009bc3        e     1                 HAL_MspDeInit
 8009bd0  8009bd0       60     4         ./Drivers/STM32F4xx_HAL_Driver/Src/stm32f4xx_hal.o:(.text.HAL_InitTick)
 8009bd0  8009bd0        0     1                 $t
 8009bd1  8009bd1       60     1                 HAL_InitTick
 8009c24  8009c24        0     1                 $d
 8009c30  8009c30       28     4         ./Drivers/STM32F4xx_HAL_Driver/Src/stm32f4xx_hal.o:(.text.HAL_IncTick)
 8009c30  8009c30        0     1                 $t
 8009c31  8009c31       28     1                 HAL_IncTick
 8009c50  8009c50        0     1                 $d
 8009c58  8009c58       18     4         ./Drivers/STM32F4xx_HAL_Driver/Src/stm32f4xx_hal.o:(.text.HAL_GetTick)
 8009c58  8009c58        0     1                 $t
 8009c59  8009c59       18     1                 HAL_GetTick
 8009c6c  8009c6c        0     1                 $d
 8009c70  8009c70       18     4         ./Drivers/STM32F4xx_HAL_Driver/Src/stm32f4xx_hal.o:(.text.HAL_GetTickPrio)
 8009c70  8009c70        0     1                 $t
 8009c71  8009c71       18     1                 HAL_GetTickPrio
 8009c84  8009c84        0     1                 $d
 8009c88  8009c88       50     4         ./Drivers/STM32F4xx_HAL_Driver/Src/stm32f4xx_hal.o:(.text.HAL_SetTickFreq)
 8009c88  8009c88        0     1                 $t
 8009c89  8009c89       50     1                 HAL_SetTickFreq
 8009cd0  8009cd0        0     1                 $d
 8009cd8  8009cd8       18     4         ./Drivers/STM32F4xx_HAL_Driver/Src/stm32f4xx_hal.o:(.text.HAL_GetTickFreq)
 8009cd8  8009cd8        0     1                 $t
 8009cd9  8009cd9       18     1                 HAL_GetTickFreq
 8009cec  8009cec        0     1                 $d
 8009cf0  8009cf0       48     4         ./Drivers/STM32F4xx_HAL_Driver/Src/stm32f4xx_hal.o:(.text.HAL_Delay)
 8009cf0  8009cf0        0     1                 $t
 8009cf1  8009cf1       48     1                 HAL_Delay
 8009d34  8009d34        0     1                 $d
 8009d38  8009d38       20     4         ./Drivers/STM32F4xx_HAL_Driver/Src/stm32f4xx_hal.o:(.text.HAL_SuspendTick)
 8009d38  8009d38        0     1                 $t
 8009d39  8009d39       20     1                 HAL_SuspendTick
 8009d54  8009d54        0     1                 $d
 8009d58  8009d58       20     4         ./Drivers/STM32F4xx_HAL_Driver/Src/stm32f4xx_hal.o:(.text.HAL_ResumeTick)
 8009d58  8009d58        0     1                 $t
 8009d59  8009d59       20     1                 HAL_ResumeTick
 8009d74  8009d74        0     1                 $d
 8009d78  8009d78       14     4         ./Drivers/STM32F4xx_HAL_Driver/Src/stm32f4xx_hal.o:(.text.HAL_GetHalVersion)
 8009d78  8009d78        0     1                 $t
 8009d79  8009d79       14     1                 HAL_GetHalVersion
 8009d88  8009d88        0     1                 $d
 8009d8c  8009d8c       18     4         ./Drivers/STM32F4xx_HAL_Driver/Src/stm32f4xx_hal.o:(.text.HAL_GetREVID)
 8009d8c  8009d8c        0     1                 $t
 8009d8d  8009d8d       18     1                 HAL_GetREVID
 8009da0  8009da0        0     1                 $d
 8009da4  8009da4       1c     4         ./Drivers/STM32F4xx_HAL_Driver/Src/stm32f4xx_hal.o:(.text.HAL_GetDEVID)
 8009da4  8009da4        0     1                 $t
 8009da5  8009da5       1c     1                 HAL_GetDEVID
 8009dbc  8009dbc        0     1                 $d
 8009dc0  8009dc0       20     4         ./Drivers/STM32F4xx_HAL_Driver/Src/stm32f4xx_hal.o:(.text.HAL_DBGMCU_EnableDBGSleepMode)
 8009dc0  8009dc0        0     1                 $t
 8009dc1  8009dc1       20     1                 HAL_DBGMCU_EnableDBGSleepMode
 8009ddc  8009ddc        0     1                 $d
 8009de0  8009de0       20     4         ./Drivers/STM32F4xx_HAL_Driver/Src/stm32f4xx_hal.o:(.text.HAL_DBGMCU_DisableDBGSleepMode)
 8009de0  8009de0        0     1                 $t
 8009de1  8009de1       20     1                 HAL_DBGMCU_DisableDBGSleepMode
 8009dfc  8009dfc        0     1                 $d
 8009e00  8009e00       20     4         ./Drivers/STM32F4xx_HAL_Driver/Src/stm32f4xx_hal.o:(.text.HAL_DBGMCU_EnableDBGStopMode)
 8009e00  8009e00        0     1                 $t
 8009e01  8009e01       20     1                 HAL_DBGMCU_EnableDBGStopMode
 8009e1c  8009e1c        0     1                 $d
 8009e20  8009e20       20     4         ./Drivers/STM32F4xx_HAL_Driver/Src/stm32f4xx_hal.o:(.text.HAL_DBGMCU_DisableDBGStopMode)
 8009e20  8009e20        0     1                 $t
 8009e21  8009e21       20     1                 HAL_DBGMCU_DisableDBGStopMode
 8009e3c  8009e3c        0     1                 $d
 8009e40  8009e40       20     4         ./Drivers/STM32F4xx_HAL_Driver/Src/stm32f4xx_hal.o:(.text.HAL_DBGMCU_EnableDBGStandbyMode)
 8009e40  8009e40        0     1                 $t
 8009e41  8009e41       20     1                 HAL_DBGMCU_EnableDBGStandbyMode
 8009e5c  8009e5c        0     1                 $d
 8009e60  8009e60       20     4         ./Drivers/STM32F4xx_HAL_Driver/Src/stm32f4xx_hal.o:(.text.HAL_DBGMCU_DisableDBGStandbyMode)
 8009e60  8009e60        0     1                 $t
 8009e61  8009e61       20     1                 HAL_DBGMCU_DisableDBGStandbyMode
 8009e7c  8009e7c        0     1                 $d
 8009e80  8009e80       18     4         ./Drivers/STM32F4xx_HAL_Driver/Src/stm32f4xx_hal.o:(.text.HAL_EnableCompensationCell)
 8009e80  8009e80        0     1                 $t
 8009e81  8009e81       18     1                 HAL_EnableCompensationCell
 8009e94  8009e94        0     1                 $d
 8009e98  8009e98       18     4         ./Drivers/STM32F4xx_HAL_Driver/Src/stm32f4xx_hal.o:(.text.HAL_DisableCompensationCell)
 8009e98  8009e98        0     1                 $t
 8009e99  8009e99       18     1                 HAL_DisableCompensationCell
 8009eac  8009eac        0     1                 $d
 8009eb0  8009eb0       18     4         ./Drivers/STM32F4xx_HAL_Driver/Src/stm32f4xx_hal.o:(.text.HAL_GetUIDw0)
 8009eb0  8009eb0        0     1                 $t
 8009eb1  8009eb1       18     1                 HAL_GetUIDw0
 8009ec4  8009ec4        0     1                 $d
 8009ec8  8009ec8       18     4         ./Drivers/STM32F4xx_HAL_Driver/Src/stm32f4xx_hal.o:(.text.HAL_GetUIDw1)
 8009ec8  8009ec8        0     1                 $t
 8009ec9  8009ec9       18     1                 HAL_GetUIDw1
 8009edc  8009edc        0     1                 $d
 8009ee0  8009ee0       18     4         ./Drivers/STM32F4xx_HAL_Driver/Src/stm32f4xx_hal.o:(.text.HAL_GetUIDw2)
 8009ee0  8009ee0        0     1                 $t
 8009ee1  8009ee1       18     1                 HAL_GetUIDw2
 8009ef4  8009ef4        0     1                 $d
 8009ef8  8009ef8       48     4         ./Drivers/STM32F4xx_HAL_Driver/Src/stm32f4xx_hal_cortex.o:(.text.__NVIC_SetPriorityGrouping)
 8009ef8  8009ef8        0     1                 $t
 8009ef9  8009ef9       48     1                 __NVIC_SetPriorityGrouping
 8009f3c  8009f3c        0     1                 $d
 8009f40  8009f40       1c     4         ./Drivers/STM32F4xx_HAL_Driver/Src/stm32f4xx_hal_cortex.o:(.text.__NVIC_GetPriorityGrouping)
 8009f40  8009f40        0     1                 $t
 8009f41  8009f41       1c     1                 __NVIC_GetPriorityGrouping
 8009f58  8009f58        0     1                 $d
 8009f5c  8009f5c       3c     4         ./Drivers/STM32F4xx_HAL_Driver/Src/stm32f4xx_hal_cortex.o:(.text.__NVIC_EnableIRQ)
 8009f5c  8009f5c        0     1                 $t
 8009f5d  8009f5d       3c     1                 __NVIC_EnableIRQ
 8009f94  8009f94        0     1                 $d
 8009f98  8009f98       48     4         ./Drivers/STM32F4xx_HAL_Driver/Src/stm32f4xx_hal_cortex.o:(.text.__NVIC_DisableIRQ)
 8009f98  8009f98        0     1                 $t
 8009f99  8009f99       48     1                 __NVIC_DisableIRQ
 8009fdc  8009fdc        0     1                 $d
 8009fe0  8009fe0       44     4         ./Drivers/STM32F4xx_HAL_Driver/Src/stm32f4xx_hal_cortex.o:(.text.__NVIC_GetPendingIRQ)
 8009fe0  8009fe0        0     1                 $t
 8009fe1  8009fe1       44     1                 __NVIC_GetPendingIRQ
 800a020  800a020        0     1                 $d
 800a024  800a024       3c     4         ./Drivers/STM32F4xx_HAL_Driver/Src/stm32f4xx_hal_cortex.o:(.text.__NVIC_SetPendingIRQ)
 800a024  800a024        0     1                 $t
 800a025  800a025       3c     1                 __NVIC_SetPendingIRQ
 800a05c  800a05c        0     1                 $d
 800a060  800a060       3c     4         ./Drivers/STM32F4xx_HAL_Driver/Src/stm32f4xx_hal_cortex.o:(.text.__NVIC_ClearPendingIRQ)
 800a060  800a060        0     1                 $t
 800a061  800a061       3c     1                 __NVIC_ClearPendingIRQ
 800a098  800a098        0     1                 $d
 800a09c  800a09c       44     4         ./Drivers/STM32F4xx_HAL_Driver/Src/stm32f4xx_hal_cortex.o:(.text.__NVIC_GetActive)
 800a09c  800a09c        0     1                 $t
 800a09d  800a09d       44     1                 __NVIC_GetActive
 800a0dc  800a0dc        0     1                 $d
 800a0e0  800a0e0       54     4         ./Drivers/STM32F4xx_HAL_Driver/Src/stm32f4xx_hal_cortex.o:(.text.__NVIC_SetPriority)
 800a0e0  800a0e0        0     1                 $t
 800a0e1  800a0e1       54     1                 __NVIC_SetPriority
 800a12c  800a12c        0     1                 $d
 800a134  800a134       50     4         ./Drivers/STM32F4xx_HAL_Driver/Src/stm32f4xx_hal_cortex.o:(.text.__NVIC_GetPriority)
 800a134  800a134        0     1                 $t
 800a135  800a135       50     1                 __NVIC_GetPriority
 800a17c  800a17c        0     1                 $d
 800a184  800a184       66     2         ./Drivers/STM32F4xx_HAL_Driver/Src/stm32f4xx_hal_cortex.o:(.text.NVIC_EncodePriority)
 800a184  800a184        0     1                 $t
 800a185  800a185       66     1                 NVIC_EncodePriority
 800a1ea  800a1ea       6e     2         ./Drivers/STM32F4xx_HAL_Driver/Src/stm32f4xx_hal_cortex.o:(.text.NVIC_DecodePriority)
 800a1ea  800a1ea        0     1                 $t
 800a1eb  800a1eb       6e     1                 NVIC_DecodePriority
 800a258  800a258       2c     4         ./Drivers/STM32F4xx_HAL_Driver/Src/stm32f4xx_hal_cortex.o:(.text.__NVIC_SystemReset)
 800a258  800a258        0     1                 $t
 800a259  800a259       2c     1                 __NVIC_SystemReset
 800a27c  800a27c        0     1                 $d
 800a284  800a284       44     4         ./Drivers/STM32F4xx_HAL_Driver/Src/stm32f4xx_hal_cortex.o:(.text.SysTick_Config)
 800a284  800a284        0     1                 $t
 800a285  800a285       44     1                 SysTick_Config
 800a2c4  800a2c4        0     1                 $d
 800a2c8  800a2c8       16     2         ./Drivers/STM32F4xx_HAL_Driver/Src/stm32f4xx_hal_cortex.o:(.text.HAL_NVIC_SetPriorityGrouping)
 800a2c8  800a2c8        0     1                 $t
 800a2c9  800a2c9       16     1                 HAL_NVIC_SetPriorityGrouping
 800a2de  800a2de       38     2         ./Drivers/STM32F4xx_HAL_Driver/Src/stm32f4xx_hal_cortex.o:(.text.HAL_NVIC_SetPriority)
 800a2de  800a2de        0     1                 $t
 800a2df  800a2df       38     1                 HAL_NVIC_SetPriority
 800a316  800a316       1c     2         ./Drivers/STM32F4xx_HAL_Driver/Src/stm32f4xx_hal_cortex.o:(.text.HAL_NVIC_EnableIRQ)
 800a316  800a316        0     1                 $t
 800a317  800a317       1c     1                 HAL_NVIC_EnableIRQ
 800a332  800a332       1c     2         ./Drivers/STM32F4xx_HAL_Driver/Src/stm32f4xx_hal_cortex.o:(.text.HAL_NVIC_DisableIRQ)
 800a332  800a332        0     1                 $t
 800a333  800a333       1c     1                 HAL_NVIC_DisableIRQ
 800a34e  800a34e        8     2         ./Drivers/STM32F4xx_HAL_Driver/Src/stm32f4xx_hal_cortex.o:(.text.HAL_NVIC_SystemReset)
 800a34e  800a34e        0     1                 $t
 800a34f  800a34f        8     1                 HAL_NVIC_SystemReset
 800a356  800a356       18     2         ./Drivers/STM32F4xx_HAL_Driver/Src/stm32f4xx_hal_cortex.o:(.text.HAL_SYSTICK_Config)
 800a356  800a356        0     1                 $t
 800a357  800a357       18     1                 HAL_SYSTICK_Config
 800a370  800a370       30     4         ./Drivers/STM32F4xx_HAL_Driver/Src/stm32f4xx_hal_cortex.o:(.text.HAL_MPU_Disable)
 800a370  800a370        0     1                 $t
 800a371  800a371       30     1                 HAL_MPU_Disable
 800a398  800a398        0     1                 $d
 800a3a0  800a3a0       40     4         ./Drivers/STM32F4xx_HAL_Driver/Src/stm32f4xx_hal_cortex.o:(.text.HAL_MPU_Enable)
 800a3a0  800a3a0        0     1                 $t
 800a3a1  800a3a1       40     1                 HAL_MPU_Enable
 800a3d8  800a3d8        0     1                 $d
 800a3e0  800a3e0       88     4         ./Drivers/STM32F4xx_HAL_Driver/Src/stm32f4xx_hal_cortex.o:(.text.HAL_MPU_ConfigRegion)
 800a3e0  800a3e0        0     1                 $t
 800a3e1  800a3e1       88     1                 HAL_MPU_ConfigRegion
 800a464  800a464        0     1                 $d
 800a468  800a468        e     2         ./Drivers/STM32F4xx_HAL_Driver/Src/stm32f4xx_hal_cortex.o:(.text.HAL_NVIC_GetPriorityGrouping)
 800a468  800a468        0     1                 $t
 800a469  800a469        e     1                 HAL_NVIC_GetPriorityGrouping
 800a476  800a476       2c     2         ./Drivers/STM32F4xx_HAL_Driver/Src/stm32f4xx_hal_cortex.o:(.text.HAL_NVIC_GetPriority)
 800a476  800a476        0     1                 $t
 800a477  800a477       2c     1                 HAL_NVIC_GetPriority
 800a4a2  800a4a2       1c     2         ./Drivers/STM32F4xx_HAL_Driver/Src/stm32f4xx_hal_cortex.o:(.text.HAL_NVIC_SetPendingIRQ)
 800a4a2  800a4a2        0     1                 $t
 800a4a3  800a4a3       1c     1                 HAL_NVIC_SetPendingIRQ
 800a4be  800a4be       1e     2         ./Drivers/STM32F4xx_HAL_Driver/Src/stm32f4xx_hal_cortex.o:(.text.HAL_NVIC_GetPendingIRQ)
 800a4be  800a4be        0     1                 $t
 800a4bf  800a4bf       1e     1                 HAL_NVIC_GetPendingIRQ
 800a4dc  800a4dc       1c     2         ./Drivers/STM32F4xx_HAL_Driver/Src/stm32f4xx_hal_cortex.o:(.text.HAL_NVIC_ClearPendingIRQ)
 800a4dc  800a4dc        0     1                 $t
 800a4dd  800a4dd       1c     1                 HAL_NVIC_ClearPendingIRQ
 800a4f8  800a4f8       1e     2         ./Drivers/STM32F4xx_HAL_Driver/Src/stm32f4xx_hal_cortex.o:(.text.HAL_NVIC_GetActive)
 800a4f8  800a4f8        0     1                 $t
 800a4f9  800a4f9       1e     1                 HAL_NVIC_GetActive
 800a518  800a518       38     4         ./Drivers/STM32F4xx_HAL_Driver/Src/stm32f4xx_hal_cortex.o:(.text.HAL_SYSTICK_CLKSourceConfig)
 800a518  800a518        0     1                 $t
 800a519  800a519       38     1                 HAL_SYSTICK_CLKSourceConfig
 800a54c  800a54c        0     1                 $d
 800a550  800a550        c     2         ./Drivers/STM32F4xx_HAL_Driver/Src/stm32f4xx_hal_cortex.o:(.text.HAL_SYSTICK_IRQHandler)
 800a550  800a550        0     1                 $t
 800a551  800a551        c     1                 HAL_SYSTICK_IRQHandler
 800a55c  800a55c        e     2         ./Drivers/STM32F4xx_HAL_Driver/Src/stm32f4xx_hal_cortex.o:(.text.HAL_SYSTICK_Callback)
 800a55c  800a55c        0     1                 $t
 800a55d  800a55d        e     1                 HAL_SYSTICK_Callback
 800a56c  800a56c      15c     4         ./Drivers/STM32F4xx_HAL_Driver/Src/stm32f4xx_hal_dma.o:(.text.HAL_DMA_Init)
 800a56c  800a56c        0     1                 $t
 800a56d  800a56d      15c     1                 HAL_DMA_Init
 800a6c4  800a6c4        0     1                 $d
 800a6c8  800a6c8       bc     2         ./Drivers/STM32F4xx_HAL_Driver/Src/stm32f4xx_hal_dma.o:(.text.HAL_DMA_DeInit)
 800a6c8  800a6c8        0     1                 $t
 800a6c9  800a6c9       bc     1                 HAL_DMA_DeInit
 800a784  800a784       76     2         ./Drivers/STM32F4xx_HAL_Driver/Src/stm32f4xx_hal_dma.o:(.text.HAL_DMA_Start)
 800a784  800a784        0     1                 $t
 800a785  800a785       76     1                 HAL_DMA_Start
 800a7fa  800a7fa       b0     2         ./Drivers/STM32F4xx_HAL_Driver/Src/stm32f4xx_hal_dma.o:(.text.HAL_DMA_Start_IT)
 800a7fa  800a7fa        0     1                 $t
 800a7fb  800a7fb       b0     1                 HAL_DMA_Start_IT
 800a8aa  800a8aa       e0     2         ./Drivers/STM32F4xx_HAL_Driver/Src/stm32f4xx_hal_dma.o:(.text.HAL_DMA_Abort)
 800a8aa  800a8aa        0     1                 $t
 800a8ab  800a8ab       e0     1                 HAL_DMA_Abort
 800a98a  800a98a       44     2         ./Drivers/STM32F4xx_HAL_Driver/Src/stm32f4xx_hal_dma.o:(.text.HAL_DMA_Abort_IT)
 800a98a  800a98a        0     1                 $t
 800a98b  800a98b       44     1                 HAL_DMA_Abort_IT
 800a9ce  800a9ce      1be     2         ./Drivers/STM32F4xx_HAL_Driver/Src/stm32f4xx_hal_dma.o:(.text.HAL_DMA_PollForTransfer)
 800a9ce  800a9ce        0     1                 $t
 800a9cf  800a9cf      1be     1                 HAL_DMA_PollForTransfer
 800ab8c  800ab8c      314     4         ./Drivers/STM32F4xx_HAL_Driver/Src/stm32f4xx_hal_dma.o:(.text.HAL_DMA_IRQHandler)
 800ab8c  800ab8c        0     1                 $t
 800ab8d  800ab8d      314     1                 HAL_DMA_IRQHandler
 800add4  800add4        0     1                 $d
 800addc  800addc        0     1                 $t
 800aea0  800aea0       a8     4         ./Drivers/STM32F4xx_HAL_Driver/Src/stm32f4xx_hal_dma.o:(.text.HAL_DMA_RegisterCallback)
 800aea0  800aea0        0     1                 $t
 800aea1  800aea1       a8     1                 HAL_DMA_RegisterCallback
 800aee0  800aee0        0     1                 $d
 800aef8  800aef8        0     1                 $t
 800af48  800af48       d4     4         ./Drivers/STM32F4xx_HAL_Driver/Src/stm32f4xx_hal_dma.o:(.text.HAL_DMA_UnRegisterCallback)
 800af48  800af48        0     1                 $t
 800af49  800af49       d2     1                 HAL_DMA_UnRegisterCallback
 800af88  800af88        0     1                 $d
 800afa4  800afa4        0     1                 $t
[...]
   21ff9    21ff9       52     1         ./Middlewares/ST/STM32_USB_Host_Library/Class/CDC/Src/usbh_cdc.o:(.debug_macro)
   2204b    2204b       71     1         ./Middlewares/ST/STM32_USB_Host_Library/Class/CDC/Src/usbh_cdc.o:(.debug_macro)
   220bc    220bc       1c     1         ./Middlewares/ST/STM32_USB_Host_Library/Class/CDC/Src/usbh_cdc.o:(.debug_macro)
   220d8    220d8      12a     1         ./Middlewares/ST/STM32_USB_Host_Library/Class/CDC/Src/usbh_cdc.o:(.debug_macro)
   22202    22202       10     1         ./Middlewares/ST/STM32_USB_Host_Library/Class/CDC/Src/usbh_cdc.o:(.debug_macro)
   22212    22212       6a     1         ./Middlewares/ST/STM32_USB_Host_Library/Class/CDC/Src/usbh_cdc.o:(.debug_macro)
   2227c    2227c       1c     1         ./Middlewares/ST/STM32_USB_Host_Library/Class/CDC/Src/usbh_cdc.o:(.debug_macro)
   22298    22298       52     1         ./Middlewares/ST/STM32_USB_Host_Library/Class/CDC/Src/usbh_cdc.o:(.debug_macro)
   222ea    222ea       22     1         ./Middlewares/ST/STM32_USB_Host_Library/Class/CDC/Src/usbh_cdc.o:(.debug_macro)
   2230c    2230c       10     1         ./Middlewares/ST/STM32_USB_Host_Library/Class/CDC/Src/usbh_cdc.o:(.debug_macro)
   2231c    2231c       40     1         ./Middlewares/ST/STM32_USB_Host_Library/Class/CDC/Src/usbh_cdc.o:(.debug_macro)
   2235c    2235c       d5     1         ./Middlewares/ST/STM32_USB_Host_Library/Class/CDC/Src/usbh_cdc.o:(.debug_macro)
   22431    22431       1c     1         ./Middlewares/ST/STM32_USB_Host_Library/Class/CDC/Src/usbh_cdc.o:(.debug_macro)
   2244d    2244d       3d     1         ./Middlewares/ST/STM32_USB_Host_Library/Class/CDC/Src/usbh_cdc.o:(.debug_macro)
   2248a    2248a       16     1         ./Middlewares/ST/STM32_USB_Host_Library/Class/CDC/Src/usbh_cdc.o:(.debug_macro)
   224a0    224a0      145     1         ./Middlewares/ST/STM32_USB_Host_Library/Class/CDC/Src/usbh_cdc.o:(.debug_macro)
   225e5    225e5       16     1         ./Middlewares/ST/STM32_USB_Host_Library/Class/CDC/Src/usbh_cdc.o:(.debug_macro)
   225fb    225fb       35     1         ./Middlewares/ST/STM32_USB_Host_Library/Class/CDC/Src/usbh_cdc.o:(.debug_macro)
   22630    22630       16     1         ./Middlewares/ST/STM32_USB_Host_Library/Class/CDC/Src/usbh_cdc.o:(.debug_macro)
   22646    22646       29     1         ./Middlewares/ST/STM32_USB_Host_Library/Class/CDC/Src/usbh_cdc.o:(.debug_macro)
   2266f    2266f       16     1         ./Middlewares/ST/STM32_USB_Host_Library/Class/CDC/Src/usbh_cdc.o:(.debug_macro)
   22685    22685       56     1         ./Middlewares/ST/STM32_USB_Host_Library/Class/CDC/Src/usbh_cdc.o:(.debug_macro)
   226db    226db      190     1         ./Middlewares/ST/STM32_USB_Host_Library/Class/CDC/Src/usbh_cdc.o:(.debug_macro)
   2286b    2286b       73     1         ./Middlewares/ST/STM32_USB_Host_Library/Class/CDC/Src/usbh_cdc.o:(.debug_macro)
   228de    228de      233     1         ./Middlewares/ST/STM32_USB_Host_Library/Class/CDC/Src/usbh_cdc.o:(.debug_macro)
   22b11    22b11       2e     1         ./Middlewares/ST/STM32_USB_Host_Library/Class/CDC/Src/usbh_cdc.o:(.debug_macro)
   22b3f    22b3f       2e     1         ./Middlewares/ST/STM32_USB_Host_Library/Class/CDC/Src/usbh_cdc.o:(.debug_macro)
   22b6d    22b6d       28     1         ./Middlewares/ST/STM32_USB_Host_Library/Class/CDC/Src/usbh_cdc.o:(.debug_macro)
   22b95    22b95      15c     1         ./Middlewares/ST/STM32_USB_Host_Library/Class/CDC/Src/usbh_cdc.o:(.debug_macro)
   22cf1    22cf1      41d     1         ./Middlewares/ST/STM32_USB_Host_Library/Core/Src/usbh_core.o:(.debug_macro)
   2310e    2310e      415     1         ./Middlewares/ST/STM32_USB_Host_Library/Core/Src/usbh_ctlreq.o:(.debug_macro)
   23523    23523       28     1         ./Middlewares/ST/STM32_USB_Host_Library/Core/Src/usbh_ctlreq.o:(.debug_macro)
   2354b    2354b      40f     1         ./Middlewares/ST/STM32_USB_Host_Library/Core/Src/usbh_ioreq.o:(.debug_macro)
   2395a    2395a      40f     1         ./Middlewares/ST/STM32_USB_Host_Library/Core/Src/usbh_pipes.o:(.debug_macro)
   23d69    23d69      418     1         ./USB_HOST/App/usb_host.o:(.debug_macro)
   24181    24181      196     1         ./USB_HOST/App/usb_host.o:(.debug_macro)
   24317    24317      162     1         ./USB_HOST/App/usb_host.o:(.debug_macro)
   24479    24479      41f     1         ./USB_HOST/Target/usbh_conf.o:(.debug_macro)
   24898    24898      1db     1         ./USB_HOST/Target/usbh_platform.o:(.debug_macro)
       0        0     6b2c     4 .debug_frame
       0        0      374     4         ./Drivers/STM32F4xx_HAL_Driver/Src/stm32f4xx_hal.o:(.debug_frame)
     374      374      498     4         ./Drivers/STM32F4xx_HAL_Driver/Src/stm32f4xx_hal_cortex.o:(.debug_frame)
     80c      80c      250     4         ./Drivers/STM32F4xx_HAL_Driver/Src/stm32f4xx_hal_dma.o:(.debug_frame)
     a5c      a5c       ac     4         ./Drivers/STM32F4xx_HAL_Driver/Src/stm32f4xx_hal_dma_ex.o:(.debug_frame)
     b08      b08      174     4         ./Drivers/STM32F4xx_HAL_Driver/Src/stm32f4xx_hal_exti.o:(.debug_frame)
     c7c      c7c      274     4         ./Drivers/STM32F4xx_HAL_Driver/Src/stm32f4xx_hal_flash.o:(.debug_frame)
     ef0      ef0      250     4         ./Drivers/STM32F4xx_HAL_Driver/Src/stm32f4xx_hal_flash_ex.o:(.debug_frame)
    1140     1140      14c     4         ./Drivers/STM32F4xx_HAL_Driver/Src/stm32f4xx_hal_gpio.o:(.debug_frame)
    128c     128c      450     4         ./Drivers/STM32F4xx_HAL_Driver/Src/stm32f4xx_hal_hcd.o:(.debug_frame)
    16dc     16dc      c5c     4         ./Drivers/STM32F4xx_HAL_Driver/Src/stm32f4xx_hal_i2c.o:(.debug_frame)
    2338     2338      484     4         ./Drivers/STM32F4xx_HAL_Driver/Src/stm32f4xx_hal_i2s.o:(.debug_frame)
    27bc     27bc      220     4         ./Drivers/STM32F4xx_HAL_Driver/Src/stm32f4xx_hal_i2s_ex.o:(.debug_frame)
    29dc     29dc      264     4         ./Drivers/STM32F4xx_HAL_Driver/Src/stm32f4xx_hal_pwr.o:(.debug_frame)
    2c40     2c40       dc     4         ./Drivers/STM32F4xx_HAL_Driver/Src/stm32f4xx_hal_pwr_ex.o:(.debug_frame)
    2d1c     2d1c      1f4     4         ./Drivers/STM32F4xx_HAL_Driver/Src/stm32f4xx_hal_rcc.o:(.debug_frame)
    2f10     2f10       f0     4         ./Drivers/STM32F4xx_HAL_Driver/Src/stm32f4xx_hal_rcc_ex.o:(.debug_frame)
    3000     3000      824     4         ./Drivers/STM32F4xx_HAL_Driver/Src/stm32f4xx_hal_spi.o:(.debug_frame)
    3824     3824      92c     4         ./Drivers/STM32F4xx_HAL_Driver/Src/stm32f4xx_hal_uart.o:(.debug_frame)
    4150     4150      7c0     4         ./Drivers/STM32F4xx_HAL_Driver/Src/stm32f4xx_ll_usb.o:(.debug_frame)
    4910     4910      2c0     4         ./Middlewares/ST/STM32_USB_Host_Library/Class/CDC/Src/usbh_cdc.o:(.debug_frame)
    4bd0     4bd0      338     4         ./Middlewares/ST/STM32_USB_Host_Library/Core/Src/usbh_core.o:(.debug_frame)
    4f08     4f08      28c     4         ./Middlewares/ST/STM32_USB_Host_Library/Core/Src/usbh_ctlreq.o:(.debug_frame)
    5194     5194      154     4         ./Middlewares/ST/STM32_USB_Host_Library/Core/Src/usbh_ioreq.o:(.debug_frame)
    52e8     52e8       cc     4         ./Middlewares/ST/STM32_USB_Host_Library/Core/Src/usbh_pipes.o:(.debug_frame)
    53b4     53b4       70     4         ./USB_HOST/App/usb_host.o:(.debug_frame)
    5424     5424      388     4         ./USB_HOST/Target/usbh_conf.o:(.debug_frame)
    57ac     57ac       34     4         ./USB_HOST/Target/usbh_platform.o:(.debug_frame)
    57e0     57e0       20     4         /usr/lib/arm-none-eabi/lib/thumb/v7e-m+fp/hard/libc.a(lib_a-aeabi_memclr.o):(.debug_frame)
    5800     5800       20     4         /usr/lib/arm-none-eabi/lib/thumb/v7e-m+fp/hard/libc.a(lib_a-errno.o):(.debug_frame)
    5820     5820       2c     4         /usr/lib/arm-none-eabi/lib/thumb/v7e-m+fp/hard/libc.a(lib_a-init.o):(.debug_frame)
    584c     584c       30     4         /usr/lib/arm-none-eabi/lib/thumb/v7e-m+fp/hard/libc.a(lib_a-malloc.o):(.debug_frame)
    587c     587c       8c     4         /usr/lib/arm-none-eabi/lib/thumb/v7e-m+fp/hard/libc.a(lib_a-freer.o):(.debug_frame)
    5908     5908       4c     4         /usr/lib/arm-none-eabi/lib/thumb/v7e-m+fp/hard/libc.a(lib_a-mallocr.o):(.debug_frame)
    5954     5954       2c     4         /usr/lib/arm-none-eabi/lib/thumb/v7e-m+fp/hard/libc.a(lib_a-memset.o):(.debug_frame)
    5980     5980       30     4         /usr/lib/arm-none-eabi/lib/thumb/v7e-m+fp/hard/libc.a(lib_a-mlock.o):(.debug_frame)
    59b0     59b0       74     4         /usr/lib/arm-none-eabi/lib/thumb/v7e-m+fp/hard/libc.a(lib_a-printf.o):(.debug_frame)
    5a24     5a24       2c     4         /usr/lib/arm-none-eabi/lib/thumb/v7e-m+fp/hard/libc.a(lib_a-sbrkr.o):(.debug_frame)
    5a50     5a50       64     4         /usr/lib/arm-none-eabi/lib/thumb/v7e-m+fp/hard/libc.a(lib_a-reent.o):(.debug_frame)
    5ab4     5ab4       c8     4         /usr/lib/arm-none-eabi/lib/thumb/v7e-m+fp/hard/libc.a(lib_a-vfprintf.o):(.debug_frame)
    5b7c     5b7c       40     4         /usr/lib/arm-none-eabi/lib/thumb/v7e-m+fp/hard/libc.a(lib_a-localeconv.o):(.debug_frame)
    5bbc     5bbc       68     4         /usr/lib/arm-none-eabi/lib/thumb/v7e-m+fp/hard/libc.a(lib_a-locale.o):(.debug_frame)
    5c24     5c24       68     4         /usr/lib/arm-none-eabi/lib/thumb/v7e-m+fp/hard/libc.a(lib_a-strcmp.o):(.debug_frame)
    5c8c     5c8c       4c     4         /usr/lib/arm-none-eabi/lib/thumb/v7e-m+fp/hard/libc.a(lib_a-mbtowc_r.o):(.debug_frame)
    5cd8     5cd8       dc     4         /usr/lib/arm-none-eabi/lib/thumb/v7e-m+fp/hard/libc.a(lib_a-vfiprintf.o):(.debug_frame)
    5db4     5db4       8c     4         /usr/lib/arm-none-eabi/lib/thumb/v7e-m+fp/hard/libc.a(lib_a-fputwc.o):(.debug_frame)
    5e40     5e40      124     4         /usr/lib/arm-none-eabi/lib/thumb/v7e-m+fp/hard/libc.a(lib_a-findfp.o):(.debug_frame)
    5f64     5f64       54     4         /usr/lib/arm-none-eabi/lib/thumb/v7e-m+fp/hard/libc.a(lib_a-fwalk.o):(.debug_frame)
    5fb8     5fb8       84     4         /usr/lib/arm-none-eabi/lib/thumb/v7e-m+fp/hard/libc.a(lib_a-fclose.o):(.debug_frame)
    603c     603c       80     4         /usr/lib/arm-none-eabi/lib/thumb/v7e-m+fp/hard/libc.a(lib_a-fflush.o):(.debug_frame)
    60bc     60bc       8c     4         /usr/lib/arm-none-eabi/lib/thumb/v7e-m+fp/hard/libc.a(lib_a-stdio.o):(.debug_frame)
    6148     6148       2c     4         /usr/lib/arm-none-eabi/lib/thumb/v7e-m+fp/hard/libc.a(lib_a-readr.o):(.debug_frame)
    6174     6174       2c     4         /usr/lib/arm-none-eabi/lib/thumb/v7e-m+fp/hard/libc.a(lib_a-lseekr.o):(.debug_frame)
    61a0     61a0       2c     4         /usr/lib/arm-none-eabi/lib/thumb/v7e-m+fp/hard/libc.a(lib_a-closer.o):(.debug_frame)
    61cc     61cc       64     4         /usr/lib/arm-none-eabi/lib/thumb/v7e-m+fp/hard/libc.a(lib_a-fvwrite.o):(.debug_frame)
    6230     6230       40     4         /usr/lib/arm-none-eabi/lib/thumb/v7e-m+fp/hard/libc.a(lib_a-memmove.o):(.debug_frame)
    6270     6270       48     4         /usr/lib/arm-none-eabi/lib/thumb/v7e-m+fp/hard/libc.a(lib_a-reallocr.o):(.debug_frame)
    62b8     62b8       dc     4         /usr/lib/arm-none-eabi/lib/thumb/v7e-m+fp/hard/libc.a(lib_a-dtoa.o):(.debug_frame)
    6394     6394      280     4         /usr/lib/arm-none-eabi/lib/thumb/v7e-m+fp/hard/libc.a(lib_a-mprec.o):(.debug_frame)
    6614     6614       28     4         /usr/lib/arm-none-eabi/lib/thumb/v7e-m+fp/hard/libc.a(lib_a-callocr.o):(.debug_frame)
    663c     663c       40     4         /usr/lib/arm-none-eabi/lib/thumb/v7e-m+fp/hard/libc.a(lib_a-assert.o):(.debug_frame)
    667c     667c       70     4         /usr/lib/arm-none-eabi/lib/thumb/v7e-m+fp/hard/libc.a(lib_a-fiprintf.o):(.debug_frame)
    66ec     66ec       28     4         /usr/lib/arm-none-eabi/lib/thumb/v7e-m+fp/hard/libc.a(lib_a-abort.o):(.debug_frame)
    6714     6714      114     4         /usr/lib/arm-none-eabi/lib/thumb/v7e-m+fp/hard/libc.a(lib_a-signal.o):(.debug_frame)
    6828     6828       3c     4         /usr/lib/arm-none-eabi/lib/thumb/v7e-m+fp/hard/libc.a(lib_a-signalr.o):(.debug_frame)
    6864     6864       4c     4         /usr/lib/arm-none-eabi/lib/thumb/v7e-m+fp/hard/libc.a(lib_a-wbuf.o):(.debug_frame)
    68b0     68b0       60     4         /usr/lib/arm-none-eabi/lib/thumb/v7e-m+fp/hard/libc.a(lib_a-wcrtomb.o):(.debug_frame)
    6910     6910       3c     4         /usr/lib/arm-none-eabi/lib/thumb/v7e-m+fp/hard/libc.a(lib_a-wctomb_r.o):(.debug_frame)
    694c     694c       2c     4         /usr/lib/arm-none-eabi/lib/thumb/v7e-m+fp/hard/libc.a(lib_a-writer.o):(.debug_frame)
    6978     6978       2c     4         /usr/lib/arm-none-eabi/lib/thumb/v7e-m+fp/hard/libc.a(lib_a-wsetup.o):(.debug_frame)
    69a4     69a4       70     4         /usr/lib/arm-none-eabi/lib/thumb/v7e-m+fp/hard/libc.a(lib_a-makebuf.o):(.debug_frame)
    6a14     6a14       2c     4         /usr/lib/arm-none-eabi/lib/thumb/v7e-m+fp/hard/libc.a(lib_a-fstatr.o):(.debug_frame)
    6a40     6a40       2c     4         /usr/lib/arm-none-eabi/lib/thumb/v7e-m+fp/hard/libc.a(lib_a-isattyr.o):(.debug_frame)
    6a6c     6a6c       20     4         /usr/lib/arm-none-eabi/lib/thumb/v7e-m+fp/hard/libc.a(lib_a-aeabi_atexit.o):(.debug_frame)
    6a8c     6a8c       20     4         /usr/lib/arm-none-eabi/lib/thumb/v7e-m+fp/hard/libc.a(lib_a-cxa_atexit.o):(.debug_frame)
    6aac     6aac       34     4         /usr/lib/arm-none-eabi/lib/thumb/v7e-m+fp/hard/libc.a(lib_a-__atexit.o):(.debug_frame)
    6ae0     6ae0       20     4         /usr/lib/arm-none-eabi/lib/thumb/v7e-m+fp/hard/libc.a(lib_a-aeabi_memcpy.o):(.debug_frame)
    6b00     6b00       2c     4         /usr/lib/arm-none-eabi/lib/thumb/v7e-m+fp/hard/libc.a(lib_a-memcmp.o):(.debug_frame)
       0        0    13009     1 .debug_loc
       0        0       4a     1         /usr/lib/arm-none-eabi/lib/thumb/v7e-m+fp/hard/libc.a(lib_a-aeabi_memclr.o):(.debug_loc)
      4a       4a       ba     1         /usr/lib/arm-none-eabi/lib/thumb/v7e-m+fp/hard/libc.a(lib_a-init.o):(.debug_loc)
     104      104       64     1         /usr/lib/arm-none-eabi/lib/thumb/v7e-m+fp/hard/libc.a(lib_a-malloc.o):(.debug_loc)
     168      168      6cc     1         /usr/lib/arm-none-eabi/lib/thumb/v7e-m+fp/hard/libc.a(lib_a-freer.o):(.debug_loc)
     834      834      ea2     1         /usr/lib/arm-none-eabi/lib/thumb/v7e-m+fp/hard/libc.a(lib_a-mallocr.o):(.debug_loc)
    16d6     16d6      22c     1         /usr/lib/arm-none-eabi/lib/thumb/v7e-m+fp/hard/libc.a(lib_a-memset.o):(.debug_loc)
    1902     1902       64     1         /usr/lib/arm-none-eabi/lib/thumb/v7e-m+fp/hard/libc.a(lib_a-printf.o):(.debug_loc)
    1966     1966       6c     1         /usr/lib/arm-none-eabi/lib/thumb/v7e-m+fp/hard/libc.a(lib_a-sbrkr.o):(.debug_loc)
    19d2     19d2      23e     1         /usr/lib/arm-none-eabi/lib/thumb/v7e-m+fp/hard/libc.a(lib_a-reent.o):(.debug_loc)
    1c10     1c10     3838     1         /usr/lib/arm-none-eabi/lib/thumb/v7e-m+fp/hard/libc.a(lib_a-vfprintf.o):(.debug_loc)
    5448     5448       6f     1         /usr/lib/arm-none-eabi/lib/thumb/v7e-m+fp/hard/libc.a(lib_a-localeconv.o):(.debug_loc)
    54b7     54b7      27d     1         /usr/lib/arm-none-eabi/lib/thumb/v7e-m+fp/hard/libc.a(lib_a-locale.o):(.debug_loc)
    5734     5734      21d     1         /usr/lib/arm-none-eabi/lib/thumb/v7e-m+fp/hard/libc.a(lib_a-mbtowc_r.o):(.debug_loc)
    5951     5951     23a3     1         /usr/lib/arm-none-eabi/lib/thumb/v7e-m+fp/hard/libc.a(lib_a-vfiprintf.o):(.debug_loc)
    7cf4     7cf4      396     1         /usr/lib/arm-none-eabi/lib/thumb/v7e-m+fp/hard/libc.a(lib_a-fputwc.o):(.debug_loc)
    808a     808a      3cc     1         /usr/lib/arm-none-eabi/lib/thumb/v7e-m+fp/hard/libc.a(lib_a-findfp.o):(.debug_loc)
    8456     8456      1bf     1         /usr/lib/arm-none-eabi/lib/thumb/v7e-m+fp/hard/libc.a(lib_a-fwalk.o):(.debug_loc)
    8615     8615      2f1     1         /usr/lib/arm-none-eabi/lib/thumb/v7e-m+fp/hard/libc.a(lib_a-fclose.o):(.debug_loc)
    8906     8906      441     1         /usr/lib/arm-none-eabi/lib/thumb/v7e-m+fp/hard/libc.a(lib_a-fflush.o):(.debug_loc)
    8d47     8d47      3a0     1         /usr/lib/arm-none-eabi/lib/thumb/v7e-m+fp/hard/libc.a(lib_a-stdio.o):(.debug_loc)
    90e7     90e7       f7     1         /usr/lib/arm-none-eabi/lib/thumb/v7e-m+fp/hard/libc.a(lib_a-readr.o):(.debug_loc)
    91de     91de       f7     1         /usr/lib/arm-none-eabi/lib/thumb/v7e-m+fp/hard/libc.a(lib_a-lseekr.o):(.debug_loc)
    92d5     92d5       6c     1         /usr/lib/arm-none-eabi/lib/thumb/v7e-m+fp/hard/libc.a(lib_a-closer.o):(.debug_loc)
    9341     9341      76c     1         /usr/lib/arm-none-eabi/lib/thumb/v7e-m+fp/hard/libc.a(lib_a-fvwrite.o):(.debug_loc)
    9aad     9aad      34f     1         /usr/lib/arm-none-eabi/lib/thumb/v7e-m+fp/hard/libc.a(lib_a-memmove.o):(.debug_loc)
    9dfc     9dfc     17d9     1         /usr/lib/arm-none-eabi/lib/thumb/v7e-m+fp/hard/libc.a(lib_a-reallocr.o):(.debug_loc)
    b5d5     b5d5     3328     1         /usr/lib/arm-none-eabi/lib/thumb/v7e-m+fp/hard/libc.a(lib_a-dtoa.o):(.debug_loc)
    e8fd     e8fd     2704     1         /usr/lib/arm-none-eabi/lib/thumb/v7e-m+fp/hard/libc.a(lib_a-mprec.o):(.debug_loc)
   11001    11001      2d6     1         /usr/lib/arm-none-eabi/lib/thumb/v7e-m+fp/hard/libc.a(lib_a-callocr.o):(.debug_loc)
   112d7    112d7      185     1         /usr/lib/arm-none-eabi/lib/thumb/v7e-m+fp/hard/libc.a(lib_a-assert.o):(.debug_loc)
   1145c    1145c       a6     1         /usr/lib/arm-none-eabi/lib/thumb/v7e-m+fp/hard/libc.a(lib_a-fiprintf.o):(.debug_loc)
   11502    11502      967     1         /usr/lib/arm-none-eabi/lib/thumb/v7e-m+fp/hard/libc.a(lib_a-signal.o):(.debug_loc)
   11e69    11e69       d0     1         /usr/lib/arm-none-eabi/lib/thumb/v7e-m+fp/hard/libc.a(lib_a-signalr.o):(.debug_loc)
   11f39    11f39      1b0     1         /usr/lib/arm-none-eabi/lib/thumb/v7e-m+fp/hard/libc.a(lib_a-wbuf.o):(.debug_loc)
   120e9    120e9      2b1     1         /usr/lib/arm-none-eabi/lib/thumb/v7e-m+fp/hard/libc.a(lib_a-wcrtomb.o):(.debug_loc)
   1239a    1239a      13a     1         /usr/lib/arm-none-eabi/lib/thumb/v7e-m+fp/hard/libc.a(lib_a-wctomb_r.o):(.debug_loc)
   124d4    124d4       f7     1         /usr/lib/arm-none-eabi/lib/thumb/v7e-m+fp/hard/libc.a(lib_a-writer.o):(.debug_loc)
   125cb    125cb       e7     1         /usr/lib/arm-none-eabi/lib/thumb/v7e-m+fp/hard/libc.a(lib_a-wsetup.o):(.debug_loc)
   126b2    126b2      39f     1         /usr/lib/arm-none-eabi/lib/thumb/v7e-m+fp/hard/libc.a(lib_a-makebuf.o):(.debug_loc)
   12a51    12a51       ab     1         /usr/lib/arm-none-eabi/lib/thumb/v7e-m+fp/hard/libc.a(lib_a-fstatr.o):(.debug_loc)
   12afc    12afc       6c     1         /usr/lib/arm-none-eabi/lib/thumb/v7e-m+fp/hard/libc.a(lib_a-isattyr.o):(.debug_loc)
   12b68    12b68       89     1         /usr/lib/arm-none-eabi/lib/thumb/v7e-m+fp/hard/libc.a(lib_a-aeabi_atexit.o):(.debug_loc)
   12bf1    12bf1       96     1         /usr/lib/arm-none-eabi/lib/thumb/v7e-m+fp/hard/libc.a(lib_a-cxa_atexit.o):(.debug_loc)
   12c87    12c87      138     1         /usr/lib/arm-none-eabi/lib/thumb/v7e-m+fp/hard/libc.a(lib_a-__atexit.o):(.debug_loc)
   12dbf    12dbf       6f     1         /usr/lib/arm-none-eabi/lib/thumb/v7e-m+fp/hard/libc.a(lib_a-aeabi_memcpy.o):(.debug_loc)
   12e2e    12e2e      1db     1         /usr/lib/arm-none-eabi/lib/thumb/v7e-m+fp/hard/libc.a(lib_a-memcmp.o):(.debug_loc)
       0        0     9310     4 .symtab
       0        0     9310     4         <internal>:(.symtab)
       0        0      11d     1 .shstrtab
       0        0      11d     1         <internal>:(.shstrtab)
       0        0     5c3f     1 .strtab
       0        0     5c3f     1         <internal>:(.strtab)
